--------- beginning of main
06-16 12:31:03.197 21030 21030 W sAsyncHandlerTh: type=1400 audit(0.0:22): avc: denied { getattr } for uid=10010 path="/cache/backup" dev="mmcblk0p52" ino=8202 scontext=u:r:priv_app:s0:c512,c768 tcontext=u:object_r:cache_private_backup_file:s0 tclass=dir permissive=0
06-18 03:52:02.977 11864 11864 W CTION_IDLE_MODE: type=1400 audit(0.0:801): avc: denied { read } for uid=10034 name="/" dev="mmcblk0p19" ino=2 scontext=u:r:priv_app:s0:c512,c768 tcontext=u:object_r:firmware_file:s0 tclass=dir permissive=0
--------- beginning of system
06-18 06:38:42.927  2845  2845 I chatty  : uid=1000 system_server expire 27 lines
06-18 06:38:42.928  2845  3941 I chatty  : uid=1000(system) CallAudioModeSt expire 3 lines
06-18 06:38:42.929  2845  3937 I chatty  : uid=1000(system) uteStateMachine expire 8 lines
06-18 06:38:43.071  2845  5978 I chatty  : uid=1000(system) Binder:2845_E expire 5 lines
06-18 06:38:43.278  2845  4464 I chatty  : uid=1000(system) Binder:2845_B expire 7 lines
06-18 06:38:43.294  2845  2868 I chatty  : uid=1000(system) Binder:2845_2 expire 1 line
06-18 06:38:44.148  2845  3883 I chatty  : uid=1000(system) Binder:2845_5 expire 2 lines
06-18 06:38:44.269  2845  2881 I chatty  : uid=1000(system) android.ui expire 1 line
06-18 06:38:49.534  2845  2884 I chatty  : uid=1000(system) batterystats-sy expire 3 lines
06-18 06:40:26.291  4410  4410 W ContextImpl: Calling a method in the system process without a qualified user: android.app.ContextImpl.sendBroadcast:877 android.content.ContextWrapper.sendBroadcast:421 com.cyanogenmod.settings.device.DozePulseAction.action:48 com.cyanogenmod.settings.device.GlanceSensor$1.onTrigger:65 android.hardware.SystemSensorManager$TriggerEventQueue.dispatchSensorEvent:801 
06-18 06:41:44.915  2845  2879 I chatty  : uid=1000(system) android.bg expire 4 lines
06-18 06:41:50.378  2845  4401 I chatty  : uid=1000(system) Binder:2845_8 expire 5 lines
06-18 06:43:05.298  2845  3501 I chatty  : uid=1000(system) Binder:2845_3 expire 4 lines
06-18 06:47:36.824  2845 13489 I chatty  : uid=1000(system) Binder:2845_12 expire 4 lines
06-18 06:49:07.330  2845  2867 I chatty  : uid=1000(system) Binder:2845_1 expire 5 lines
06-18 06:50:38.643  2845  5977 I chatty  : uid=1000(system) Binder:2845_D expire 4 lines
06-18 06:53:34.392  2845  6579 I chatty  : uid=1000(system) Binder:2845_10 expire 1 line
06-18 06:53:39.682  2845  6592 I chatty  : uid=1000(system) Binder:2845_11 expire 4 lines
06-18 06:56:40.701  2845  9572 I chatty  : uid=1000(system) Binder:2845_13 expire 5 lines
06-18 07:08:43.551  2845  5976 I chatty  : uid=1000(system) Binder:2845_C expire 10 lines
06-18 07:09:39.751  2845  2845 I chatty  : uid=1000 system_server expire 11 lines
06-18 07:09:40.623  2845  2868 I chatty  : uid=1000(system) Binder:2845_2 expire 11 lines
06-18 07:09:40.792  2845  2971 I chatty  : uid=1000(system) PowerManagerSer expire 27 lines
06-18 07:09:40.794  2845  2965 I chatty  : uid=1000(system) android.display expire 6 lines
06-18 07:09:41.204  4410  4410 W ContextImpl: Calling a method in the system process without a qualified user: android.app.ContextImpl.sendBroadcast:877 android.content.ContextWrapper.sendBroadcast:421 com.cyanogenmod.settings.device.DozePulseAction.action:48 com.cyanogenmod.settings.device.GlanceSensor$1.onTrigger:65 android.hardware.SystemSensorManager$TriggerEventQueue.dispatchSensorEvent:801 
06-18 07:10:06.881  2845  3501 I chatty  : uid=1000(system) Binder:2845_3 expire 6 lines
06-18 07:10:14.036  2845  2950 I chatty  : uid=1000(system) FileObserver expire 20 lines
06-18 07:10:14.044  2845 29212 I chatty  : uid=1000(system) Binder:2845_15 expire 8 lines
06-18 07:11:44.405  2845  5977 I chatty  : uid=1000(system) Binder:2845_D expire 4 lines
06-18 07:13:14.895  2845  6579 I chatty  : uid=1000(system) Binder:2845_10 expire 7 lines
06-18 07:14:45.394  2845  6592 I chatty  : uid=1000(system) Binder:2845_11 expire 8 lines
06-18 07:16:15.877  2845  6576 I chatty  : uid=1000(system) Binder:2845_F expire 12 lines
06-18 07:17:46.477  2845  4452 I chatty  : uid=1000(system) Binder:2845_A expire 6 lines
06-18 07:20:47.477  2845  4464 I chatty  : uid=1000(system) Binder:2845_B expire 9 lines
06-18 07:22:00.034  2845  2880 I chatty  : uid=1000(system) ActivityManager expire 6 lines
06-18 07:23:49.289  2845 13489 I chatty  : uid=1000(system) Binder:2845_12 expire 12 lines
06-18 07:28:45.339  2845  3385 I chatty  : uid=1000(system) NetworkStats expire 1 line
06-18 07:28:45.506  2845  3525 I chatty  : uid=1000(system) Binder:2845_4 expire 4 lines
06-18 07:29:41.354  2845  2879 I chatty  : uid=1000(system) android.bg expire 1 line
06-18 07:31:21.710  2845  5978 I chatty  : uid=1000(system) Binder:2845_E expire 10 lines
06-18 07:34:22.590  2845  4398 I chatty  : uid=1000(system) Binder:2845_7 expire 4 lines
06-18 07:35:41.000  2845  2884 I chatty  : uid=1000(system) batterystats-sy expire 5 lines
06-18 07:39:06.245   424   429 D VoldCryptCmdListener: cryptfs getpwtype
06-18 07:39:06.247  2845  3383 I chatty  : uid=1000(system) CryptdConnector expire 1 line
06-18 07:39:49.115  2845  2868 I chatty  : uid=1000(system) Binder:2845_2 expire 2 lines
06-18 07:40:24.746  2845  2950 I chatty  : uid=1000(system) FileObserver expire 7 lines
06-18 07:43:25.750  2845  4441 I chatty  : uid=1000(system) Binder:2845_9 expire 10 lines
06-18 07:44:22.428  4410  4410 W ContextImpl: Calling a method in the system process without a qualified user: android.app.ContextImpl.sendBroadcast:877 android.content.ContextWrapper.sendBroadcast:421 com.cyanogenmod.settings.device.DozePulseAction.action:48 com.cyanogenmod.settings.device.GlanceSensor$1.onTrigger:65 android.hardware.SystemSensorManager$TriggerEventQueue.dispatchSensorEvent:801 
06-18 07:44:22.874  2845  3380 I chatty  : uid=1000(system) InputReader expire 1 line
06-18 07:44:22.912  2845  2962 I chatty  : uid=1000(system) android.fg expire 1 line
06-18 07:44:26.694  2845  3956 I chatty  : uid=1000(system) Binder:2845_6 expire 1 line
06-18 07:44:56.063  2845  4401 I chatty  : uid=1000(system) Binder:2845_8 expire 4 lines
06-18 07:49:27.659  2845  2867 I chatty  : uid=1000(system) Binder:2845_1 expire 21 lines
06-18 07:50:58.153  2845  2950 I chatty  : uid=1000(system) FileObserver expire 23 lines
06-18 07:50:58.161  2845 13489 I chatty  : uid=1000(system) Binder:2845_12 expire 6 lines
06-18 07:52:00.005  2845  2845 I chatty  : uid=1000 system_server expire 32 lines
06-18 07:52:00.019  2845  2880 I chatty  : uid=1000(system) ActivityManager expire 10 lines
06-18 07:52:00.032  2845  4398 I chatty  : uid=1000(system) Binder:2845_7 expire 3 lines
06-18 07:52:28.665  2845  5978 I chatty  : uid=1000(system) Binder:2845_E expire 8 lines
06-18 07:53:25.312  2845  2884 I chatty  : uid=1000(system) batterystats-sy expire 3 lines
06-18 07:55:29.389  2845  4464 I chatty  : uid=1000(system) Binder:2845_B expire 8 lines
06-18 07:56:59.888  2845  3956 I chatty  : uid=1000(system) Binder:2845_6 expire 8 lines
06-18 07:57:42.729  2845  2971 I chatty  : uid=1000(system) PowerManagerSer expire 10 lines
06-18 07:57:43.290  2845  2965 I chatty  : uid=1000(system) android.display expire 2 lines
06-18 07:57:43.491  2845  2962 I chatty  : uid=1000(system) android.fg expire 2 lines
06-18 07:57:43.722  2845  2881 I chatty  : uid=1000(system) android.ui expire 1 line
06-18 08:00:00.889  2845  6592 I chatty  : uid=1000(system) Binder:2845_11 expire 4 lines
06-18 08:02:47.081  2845 29212 I chatty  : uid=1000(system) Binder:2845_15 expire 6 lines
06-18 08:02:47.101  2845  2868 I chatty  : uid=1000(system) Binder:2845_2 expire 1 line
06-18 08:03:01.892  2845  4452 I chatty  : uid=1000(system) Binder:2845_A expire 12 lines
06-18 08:03:50.310  2845  2879 I chatty  : uid=1000(system) android.bg expire 2 lines
06-18 08:04:00.297  2845  3394 I chatty  : uid=1000(system) ConnectivitySer expire 1 line
06-18 08:04:06.941  2845  3525 I chatty  : uid=1000(system) Binder:2845_4 expire 1 line
06-18 08:04:51.159  2845  5976 I chatty  : uid=1000(system) Binder:2845_C expire 6 lines
06-18 08:06:03.048  2845  9572 I chatty  : uid=1000(system) Binder:2845_13 expire 8 lines
06-18 08:07:33.482  2845  5977 I chatty  : uid=1000(system) Binder:2845_D expire 5 lines
06-18 08:07:42.878  2845  4401 I chatty  : uid=1000(system) Binder:2845_8 expire 1 line
06-18 08:09:04.093  2845  3883 I chatty  : uid=1000(system) Binder:2845_5 expire 13 lines
06-18 08:15:05.969  2845  6576 I chatty  : uid=1000(system) Binder:2845_F expire 4 lines
06-18 08:22:26.255  2845  3385 I chatty  : uid=1000(system) NetworkStats expire 1 line
06-18 08:22:26.360  2845  4441 I chatty  : uid=1000(system) Binder:2845_9 expire 1 line
06-18 08:24:31.532  2845  3380 I chatty  : uid=1000(system) InputReader expire 2 lines
06-18 08:24:31.605  2845 10124 I chatty  : uid=1000(system) Binder:2845_14 expire 6 lines
06-18 08:24:40.998  2845  4464 I chatty  : uid=1000(system) Binder:2845_B expire 5 lines
06-18 08:24:41.017  2845  4401 I chatty  : uid=1000(system) Binder:2845_8 expire 5 lines
06-18 08:24:41.862  2845  2881 I chatty  : uid=1000(system) android.ui expire 3 lines
06-18 08:24:43.169  2845  2880 I chatty  : uid=1000(system) ActivityManager expire 9 lines
06-18 08:24:49.227  2845 29212 I chatty  : uid=1000(system) Binder:2845_15 expire 5 lines
06-18 08:24:49.235  2845 13489 I chatty  : uid=1000(system) Binder:2845_12 expire 8 lines
06-18 08:24:57.546  2845  4452 I chatty  : uid=1000(system) Binder:2845_A expire 3 lines
06-18 08:25:03.333  2845  6592 I chatty  : uid=1000(system) Binder:2845_11 expire 6 lines
06-18 08:25:27.021  2845  2971 I chatty  : uid=1000(system) PowerManagerSer expire 12 lines
06-18 08:25:31.590  2845  3525 I chatty  : uid=1000(system) Binder:2845_4 expire 3 lines
06-18 08:25:40.610  2845  2950 I chatty  : uid=1000(system) FileObserver expire 4 lines
06-18 08:25:59.208  2845  4398 I chatty  : uid=1000(system) Binder:2845_7 expire 4 lines
06-18 08:26:24.465  2845  5978 I chatty  : uid=1000(system) Binder:2845_E expire 4 lines
06-18 08:26:41.555  2845  6576 I chatty  : uid=1000(system) Binder:2845_F expire 2 lines
06-18 08:27:11.133  2845  3501 I chatty  : uid=1000(system) Binder:2845_3 expire 6 lines
06-18 08:27:12.316  2845  2994 I chatty  : uid=1000(system) PackageManager expire 18 lines
06-18 08:27:12.446  2845  3883 I chatty  : uid=1000(system) Binder:2845_5 expire 10 lines
06-18 08:27:12.501  2845  2845 I chatty  : uid=1000 system_server expire 16 lines
06-18 08:27:12.707  9915  9915 W ContextImpl: Calling a method in the system process without a qualified user: android.app.ContextImpl.startService:1357 android.content.ContextWrapper.startService:613 android.content.ContextWrapper.startService:613 com.android.keychain.KeyChainBroadcastReceiver.onReceive:12 android.app.ActivityThread.handleReceiver:3065 
06-18 08:27:12.772  2845  2879 I chatty  : uid=1000(system) android.bg expire 11 lines
06-18 08:27:13.036  2845  2867 I chatty  : uid=1000(system) Binder:2845_1 expire 2 lines
06-18 08:27:13.165  2845  4441 I chatty  : uid=1000(system) Binder:2845_9 expire 3 lines
06-18 08:27:13.271  2845  3956 I chatty  : uid=1000(system) Binder:2845_6 expire 4 lines
06-18 08:27:14.287  5207  5207 E ActivityThread: Service com.android.email.service.EmailBroadcastProcessorService has leaked ServiceConnection com.android.emailcommon.service.ServiceProxy$ProxyConnection@48ff7b5 that was originally bound here
06-18 08:27:14.287  5207  5207 E ActivityThread: android.app.ServiceConnectionLeaked: Service com.android.email.service.EmailBroadcastProcessorService has leaked ServiceConnection com.android.emailcommon.service.ServiceProxy$ProxyConnection@48ff7b5 that was originally bound here
06-18 08:27:14.287  5207  5207 E ActivityThread: 	at android.app.LoadedApk$ServiceDispatcher.<init>(LoadedApk.java:1336)
06-18 08:27:14.287  5207  5207 E ActivityThread: 	at android.app.LoadedApk.getServiceDispatcher(LoadedApk.java:1231)
06-18 08:27:14.287  5207  5207 E ActivityThread: 	at android.app.ContextImpl.bindServiceCommon(ContextImpl.java:1450)
06-18 08:27:14.287  5207  5207 E ActivityThread: 	at android.app.ContextImpl.bindService(ContextImpl.java:1422)
06-18 08:27:14.287  5207  5207 E ActivityThread: 	at android.content.ContextWrapper.bindService(ContextWrapper.java:636)
06-18 08:27:14.287  5207  5207 E ActivityThread: 	at com.android.emailcommon.service.ServiceProxy.setTask(ServiceProxy.java:238)
06-18 08:27:14.287  5207  5207 E ActivityThread: 	at com.android.emailcommon.service.ServiceProxy.test(ServiceProxy.java:283)
06-18 08:27:14.287  5207  5207 E ActivityThread: 	at com.android.email.service.EmailServiceUtils.isServiceAvailable(EmailServiceUtils.java:160)
06-18 08:27:14.287  5207  5207 E ActivityThread: 	at com.android.email.provider.AccountReconciler.reconcileAccountsInternal(AccountReconciler.java:171)
06-18 08:27:14.287  5207  5207 E ActivityThread: 	at com.android.email.provider.AccountReconciler.reconcileAccounts(AccountReconciler.java:115)
06-18 08:27:14.287  5207  5207 E ActivityThread: 	at com.android.email.service.EmailBroadcastProcessorService.reconcileAndStartServices(EmailBroadcastProcessorService.java:309)
06-18 08:27:14.287  5207  5207 E ActivityThread: 	at com.android.email.service.EmailBroadcastProcessorService.onSystemAccountChanged(EmailBroadcastProcessorService.java:373)
06-18 08:27:14.287  5207  5207 E ActivityThread: 	at com.android.email.service.EmailBroadcastProcessorService.onHandleIntent(EmailBroadcastProcessorService.java:132)
06-18 08:27:14.287  5207  5207 E ActivityThread: 	at android.app.IntentService$ServiceHandler.handleMessage(IntentService.java:68)
06-18 08:27:14.287  5207  5207 E ActivityThread: 	at android.os.Handler.dispatchMessage(Handler.java:102)
06-18 08:27:14.287  5207  5207 E ActivityThread: 	at android.os.Looper.loop(Looper.java:154)
06-18 08:27:14.287  5207  5207 E ActivityThread: 	at android.os.HandlerThread.run(HandlerThread.java:61)
06-18 08:27:14.289  5207  5207 E ActivityThread: Service com.android.email.service.EmailBroadcastProcessorService has leaked ServiceConnection com.android.emailcommon.service.ServiceProxy$ProxyConnection@e1836d8 that was originally bound here
06-18 08:27:14.289  5207  5207 E ActivityThread: android.app.ServiceConnectionLeaked: Service com.android.email.service.EmailBroadcastProcessorService has leaked ServiceConnection com.android.emailcommon.service.ServiceProxy$ProxyConnection@e1836d8 that was originally bound here
06-18 08:27:14.289  5207  5207 E ActivityThread: 	at android.app.LoadedApk$ServiceDispatcher.<init>(LoadedApk.java:1336)
06-18 08:27:14.289  5207  5207 E ActivityThread: 	at android.app.LoadedApk.getServiceDispatcher(LoadedApk.java:1231)
06-18 08:27:14.289  5207  5207 E ActivityThread: 	at android.app.ContextImpl.bindServiceCommon(ContextImpl.java:1450)
06-18 08:27:14.289  5207  5207 E ActivityThread: 	at android.app.ContextImpl.bindService(ContextImpl.java:1422)
06-18 08:27:14.289  5207  5207 E ActivityThread: 	at android.content.ContextWrapper.bindService(ContextWrapper.java:636)
06-18 08:27:14.289  5207  5207 E ActivityThread: 	at com.android.emailcommon.service.ServiceProxy.setTask(ServiceProxy.java:238)
06-18 08:27:14.289  5207  5207 E ActivityThread: 	at com.android.emailcommon.service.ServiceProxy.test(ServiceProxy.java:283)
06-18 08:27:14.289  5207  5207 E ActivityThread: 	at com.android.email.service.EmailServiceUtils.isServiceAvailable(EmailServiceUtils.java:160)
06-18 08:27:14.289  5207  5207 E ActivityThread: 	at com.android.email.provider.AccountReconciler.reconcileAccountsInternal(AccountReconciler.java:171)
06-18 08:27:14.289  5207  5207 E ActivityThread: 	at com.android.email.provider.AccountReconciler.reconcileAccounts(AccountReconciler.java:115)
06-18 08:27:14.289  5207  5207 E ActivityThread: 	at com.android.email.service.EmailBroadcastProcessorService.reconcileAndStartServices(EmailBroadcastProcessorService.java:309)
06-18 08:27:14.289  5207  5207 E ActivityThread: 	at com.android.email.service.EmailBroadcastProcessorService.onSystemAccountChanged(EmailBroadcastProcessorService.java:373)
06-18 08:27:14.289  5207  5207 E ActivityThread: 	at com.android.email.service.EmailBroadcastProcessorService.onHandleIntent(EmailBroadcastProcessorService.java:132)
06-18 08:27:14.289  5207  5207 E ActivityThread: 	at android.app.IntentService$ServiceHandler.handleMessage(IntentService.java:68)
06-18 08:27:14.289  5207  5207 E ActivityThread: 	at android.os.Handler.dispatchMessage(Handler.java:102)
06-18 08:27:14.289  5207  5207 E ActivityThread: 	at android.os.Looper.loop(Looper.java:154)
06-18 08:27:14.289  5207  5207 E ActivityThread: 	at android.os.HandlerThread.run(HandlerThread.java:61)
06-18 08:27:18.726  2845  9572 I chatty  : uid=1000(system) Binder:2845_13 expire 8 lines
06-18 08:27:19.462  2845  6579 I chatty  : uid=1000(system) Binder:2845_10 expire 1 line
06-18 08:27:19.472  2845  5976 I chatty  : uid=1000(system) Binder:2845_C expire 3 lines
06-18 08:28:03.431  2845  3382 I chatty  : uid=1000(system) VoldConnector expire 1 line
06-18 08:28:54.760  2845  2971 I chatty  : uid=1000(system) PowerManagerSer expire 14 lines
06-18 08:28:58.481  2845  3394 I chatty  : uid=1000(system) ConnectivitySer expire 19 lines
06-18 08:31:30.032  2845  2845 I chatty  : uid=1000 system_server expire 48 lines
06-18 08:31:30.904  2845 10124 I chatty  : uid=1000(system) Binder:2845_14 expire 5 lines
06-18 08:31:30.920  2845  6579 I chatty  : uid=1000(system) Binder:2845_10 expire 2 lines
06-18 08:31:30.927  2845 13489 I chatty  : uid=1000(system) Binder:2845_12 expire 4 lines
06-18 08:31:40.058  2845  2879 I chatty  : uid=1000(system) android.bg expire 23 lines
06-18 08:31:48.648  2845  2880 I chatty  : uid=1000(system) ActivityManager expire 4 lines
06-18 08:31:48.769  2845  2994 I chatty  : uid=1000(system) PackageManager expire 4 lines
06-18 08:31:49.209  2845  5977 I chatty  : uid=1000(system) Binder:2845_D expire 2 lines
06-18 08:31:49.257 11201 11201 W ContextImpl: Calling a method in the system process without a qualified user: android.app.ContextImpl.startService:1357 android.content.ContextWrapper.startService:613 android.content.ContextWrapper.startService:613 com.android.keychain.KeyChainBroadcastReceiver.onReceive:12 android.app.ActivityThread.handleReceiver:3065 
06-18 08:31:49.288  2845  4398 I chatty  : uid=1000(system) Binder:2845_7 expire 1 line
06-18 08:31:49.309  2845  3501 I chatty  : uid=1000(system) Binder:2845_3 expire 3 lines
06-18 08:31:49.331  2845  2867 I chatty  : uid=1000(system) Binder:2845_1 expire 5 lines
06-18 08:31:49.508  2845  5976 I chatty  : uid=1000(system) Binder:2845_C expire 4 lines
06-18 08:31:49.524  2845  3525 I chatty  : uid=1000(system) Binder:2845_4 expire 1 line
06-18 08:31:49.898  2845  4441 I chatty  : uid=1000(system) Binder:2845_9 expire 1 line
06-18 08:31:50.026  2845  4464 I chatty  : uid=1000(system) Binder:2845_B expire 1 line
06-18 08:31:50.036  2845  2868 I chatty  : uid=1000(system) Binder:2845_2 expire 2 lines
06-18 08:31:54.270  2845 29212 I chatty  : uid=1000(system) Binder:2845_15 expire 2 lines
06-18 08:31:54.680  2845  4452 I chatty  : uid=1000(system) Binder:2845_A expire 1 line
06-18 08:31:54.689  2845  3956 I chatty  : uid=1000(system) Binder:2845_6 expire 2 lines
06-18 08:32:02.852  2845  2950 I chatty  : uid=1000(system) FileObserver expire 4 lines
06-18 08:32:02.859  2845  5978 I chatty  : uid=1000(system) Binder:2845_E expire 5 lines
06-18 08:32:08.093  2845  3394 I chatty  : uid=1000(system) ConnectivitySer expire 48 lines
06-18 08:32:31.775  2845  2884 I chatty  : uid=1000(system) batterystats-sy expire 4 lines
06-18 08:32:48.148  2845  9572 I chatty  : uid=1000(system) Binder:2845_13 expire 6 lines
06-18 08:34:42.886  2845  6576 I chatty  : uid=1000(system) Binder:2845_F expire 4 lines
06-18 08:36:15.856  2845  2966 I chatty  : uid=1000(system) CpuTracker expire 1 line
06-18 08:36:15.956  2845  6592 I chatty  : uid=1000(system) Binder:2845_11 expire 2 lines
06-18 08:37:01.729  2845  2845 I chatty  : uid=1000 system_server expire 17 lines
06-18 08:37:14.585  2845  3394 I chatty  : uid=1000(system) ConnectivitySer expire 97 lines
06-18 08:37:14.595  2845  2879 I chatty  : uid=1000(system) android.bg expire 34 lines
06-18 08:37:39.808  2845  3525 I chatty  : uid=1000(system) Binder:2845_4 expire 5 lines
06-18 08:37:43.877  2845  2950 I chatty  : uid=1000(system) FileObserver expire 5 lines
06-18 08:37:43.880  2845  4398 I chatty  : uid=1000(system) Binder:2845_7 expire 4 lines
06-18 08:38:54.955  2845  2966 I chatty  : uid=1000(system) CpuTracker expire 5 lines
06-18 08:39:14.385  2845  6576 I chatty  : uid=1000(system) Binder:2845_F expire 4 lines
06-18 08:39:47.534  2845  4464 I chatty  : uid=1000(system) Binder:2845_B expire 1 line
06-18 08:40:19.141  2845 10124 I chatty  : uid=1000(system) Binder:2845_14 expire 3 lines
06-18 08:40:44.903  2845  2867 I chatty  : uid=1000(system) Binder:2845_1 expire 8 lines
06-18 08:41:08.918  2845  6579 I chatty  : uid=1000(system) Binder:2845_10 expire 1 line
06-18 08:41:24.010  2845  4452 I chatty  : uid=1000(system) Binder:2845_A expire 1 line
06-18 08:42:16.217  2845  4401 I chatty  : uid=1000(system) Binder:2845_8 expire 1 line
06-18 08:44:01.147  2845  3883 I chatty  : uid=1000(system) Binder:2845_5 expire 1 line
06-18 08:45:01.192  2845 13489 I chatty  : uid=1000(system) Binder:2845_12 expire 1 line
06-18 08:45:16.445  2845  2971 I chatty  : uid=1000(system) PowerManagerSer expire 1 line
06-18 08:45:17.044  2845  2880 I chatty  : uid=1000(system) ActivityManager expire 1 line
06-18 08:45:17.095  2845  2965 I chatty  : uid=1000(system) android.display expire 1 line
06-18 08:45:17.101  2845  2879 I chatty  : uid=1000(system) android.bg expire 31 lines
06-18 08:45:17.305  2845  2971 I chatty  : uid=1000(system) PowerManagerSer expire 2 lines
06-18 08:45:17.307  2845  2962 I chatty  : uid=1000(system) android.fg expire 1 line
06-18 08:45:17.585  2845  2881 I chatty  : uid=1000(system) android.ui expire 1 line
06-18 08:45:34.939  2845  6576 I chatty  : uid=1000(system) Binder:2845_F expire 2 lines
06-18 08:45:34.939  2845  3394 I chatty  : uid=1000(system) ConnectivitySer expire 87 lines
06-18 08:45:37.175  2845  2950 I chatty  : uid=1000(system) FileObserver expire 5 lines
06-18 08:45:37.182  2845  4441 I chatty  : uid=1000(system) Binder:2845_9 expire 5 lines
06-18 08:45:52.663  2845  4464 I chatty  : uid=1000(system) Binder:2845_B expire 2 lines
06-18 08:47:07.640  2845  2845 I chatty  : uid=1000 system_server expire 39 lines
06-18 08:46:46.065  2845 10124 I chatty  : uid=1000(system) Binder:2845_14 expire 5 lines
06-18 08:47:15.537  2845  2880 I chatty  : uid=1000(system) ActivityManager expire 1 line
06-18 08:47:46.529  2845  6579 I chatty  : uid=1000(system) Binder:2845_10 expire 1 line
06-18 08:48:16.514  2845  3956 I chatty  : uid=1000(system) Binder:2845_6 expire 4 lines
06-18 08:48:19.748  2845  4452 I chatty  : uid=1000(system) Binder:2845_A expire 1 line
06-18 08:49:46.958  2845  5977 I chatty  : uid=1000(system) Binder:2845_D expire 5 lines
06-18 08:49:58.478  2845  3525 I chatty  : uid=1000(system) Binder:2845_4 expire 1 line
06-18 08:51:17.394  2845 29212 I chatty  : uid=1000(system) Binder:2845_15 expire 4 lines
06-18 08:51:18.986  2845  3883 I chatty  : uid=1000(system) Binder:2845_5 expire 4 lines
06-18 08:51:53.551  2845  3394 I chatty  : uid=1000(system) ConnectivitySer expire 93 lines
06-18 08:51:56.018  2845  2879 I chatty  : uid=1000(system) android.bg expire 34 lines
06-18 08:52:00.547  2845  3525 I chatty  : uid=1000(system) Binder:2845_4 expire 1 line
06-18 08:52:22.152  2845  2845 I chatty  : uid=1000 system_server expire 36 lines
06-18 08:52:25.757  2845  2880 I chatty  : uid=1000(system) ActivityManager expire 2 lines
06-18 08:52:47.832  2845  2950 I chatty  : uid=1000(system) FileObserver expire 5 lines
06-18 08:52:47.838  2845  2867 I chatty  : uid=1000(system) Binder:2845_1 expire 4 lines
06-18 08:53:07.426  2845  5976 I chatty  : uid=1000(system) Binder:2845_C expire 1 line
06-18 08:54:18.325  2845  2868 I chatty  : uid=1000(system) Binder:2845_2 expire 8 lines
06-18 08:54:32.928  2845  5978 I chatty  : uid=1000(system) Binder:2845_E expire 6 lines
06-18 08:55:12.989  2845 13489 I chatty  : uid=1000(system) Binder:2845_12 expire 1 line
06-18 08:56:27.988  2845  9572 I chatty  : uid=1000(system) Binder:2845_13 expire 2 lines
06-18 08:57:19.235  2845  4452 I chatty  : uid=1000(system) Binder:2845_A expire 5 lines
06-18 08:57:21.344  2845 29212 I chatty  : uid=1000(system) Binder:2845_15 expire 1 line
06-18 08:57:43.799  2845  3501 I chatty  : uid=1000(system) Binder:2845_3 expire 2 lines
06-18 08:59:55.545  2845  3394 I chatty  : uid=1000(system) ConnectivitySer expire 93 lines
06-18 08:59:56.392  2845  2879 I chatty  : uid=1000(system) android.bg expire 34 lines
06-18 09:00:20.316  2845  2950 I chatty  : uid=1000(system) FileObserver expire 6 lines
06-18 09:00:20.322  2845  6592 I chatty  : uid=1000(system) Binder:2845_11 expire 5 lines
06-18 09:00:23.736  2845  5976 I chatty  : uid=1000(system) Binder:2845_C expire 2 lines
06-18 09:01:33.435  2845  4401 I chatty  : uid=1000(system) Binder:2845_8 expire 2 lines
06-18 09:01:33.539  2845  2845 I chatty  : uid=1000 system_server expire 43 lines
06-18 09:01:33.550  2845  2867 I chatty  : uid=1000(system) Binder:2845_1 expire 1 line
06-18 09:01:33.558  2845  6579 I chatty  : uid=1000(system) Binder:2845_10 expire 1 line
06-18 09:01:33.561  2845  3525 I chatty  : uid=1000(system) Binder:2845_4 expire 1 line
06-18 09:01:33.564  2845 29212 I chatty  : uid=1000(system) Binder:2845_15 expire 1 line
06-18 09:01:33.566  2845  5977 I chatty  : uid=1000(system) Binder:2845_D expire 3 lines
06-18 09:01:33.584  2845 13489 I chatty  : uid=1000(system) Binder:2845_12 expire 2 lines
06-18 09:01:50.748  2845  5978 I chatty  : uid=1000(system) Binder:2845_E expire 4 lines
06-18 09:02:45.004  2845 10124 I chatty  : uid=1000(system) Binder:2845_14 expire 2 lines
06-18 09:03:21.177  2845  4398 I chatty  : uid=1000(system) Binder:2845_7 expire 4 lines
06-18 09:04:52.601  2845  9572 I chatty  : uid=1000(system) Binder:2845_13 expire 4 lines
06-18 09:05:24.738  2845  3883 I chatty  : uid=1000(system) Binder:2845_5 expire 1 line
06-18 09:05:41.150  2845  2884 I chatty  : uid=1000(system) batterystats-sy expire 1 line
06-18 09:06:43.457  2845  4441 I chatty  : uid=1000(system) Binder:2845_9 expire 4 lines
06-18 09:07:53.307  2845  4452 I chatty  : uid=1000(system) Binder:2845_A expire 4 lines
06-18 09:08:04.485  2845  2845 I chatty  : uid=1000 system_server expire 27 lines
06-18 09:08:08.013  2845  4398 I chatty  : uid=1000(system) Binder:2845_7 expire 2 lines
06-18 09:08:08.013  2845  3394 I chatty  : uid=1000(system) ConnectivitySer expire 119 lines
06-18 09:08:08.050  2845  2880 I chatty  : uid=1000(system) ActivityManager expire 2 lines
06-18 09:08:08.109  2845  2879 I chatty  : uid=1000(system) android.bg expire 40 lines
06-18 09:08:22.666  2845  2867 I chatty  : uid=1000(system) Binder:2845_1 expire 5 lines
06-18 09:09:00.035  2845  5977 I chatty  : uid=1000(system) Binder:2845_D expire 1 line
06-18 09:09:23.794  2845  2950 I chatty  : uid=1000(system) FileObserver expire 5 lines
06-18 09:09:23.801  2845  2868 I chatty  : uid=1000(system) Binder:2845_2 expire 5 lines
06-18 09:10:54.300  2845 10124 I chatty  : uid=1000(system) Binder:2845_14 expire 5 lines
06-18 09:10:55.660  2845  4401 I chatty  : uid=1000(system) Binder:2845_8 expire 1 line
06-18 09:12:18.113  2845  6592 I chatty  : uid=1000(system) Binder:2845_11 expire 2 lines
06-18 09:13:14.096  2845 13489 I chatty  : uid=1000(system) Binder:2845_12 expire 5 lines
06-18 09:13:45.930  2845  9572 I chatty  : uid=1000(system) Binder:2845_13 expire 1 line
06-18 09:13:59.548  2845  3501 I chatty  : uid=1000(system) Binder:2845_3 expire 3 lines
06-18 09:15:25.725  2845 29212 I chatty  : uid=1000(system) Binder:2845_15 expire 5 lines
06-18 09:16:25.459  2845  3956 I chatty  : uid=1000(system) Binder:2845_6 expire 6 lines
06-18 09:16:42.381  2845  2879 I chatty  : uid=1000(system) android.bg expire 20 lines
06-18 09:16:44.513  2845  3394 I chatty  : uid=1000(system) ConnectivitySer expire 52 lines
06-18 09:16:51.032  4410  4410 W ContextImpl: Calling a method in the system process without a qualified user: android.app.ContextImpl.sendBroadcast:877 android.content.ContextWrapper.sendBroadcast:421 com.cyanogenmod.settings.device.DozePulseAction.action:48 com.cyanogenmod.settings.device.GlanceSensor$1.onTrigger:65 android.hardware.SystemSensorManager$TriggerEventQueue.dispatchSensorEvent:801 
06-18 09:16:51.047  2845  2971 I chatty  : uid=1000(system) PowerManagerSer expire 12 lines
06-18 09:16:51.049  2845  2965 I chatty  : uid=1000(system) android.display expire 9 lines
06-18 09:16:54.633  2845  4452 I chatty  : uid=1000(system) Binder:2845_A expire 2 lines
06-18 09:16:54.656  2845  3883 I chatty  : uid=1000(system) Binder:2845_5 expire 6 lines
06-18 09:16:56.215  2845  2950 I chatty  : uid=1000(system) FileObserver expire 8 lines
06-18 09:16:56.225  2845  4464 I chatty  : uid=1000(system) Binder:2845_B expire 5 lines
06-18 09:17:04.965  2845  2867 I chatty  : uid=1000(system) Binder:2845_1 expire 1 line
06-18 09:18:24.897  2845  3525 I chatty  : uid=1000(system) Binder:2845_4 expire 1 line
06-18 09:18:26.036  2845  2845 I chatty  : uid=1000 system_server expire 30 lines
06-18 09:18:26.844  2845  3501 I chatty  : uid=1000(system) Binder:2845_3 expire 5 lines
06-18 09:18:36.165  2845  2880 I chatty  : uid=1000(system) ActivityManager expire 7 lines
06-18 09:18:40.998  2845 10124 I chatty  : uid=1000(system) Binder:2845_14 expire 1 line
06-18 09:19:15.816  2845  4398 I chatty  : uid=1000(system) Binder:2845_7 expire 8 lines
06-18 09:19:57.330  2845 13489 I chatty  : uid=1000(system) Binder:2845_12 expire 6 lines
06-18 09:20:43.036  2845  5977 I chatty  : uid=1000(system) Binder:2845_D expire 1 line
06-18 09:21:00.228  4410  4410 W ContextImpl: Calling a method in the system process without a qualified user: android.app.ContextImpl.sendBroadcast:877 android.content.ContextWrapper.sendBroadcast:421 com.cyanogenmod.settings.device.DozePulseAction.action:48 com.cyanogenmod.settings.device.GlanceSensor$1.onTrigger:65 android.hardware.SystemSensorManager$TriggerEventQueue.dispatchSensorEvent:801 
06-18 09:21:09.231  2845  3394 I chatty  : uid=1000(system) ConnectivitySer expire 20 lines
06-18 09:21:10.297  4410  4410 W ContextImpl: Calling a method in the system process without a qualified user: android.app.ContextImpl.sendBroadcast:877 android.content.ContextWrapper.sendBroadcast:421 com.cyanogenmod.settings.device.DozePulseAction.action:48 com.cyanogenmod.settings.device.GlanceSensor$1.onTrigger:65 android.hardware.SystemSensorManager$TriggerEventQueue.dispatchSensorEvent:801 
06-18 09:21:12.562  4410  4410 W ContextImpl: Calling a method in the system process without a qualified user: android.app.ContextImpl.sendBroadcast:877 android.content.ContextWrapper.sendBroadcast:421 com.cyanogenmod.settings.device.DozePulseAction.action:48 com.cyanogenmod.settings.device.ProximitySensor.onSensorChanged:68 android.hardware.SystemSensorManager$SensorEventQueue.dispatchSensorEvent:711 
06-18 09:21:13.318  2845  2868 I chatty  : uid=1000(system) Binder:2845_2 expire 2 lines
06-18 09:21:13.391  2845  5976 I chatty  : uid=1000(system) Binder:2845_C expire 4 lines
06-18 09:21:13.392  2845  2962 I chatty  : uid=1000(system) android.fg expire 3 lines
06-18 09:21:16.339  2845  2879 I chatty  : uid=1000(system) android.bg expire 1 line
06-18 09:21:20.098  3859  3859 D MccTable: updateMccMncConfiguration mccmnc='00000' fromServiceState=true
06-18 09:21:20.099  3859  3859 D MccTable: updateMccMncConfiguration defaultMccMnc=311480
06-18 09:21:20.099  3859  3859 D MccTable: updateMccMncConfiguration: mcc=0, mnc=0
06-18 09:21:20.099  3859  3859 D MccTable: WIFI_COUNTRY_CODE set to 
06-18 09:21:20.249  2845  6579 I chatty  : uid=1000(system) Binder:2845_10 expire 6 lines
06-18 09:21:23.761  2845  4401 I chatty  : uid=1000(system) Binder:2845_8 expire 6 lines
06-18 09:21:23.892  2845  2884 I chatty  : uid=1000(system) batterystats-sy expire 11 lines
06-18 09:21:27.172  2845  2881 I chatty  : uid=1000(system) android.ui expire 1 line
06-18 09:22:09.961  2845  3390 I chatty  : uid=1000(system) WifiStateMachin expire 1 line
06-18 09:22:11.461  2845  9572 I chatty  : uid=1000(system) Binder:2845_13 expire 1 line
06-18 09:22:14.382  2845  6592 I chatty  : uid=1000(system) Binder:2845_11 expire 1 line
06-18 09:22:14.412  2845  4441 I chatty  : uid=1000(system) Binder:2845_9 expire 1 line
06-18 09:22:14.503  2845  3385 I chatty  : uid=1000(system) NetworkStats expire 1 line
06-18 09:28:26.493  4410  4410 W ContextImpl: Calling a method in the system process without a qualified user: android.app.ContextImpl.sendBroadcast:877 android.content.ContextWrapper.sendBroadcast:421 com.cyanogenmod.settings.device.DozePulseAction.action:48 com.cyanogenmod.settings.device.GlanceSensor$1.onTrigger:65 android.hardware.SystemSensorManager$TriggerEventQueue.dispatchSensorEvent:801 
06-18 09:28:26.504  2845  2971 I chatty  : uid=1000(system) PowerManagerSer expire 23 lines
06-18 09:28:30.648  2845  3390 I chatty  : uid=1000(system) WifiStateMachin expire 1 line
06-18 09:28:30.648  2845  3394 I chatty  : uid=1000(system) ConnectivitySer expire 19 lines
06-18 09:28:31.054  2845  6579 I chatty  : uid=1000(system) Binder:2845_10 expire 6 lines
06-18 09:28:31.265  3859  3859 D MccTable: updateMccMncConfiguration mccmnc='311480' fromServiceState=true
06-18 09:28:31.265  3859  3859 D MccTable: updateMccMncConfiguration defaultMccMnc=311480
06-18 09:28:31.265  3859  3859 D MccTable: updateMccMncConfiguration: mcc=311, mnc=480
06-18 09:28:31.266  3859  3859 D MccTable: WIFI_COUNTRY_CODE set to us
06-18 09:28:31.266  2845  4441 I chatty  : uid=1000(system) Binder:2845_9 expire 5 lines
06-18 09:28:31.324  2845  3956 I chatty  : uid=1000(system) Binder:2845_6 expire 7 lines
06-18 09:28:31.490  2845  4452 I chatty  : uid=1000(system) Binder:2845_A expire 2 lines
06-18 09:28:31.541  2845  2868 I chatty  : uid=1000(system) Binder:2845_2 expire 5 lines
06-18 09:28:31.727  2845  4464 I chatty  : uid=1000(system) Binder:2845_B expire 2 lines
06-18 09:28:31.790  2845  6576 I chatty  : uid=1000(system) Binder:2845_F expire 9 lines
06-18 09:28:31.842  2845  2880 I chatty  : uid=1000(system) ActivityManager expire 10 lines
06-18 09:28:31.843  2845  2879 I chatty  : uid=1000(system) android.bg expire 8 lines
06-18 09:28:31.968  2845  9572 I chatty  : uid=1000(system) Binder:2845_13 expire 2 lines
06-18 09:28:32.685  2845  3883 I chatty  : uid=1000(system) Binder:2845_5 expire 5 lines
06-18 09:28:33.532  2845  4401 I chatty  : uid=1000(system) Binder:2845_8 expire 6 lines
06-18 09:28:34.457  2845  2884 I chatty  : uid=1000(system) batterystats-sy expire 1 line
06-18 09:28:34.938  2845  5978 I chatty  : uid=1000(system) Binder:2845_E expire 2 lines
06-18 09:28:34.978  2845 29212 I chatty  : uid=1000(system) Binder:2845_15 expire 7 lines
06-18 09:28:35.927 19605 19666 E ActivityThread: Failed to find provider info for com.facebook.katana.provider.AttributionIdProvider
06-18 09:28:36.304  2845  4398 I chatty  : uid=1000(system) Binder:2845_7 expire 4 lines
06-18 09:28:58.034  3859  3859 D MccTable: updateMccMncConfiguration mccmnc='31000' fromServiceState=true
06-18 09:28:58.035  3859  3859 D MccTable: updateMccMncConfiguration defaultMccMnc=311480
06-18 09:28:58.035  3859  3859 D MccTable: updateMccMncConfiguration: mcc=310, mnc=0
06-18 09:28:58.035  3859  3859 D MccTable: WIFI_COUNTRY_CODE set to us
06-18 09:29:02.340  2845  2950 I chatty  : uid=1000(system) FileObserver expire 3 lines
06-18 09:29:02.343  2845 13489 I chatty  : uid=1000(system) Binder:2845_12 expire 7 lines
06-18 09:29:02.371  2845  2845 I chatty  : uid=1000 system_server expire 10 lines
06-18 09:29:03.429  2845  2971 I chatty  : uid=1000(system) PowerManagerSer expire 38 lines
06-18 09:29:03.511  2845  3394 I chatty  : uid=1000(system) ConnectivitySer expire 3 lines
06-18 09:29:35.330  2845  2881 I chatty  : uid=1000(system) android.ui expire 1 line
06-18 09:30:04.302  2845 10124 I chatty  : uid=1000(system) Binder:2845_14 expire 5 lines
06-18 09:30:05.576  2845  2994 I chatty  : uid=1000(system) PackageManager expire 19 lines
06-18 09:30:05.917 20004 20004 W ContextImpl: Calling a method in the system process without a qualified user: android.app.ContextImpl.startService:1357 android.content.ContextWrapper.startService:613 android.content.ContextWrapper.startService:613 com.android.keychain.KeyChainBroadcastReceiver.onReceive:12 android.app.ActivityThread.handleReceiver:3065 
06-18 09:30:06.402  2845  3525 I chatty  : uid=1000(system) Binder:2845_4 expire 3 lines
06-18 09:30:07.325  5207  5207 E ActivityThread: Service com.android.email.service.EmailBroadcastProcessorService has leaked ServiceConnection com.android.emailcommon.service.ServiceProxy$ProxyConnection@b67ab4 that was originally bound here
06-18 09:30:07.325  5207  5207 E ActivityThread: android.app.ServiceConnectionLeaked: Service com.android.email.service.EmailBroadcastProcessorService has leaked ServiceConnection com.android.emailcommon.service.ServiceProxy$ProxyConnection@b67ab4 that was originally bound here
06-18 09:30:07.325  5207  5207 E ActivityThread: 	at android.app.LoadedApk$ServiceDispatcher.<init>(LoadedApk.java:1336)
06-18 09:30:07.325  5207  5207 E ActivityThread: 	at android.app.LoadedApk.getServiceDispatcher(LoadedApk.java:1231)
06-18 09:30:07.325  5207  5207 E ActivityThread: 	at android.app.ContextImpl.bindServiceCommon(ContextImpl.java:1450)
06-18 09:30:07.325  5207  5207 E ActivityThread: 	at android.app.ContextImpl.bindService(ContextImpl.java:1422)
06-18 09:30:07.325  5207  5207 E ActivityThread: 	at android.content.ContextWrapper.bindService(ContextWrapper.java:636)
06-18 09:30:07.325  5207  5207 E ActivityThread: 	at com.android.emailcommon.service.ServiceProxy.setTask(ServiceProxy.java:238)
06-18 09:30:07.325  5207  5207 E ActivityThread: 	at com.android.emailcommon.service.ServiceProxy.test(ServiceProxy.java:283)
06-18 09:30:07.325  5207  5207 E ActivityThread: 	at com.android.email.service.EmailServiceUtils.isServiceAvailable(EmailServiceUtils.java:160)
06-18 09:30:07.325  5207  5207 E ActivityThread: 	at com.android.email.provider.AccountReconciler.reconcileAccountsInternal(AccountReconciler.java:171)
06-18 09:30:07.325  5207  5207 E ActivityThread: 	at com.android.email.provider.AccountReconciler.reconcileAccounts(AccountReconciler.java:115)
06-18 09:30:07.325  5207  5207 E ActivityThread: 	at com.android.email.service.EmailBroadcastProcessorService.reconcileAndStartServices(EmailBroadcastProcessorService.java:309)
06-18 09:30:07.325  5207  5207 E ActivityThread: 	at com.android.email.service.EmailBroadcastProcessorService.onSystemAccountChanged(EmailBroadcastProcessorService.java:373)
06-18 09:30:07.325  5207  5207 E ActivityThread: 	at com.android.email.service.EmailBroadcastProcessorService.onHandleIntent(EmailBroadcastProcessorService.java:132)
06-18 09:30:07.325  5207  5207 E ActivityThread: 	at android.app.IntentService$ServiceHandler.handleMessage(IntentService.java:68)
06-18 09:30:07.325  5207  5207 E ActivityThread: 	at android.os.Handler.dispatchMessage(Handler.java:102)
06-18 09:30:07.325  5207  5207 E ActivityThread: 	at android.os.Looper.loop(Looper.java:154)
06-18 09:30:07.325  5207  5207 E ActivityThread: 	at android.os.HandlerThread.run(HandlerThread.java:61)
06-18 09:30:07.331  5207  5207 E ActivityThread: Service com.android.email.service.EmailBroadcastProcessorService has leaked ServiceConnection com.android.emailcommon.service.ServiceProxy$ProxyConnection@4091923 that was originally bound here
06-18 09:30:07.331  5207  5207 E ActivityThread: android.app.ServiceConnectionLeaked: Service com.android.email.service.EmailBroadcastProcessorService has leaked ServiceConnection com.android.emailcommon.service.ServiceProxy$ProxyConnection@4091923 that was originally bound here
06-18 09:30:07.331  5207  5207 E ActivityThread: 	at android.app.LoadedApk$ServiceDispatcher.<init>(LoadedApk.java:1336)
06-18 09:30:07.331  5207  5207 E ActivityThread: 	at android.app.LoadedApk.getServiceDispatcher(LoadedApk.java:1231)
06-18 09:30:07.331  5207  5207 E ActivityThread: 	at android.app.ContextImpl.bindServiceCommon(ContextImpl.java:1450)
06-18 09:30:07.331  5207  5207 E ActivityThread: 	at android.app.ContextImpl.bindService(ContextImpl.java:1422)
06-18 09:30:07.331  5207  5207 E ActivityThread: 	at android.content.ContextWrapper.bindService(ContextWrapper.java:636)
06-18 09:30:07.331  5207  5207 E ActivityThread: 	at com.android.emailcommon.service.ServiceProxy.setTask(ServiceProxy.java:238)
06-18 09:30:07.331  5207  5207 E ActivityThread: 	at com.android.emailcommon.service.ServiceProxy.test(ServiceProxy.java:283)
06-18 09:30:07.331  5207  5207 E ActivityThread: 	at com.android.email.service.EmailServiceUtils.isServiceAvailable(EmailServiceUtils.java:160)
06-18 09:30:07.331  5207  5207 E ActivityThread: 	at com.android.email.provider.AccountReconciler.reconcileAccountsInternal(AccountReconciler.java:171)
06-18 09:30:07.331  5207  5207 E ActivityThread: 	at com.android.email.provider.AccountReconciler.reconcileAccounts(AccountReconciler.java:115)
06-18 09:30:07.331  5207  5207 E ActivityThread: 	at com.android.email.service.EmailBroadcastProcessorService.reconcileAndStartServices(EmailBroadcastProcessorService.java:309)
06-18 09:30:07.331  5207  5207 E ActivityThread: 	at com.android.email.service.EmailBroadcastProcessorService.onSystemAccountChanged(EmailBroadcastProcessorService.java:373)
06-18 09:30:07.331  5207  5207 E ActivityThread: 	at com.android.email.service.EmailBroadcastProcessorService.onHandleIntent(EmailBroadcastProcessorService.java:132)
06-18 09:30:07.331  5207  5207 E ActivityThread: 	at android.app.IntentService$ServiceHandler.handleMessage(IntentService.java:68)
06-18 09:30:07.331  5207  5207 E ActivityThread: 	at android.os.Handler.dispatchMessage(Handler.java:102)
06-18 09:30:07.331  5207  5207 E ActivityThread: 	at android.os.Looper.loop(Looper.java:154)
06-18 09:30:07.331  5207  5207 E ActivityThread: 	at android.os.HandlerThread.run(HandlerThread.java:61)
06-18 09:30:08.706  2845  6592 I chatty  : uid=1000(system) Binder:2845_11 expire 2 lines
06-18 09:30:09.194  2845  2971 I chatty  : uid=1000(system) PowerManagerSer expire 12 lines
06-18 09:30:30.949  2845  2880 I chatty  : uid=1000(system) ActivityManager expire 7 lines
06-18 09:30:30.975  2845  3501 I chatty  : uid=1000(system) Binder:2845_3 expire 1 line
06-18 09:30:31.333  2845  5977 I chatty  : uid=1000(system) Binder:2845_D expire 1 line
06-18 09:30:31.645 20328 20381 E ActivityThread: Failed to find provider info for com.facebook.katana.provider.AttributionIdProvider
06-18 09:30:33.774  2845  2867 I chatty  : uid=1000(system) Binder:2845_1 expire 2 lines
06-18 09:30:34.614  2845  2845 I chatty  : uid=1000 system_server expire 3 lines
06-18 09:30:35.306  2845  2971 I chatty  : uid=1000(system) PowerManagerSer expire 24 lines
06-18 09:32:14.997  2845  3382 I chatty  : uid=1000(system) VoldConnector expire 1 line
06-18 09:32:24.117  2845  6579 I chatty  : uid=1000(system) Binder:2845_10 expire 5 lines
06-18 09:32:27.493  2845  2879 I chatty  : uid=1000(system) android.bg expire 1 line
06-18 09:32:27.528  2845  4398 I chatty  : uid=1000(system) Binder:2845_7 expire 3 lines
06-18 09:32:28.120  2845 10124 I chatty  : uid=1000(system) Binder:2845_14 expire 1 line
06-18 09:32:30.267  2845  2867 I chatty  : uid=1000(system) Binder:2845_1 expire 4 lines
06-18 09:32:30.276  2845  2868 I chatty  : uid=1000(system) Binder:2845_2 expire 8 lines
06-18 09:32:32.913  2845  2971 I chatty  : uid=1000(system) PowerManagerSer expire 52 lines
06-18 09:32:47.937  2845  5977 I chatty  : uid=1000(system) Binder:2845_D expire 5 lines
06-18 09:32:47.960  2845  3501 I chatty  : uid=1000(system) Binder:2845_3 expire 5 lines
06-18 09:32:47.969  2845  4464 I chatty  : uid=1000(system) Binder:2845_B expire 3 lines
06-18 09:32:52.662  2845  2881 I chatty  : uid=1000(system) android.ui expire 5 lines
06-18 09:32:53.732  2845  2965 I chatty  : uid=1000(system) android.display expire 2 lines
06-18 09:33:01.460  2845  4401 I chatty  : uid=1000(system) Binder:2845_8 expire 8 lines
06-18 09:33:04.983  2845 29212 I chatty  : uid=1000(system) Binder:2845_15 expire 9 lines
06-18 09:33:05.013  2845  5976 I chatty  : uid=1000(system) Binder:2845_C expire 1 line
06-18 09:33:09.828  2845  3883 I chatty  : uid=1000(system) Binder:2845_5 expire 6 lines
06-18 09:33:11.422  2845  6576 I chatty  : uid=1000(system) Binder:2845_F expire 6 lines
06-18 09:33:21.175  2845  2880 I chatty  : uid=1000(system) ActivityManager expire 9 lines
06-18 09:33:25.276  2845  4452 I chatty  : uid=1000(system) Binder:2845_A expire 9 lines
06-18 09:33:29.836  2845  3525 I chatty  : uid=1000(system) Binder:2845_4 expire 7 lines
06-18 09:33:29.994  2845 13489 I chatty  : uid=1000(system) Binder:2845_12 expire 1 line
06-18 09:33:33.801  2845  2950 I chatty  : uid=1000(system) FileObserver expire 8 lines
06-18 09:33:46.078  2845  3380 I chatty  : uid=1000(system) InputReader expire 1 line
06-18 09:33:46.920  2845  2962 I chatty  : uid=1000(system) android.fg expire 1 line
06-18 09:33:56.036  4410  4410 W ContextImpl: Calling a method in the system process without a qualified user: android.app.ContextImpl.sendBroadcast:877 android.content.ContextWrapper.sendBroadcast:421 com.cyanogenmod.settings.device.DozePulseAction.action:48 com.cyanogenmod.settings.device.GlanceSensor$1.onTrigger:65 android.hardware.SystemSensorManager$TriggerEventQueue.dispatchSensorEvent:801 
06-18 09:34:27.069  2845  3394 I chatty  : uid=1000(system) ConnectivitySer expire 16 lines
06-18 09:34:27.356  2845  2884 I chatty  : uid=1000(system) batterystats-sy expire 2 lines
06-18 09:34:42.212  2845  2845 I chatty  : uid=1000 system_server expire 12 lines
06-18 09:35:08.094  2845  5978 I chatty  : uid=1000(system) Binder:2845_E expire 2 lines
06-18 09:35:08.105  2845  3956 I chatty  : uid=1000(system) Binder:2845_6 expire 1 line
06-18 09:35:08.106  2845  9572 I chatty  : uid=1000(system) Binder:2845_13 expire 1 line
06-18 09:35:14.990  2845  6592 I chatty  : uid=1000(system) Binder:2845_11 expire 4 lines
06-18 09:35:15.771  3859  3859 D MccTable: updateMccMncConfiguration mccmnc='311480' fromServiceState=true
06-18 09:35:15.772  3859  3859 D MccTable: updateMccMncConfiguration defaultMccMnc=311480
06-18 09:35:15.772  3859  3859 D MccTable: updateMccMncConfiguration: mcc=311, mnc=480
06-18 09:35:15.772  3859  3859 D MccTable: WIFI_COUNTRY_CODE set to us
06-18 09:35:15.772  2845 21385 I chatty  : uid=1000(system) Binder:2845_16 expire 2 lines
06-18 09:35:16.684  2845  3394 I chatty  : uid=1000(system) ConnectivitySer expire 28 lines
06-18 09:35:25.286  4410  4410 W ContextImpl: Calling a method in the system process without a qualified user: android.app.ContextImpl.sendBroadcast:877 android.content.ContextWrapper.sendBroadcast:421 com.cyanogenmod.settings.device.DozePulseAction.action:48 com.cyanogenmod.settings.device.GlanceSensor$1.onTrigger:65 android.hardware.SystemSensorManager$TriggerEventQueue.dispatchSensorEvent:801 
06-18 09:38:00.729  4410  4410 W ContextImpl: Calling a method in the system process without a qualified user: android.app.ContextImpl.sendBroadcast:877 android.content.ContextWrapper.sendBroadcast:421 com.cyanogenmod.settings.device.DozePulseAction.action:48 com.cyanogenmod.settings.device.GlanceSensor$1.onTrigger:65 android.hardware.SystemSensorManager$TriggerEventQueue.dispatchSensorEvent:801 
06-18 09:38:06.199  2845 21595 I chatty  : uid=1000(system) Binder:2845_18 expire 4 lines
06-18 09:42:46.179  3859  3859 D MccTable: updateMccMncConfiguration mccmnc='00000' fromServiceState=true
06-18 09:42:46.181  3859  3859 D MccTable: updateMccMncConfiguration defaultMccMnc=311480
06-18 09:42:46.181  3859  3859 D MccTable: updateMccMncConfiguration: mcc=0, mnc=0
06-18 09:42:46.181  3859  3859 D MccTable: WIFI_COUNTRY_CODE set to 
06-18 09:42:58.944  3859  3859 D MccTable: updateMccMncConfiguration mccmnc='31000' fromServiceState=true
06-18 09:42:58.946  3859  3859 D MccTable: updateMccMncConfiguration defaultMccMnc=311480
06-18 09:42:58.946  3859  3859 D MccTable: updateMccMncConfiguration: mcc=310, mnc=0
06-18 09:42:58.946  3859  3859 D MccTable: WIFI_COUNTRY_CODE set to us
06-18 09:42:58.946  2845 21596 I chatty  : uid=1000(system) Binder:2845_19 expire 2 lines
06-18 09:43:01.146  2845  2845 I chatty  : uid=1000 system_server expire 20 lines
06-18 09:43:08.218  2845 21594 I chatty  : uid=1000(system) Binder:2845_17 expire 7 lines
06-18 09:44:33.376  2845  2845 I chatty  : uid=1000 system_server expire 4 lines
06-18 09:45:40.491  2845  2950 I chatty  : uid=1000(system) FileObserver expire 25 lines
06-18 09:45:40.498  2845  3525 I chatty  : uid=1000(system) Binder:2845_4 expire 4 lines
06-18 09:46:00.161  3859  3859 D MccTable: updateMccMncConfiguration mccmnc='00000' fromServiceState=true
06-18 09:46:00.162  3859  3859 D MccTable: updateMccMncConfiguration defaultMccMnc=311480
06-18 09:46:00.162  3859  3859 D MccTable: updateMccMncConfiguration: mcc=0, mnc=0
06-18 09:46:00.162  3859  3859 D MccTable: WIFI_COUNTRY_CODE set to 
06-18 09:46:00.162  2845  3956 I chatty  : uid=1000(system) Binder:2845_6 expire 6 lines
06-18 09:46:00.274  2845  4398 I chatty  : uid=1000(system) Binder:2845_7 expire 2 lines
06-18 09:46:00.410  2845  5976 I chatty  : uid=1000(system) Binder:2845_C expire 7 lines
06-18 09:46:01.575  3859  3859 D MccTable: updateMccMncConfiguration mccmnc='31000' fromServiceState=true
06-18 09:46:01.577  3859  3859 D MccTable: updateMccMncConfiguration defaultMccMnc=311480
06-18 09:46:01.577  3859  3859 D MccTable: updateMccMncConfiguration: mcc=310, mnc=0
