06-19 04:47:07.664 22360 22360 F DEBUG   : 
06-19 04:47:07.664 22360 22360 F DEBUG   : backtrace:
06-19 04:47:07.664 22360 22360 F DEBUG   :     #00 pc 0004a5f4  /system/lib/libc.so (tgkill+12)
06-19 04:47:07.664 22360 22360 F DEBUG   :     #01 pc 00047d93  /system/lib/libc.so (pthread_kill+34)
06-19 04:47:07.664 22360 22360 F DEBUG   :     #02 pc 0001d5f5  /system/lib/libc.so (raise+10)
06-19 04:47:07.664 22360 22360 F DEBUG   :     #03 pc 00019141  /system/lib/libc.so (__libc_android_abort+34)
06-19 04:47:07.664 22360 22360 F DEBUG   :     #04 pc 000171a8  /system/lib/libc.so (abort+4)
06-19 04:47:07.664 22360 22360 F DEBUG   :     #05 pc 0000f11d  /system/lib/libnfc_nci_jni.so
06-19 04:47:07.664 22360 22360 F DEBUG   :     #06 pc 001c7477  /data/dalvik-cache/arm/system@app@NfcNci@NfcNci.apk@classes.dex (offset 0x1ab000)
06-19 04:47:07.903  2845 21595 I chatty  : uid=1000(system) Binder:2845_18 expire 8 lines
06-19 04:48:38.086 22365 22386 F libc    : Fatal signal 6 (SIGABRT), code -6 in tid 22386 (enableInternal)
06-19 04:48:38.169 22398 22398 F DEBUG   : *** *** *** *** *** *** *** *** *** *** *** *** *** *** *** ***
06-19 04:48:38.169 22398 22398 F DEBUG   : LineageOS Version: '14.1-20170813-UNOFFICIAL-potter'
06-19 04:48:38.169 22398 22398 F DEBUG   : Build fingerprint: 'motorola/potter/potter:7.0/NPN25.137-67/75:user/release-keys'
06-19 04:48:38.169 22398 22398 F DEBUG   : Revision: '0'
06-19 04:48:38.169 22398 22398 F DEBUG   : ABI: 'arm'
06-19 04:48:38.169 22398 22398 F DEBUG   : pid: 22365, tid: 22386, name: enableInternal  >>> com.android.nfc <<<
06-19 04:48:38.169 22398 22398 F DEBUG   : signal 6 (SIGABRT), code -6 (SI_TKILL), fault addr --------
06-19 04:48:38.170 22398 22398 F DEBUG   :     r0 00000000  r1 00005772  r2 00000006  r3 00000008
06-19 04:48:38.170 22398 22398 F DEBUG   :     r4 9395a978  r5 00000006  r6 9395a920  r7 0000010c
06-19 04:48:38.170 22398 22398 F DEBUG   :     r8 9395a3b0  r9 a4e1bc00  sl a4e1bc8c  fp 9395a0dc
06-19 04:48:38.170 22398 22398 F DEBUG   :     ip 0000006e  sp 9395a008  lr abe2ed97  pc abe315f4  cpsr 200f0010
06-19 04:48:38.182 22398 22398 F DEBUG   : 
06-19 04:48:38.182 22398 22398 F DEBUG   : backtrace:
06-19 04:48:38.182 22398 22398 F DEBUG   :     #00 pc 0004a5f4  /system/lib/libc.so (tgkill+12)
06-19 04:48:38.182 22398 22398 F DEBUG   :     #01 pc 00047d93  /system/lib/libc.so (pthread_kill+34)
06-19 04:48:38.182 22398 22398 F DEBUG   :     #02 pc 0001d5f5  /system/lib/libc.so (raise+10)
06-19 04:48:38.182 22398 22398 F DEBUG   :     #03 pc 00019141  /system/lib/libc.so (__libc_android_abort+34)
06-19 04:48:38.183 22398 22398 F DEBUG   :     #04 pc 000171a8  /system/lib/libc.so (abort+4)
06-19 04:48:38.183 22398 22398 F DEBUG   :     #05 pc 0000f11d  /system/lib/libnfc_nci_jni.so
06-19 04:48:38.183 22398 22398 F DEBUG   :     #06 pc 001c7477  /data/dalvik-cache/arm/system@app@NfcNci@NfcNci.apk@classes.dex (offset 0x1ab000)
06-19 04:50:08.585 22403 22424 F libc    : Fatal signal 6 (SIGABRT), code -6 in tid 22424 (enableInternal)
06-19 04:50:08.618 22435 22435 F DEBUG   : *** *** *** *** *** *** *** *** *** *** *** *** *** *** *** ***
06-19 04:50:08.618 22435 22435 F DEBUG   : LineageOS Version: '14.1-20170813-UNOFFICIAL-potter'
06-19 04:50:08.618 22435 22435 F DEBUG   : Build fingerprint: 'motorola/potter/potter:7.0/NPN25.137-67/75:user/release-keys'
06-19 04:50:08.618 22435 22435 F DEBUG   : Revision: '0'
06-19 04:50:08.618 22435 22435 F DEBUG   : ABI: 'arm'
06-19 04:50:08.618 22435 22435 F DEBUG   : pid: 22403, tid: 22424, name: enableInternal  >>> com.android.nfc <<<
06-19 04:50:08.618 22435 22435 F DEBUG   : signal 6 (SIGABRT), code -6 (SI_TKILL), fault addr --------
06-19 04:50:08.618 22435 22435 F DEBUG   :     r0 00000000  r1 00005798  r2 00000006  r3 00000008
06-19 04:50:08.618 22435 22435 F DEBUG   :     r4 9395a978  r5 00000006  r6 9395a920  r7 0000010c
06-19 04:50:08.618 22435 22435 F DEBUG   :     r8 9395a3b0  r9 a4e1bc00  sl a4e1bc8c  fp 9395a0dc
06-19 04:50:08.618 22435 22435 F DEBUG   :     ip 0000006e  sp 9395a008  lr abe2ed97  pc abe315f4  cpsr 200f0010
06-19 04:50:08.622 22435 22435 F DEBUG   : 
06-19 04:50:08.622 22435 22435 F DEBUG   : backtrace:
06-19 04:50:08.622 22435 22435 F DEBUG   :     #00 pc 0004a5f4  /system/lib/libc.so (tgkill+12)
06-19 04:50:08.622 22435 22435 F DEBUG   :     #01 pc 00047d93  /system/lib/libc.so (pthread_kill+34)
06-19 04:50:08.622 22435 22435 F DEBUG   :     #02 pc 0001d5f5  /system/lib/libc.so (raise+10)
06-19 04:50:08.622 22435 22435 F DEBUG   :     #03 pc 00019141  /system/lib/libc.so (__libc_android_abort+34)
06-19 04:50:08.622 22435 22435 F DEBUG   :     #04 pc 000171a8  /system/lib/libc.so (abort+4)
06-19 04:50:08.622 22435 22435 F DEBUG   :     #05 pc 0000f11d  /system/lib/libnfc_nci_jni.so
06-19 04:50:08.622 22435 22435 F DEBUG   :     #06 pc 001c7477  /data/dalvik-cache/arm/system@app@NfcNci@NfcNci.apk@classes.dex (offset 0x1ab000)
06-19 04:50:08.858  2845  5976 I chatty  : uid=1000(system) Binder:2845_C expire 4 lines
06-19 04:51:39.027 22440 22461 F libc    : Fatal signal 6 (SIGABRT), code -6 in tid 22461 (enableInternal)
06-19 04:51:39.109 22471 22471 F DEBUG   : *** *** *** *** *** *** *** *** *** *** *** *** *** *** *** ***
06-19 04:51:39.110 22471 22471 F DEBUG   : LineageOS Version: '14.1-20170813-UNOFFICIAL-potter'
06-19 04:51:39.110 22471 22471 F DEBUG   : Build fingerprint: 'motorola/potter/potter:7.0/NPN25.137-67/75:user/release-keys'
06-19 04:51:39.110 22471 22471 F DEBUG   : Revision: '0'
06-19 04:51:39.110 22471 22471 F DEBUG   : ABI: 'arm'
06-19 04:51:39.110 22471 22471 F DEBUG   : pid: 22440, tid: 22461, name: enableInternal  >>> com.android.nfc <<<
06-19 04:51:39.110 22471 22471 F DEBUG   : signal 6 (SIGABRT), code -6 (SI_TKILL), fault addr --------
06-19 04:51:39.110 22471 22471 F DEBUG   :     r0 00000000  r1 000057bd  r2 00000006  r3 00000008
06-19 04:51:39.110 22471 22471 F DEBUG   :     r4 9395a978  r5 00000006  r6 9395a920  r7 0000010c
06-19 04:51:39.110 22471 22471 F DEBUG   :     r8 9395a3b0  r9 a4e1bc00  sl a4e1bc8c  fp 9395a0dc
06-19 04:51:39.111 22471 22471 F DEBUG   :     ip 0000006e  sp 9395a008  lr abe2ed97  pc abe315f4  cpsr 200f0010
06-19 04:51:39.122 22471 22471 F DEBUG   : 
06-19 04:51:39.122 22471 22471 F DEBUG   : backtrace:
06-19 04:51:39.123 22471 22471 F DEBUG   :     #00 pc 0004a5f4  /system/lib/libc.so (tgkill+12)
06-19 04:51:39.123 22471 22471 F DEBUG   :     #01 pc 00047d93  /system/lib/libc.so (pthread_kill+34)
06-19 04:51:39.123 22471 22471 F DEBUG   :     #02 pc 0001d5f5  /system/lib/libc.so (raise+10)
06-19 04:51:39.123 22471 22471 F DEBUG   :     #03 pc 00019141  /system/lib/libc.so (__libc_android_abort+34)
06-19 04:51:39.123 22471 22471 F DEBUG   :     #04 pc 000171a8  /system/lib/libc.so (abort+4)
06-19 04:51:39.123 22471 22471 F DEBUG   :     #05 pc 0000f11d  /system/lib/libnfc_nci_jni.so
06-19 04:51:39.123 22471 22471 F DEBUG   :     #06 pc 001c7477  /data/dalvik-cache/arm/system@app@NfcNci@NfcNci.apk@classes.dex (offset 0x1ab000)
06-19 04:51:39.474  2845  3956 I chatty  : uid=1000(system) Binder:2845_6 expire 4 lines
06-19 04:53:00.114  2845  2845 V NotificationService: pkg=com.privateinternetaccess.android canInterrupt=false intercept=true
06-19 04:53:00.121  2845  2845 V NotificationService: pkg=com.privateinternetaccess.android canInterrupt=false intercept=true
06-19 04:53:04.178  2845  2845 V NotificationService: pkg=com.privateinternetaccess.android canInterrupt=false intercept=true
06-19 04:53:04.184  2845  2845 V NotificationService: pkg=com.privateinternetaccess.android canInterrupt=false intercept=true
06-19 04:53:09.631 22476 22497 F libc    : Fatal signal 6 (SIGABRT), code -6 in tid 22497 (enableInternal)
06-19 04:53:09.710 22510 22510 F DEBUG   : *** *** *** *** *** *** *** *** *** *** *** *** *** *** *** ***
06-19 04:53:09.711 22510 22510 F DEBUG   : LineageOS Version: '14.1-20170813-UNOFFICIAL-potter'
06-19 04:53:09.711 22510 22510 F DEBUG   : Build fingerprint: 'motorola/potter/potter:7.0/NPN25.137-67/75:user/release-keys'
06-19 04:53:09.711 22510 22510 F DEBUG   : Revision: '0'
06-19 04:53:09.711 22510 22510 F DEBUG   : ABI: 'arm'
06-19 04:53:09.711 22510 22510 F DEBUG   : pid: 22476, tid: 22497, name: enableInternal  >>> com.android.nfc <<<
06-19 04:53:09.711 22510 22510 F DEBUG   : signal 6 (SIGABRT), code -6 (SI_TKILL), fault addr --------
06-19 04:53:09.711 22510 22510 F DEBUG   :     r0 00000000  r1 000057e1  r2 00000006  r3 00000008
06-19 04:53:09.711 22510 22510 F DEBUG   :     r4 9395a978  r5 00000006  r6 9395a920  r7 0000010c
06-19 04:53:09.712 22510 22510 F DEBUG   :     r8 9395a3b0  r9 a4e1bc00  sl a4e1bc8c  fp 9395a0dc
06-19 04:53:09.712 22510 22510 F DEBUG   :     ip 0000006e  sp 9395a008  lr abe2ed97  pc abe315f4  cpsr 200f0010
06-19 04:53:09.724 22510 22510 F DEBUG   : 
06-19 04:53:09.724 22510 22510 F DEBUG   : backtrace:
06-19 04:53:09.724 22510 22510 F DEBUG   :     #00 pc 0004a5f4  /system/lib/libc.so (tgkill+12)
06-19 04:53:09.724 22510 22510 F DEBUG   :     #01 pc 00047d93  /system/lib/libc.so (pthread_kill+34)
06-19 04:53:09.724 22510 22510 F DEBUG   :     #02 pc 0001d5f5  /system/lib/libc.so (raise+10)
06-19 04:53:09.724 22510 22510 F DEBUG   :     #03 pc 00019141  /system/lib/libc.so (__libc_android_abort+34)
06-19 04:53:09.724 22510 22510 F DEBUG   :     #04 pc 000171a8  /system/lib/libc.so (abort+4)
06-19 04:53:09.724 22510 22510 F DEBUG   :     #05 pc 0000f11d  /system/lib/libnfc_nci_jni.so
06-19 04:53:09.724 22510 22510 F DEBUG   :     #06 pc 001c7477  /data/dalvik-cache/arm/system@app@NfcNci@NfcNci.apk@classes.dex (offset 0x1ab000)
06-19 04:53:09.957  2845  2950 I BootReceiver: Copying /data/tombstones/tombstone_06 to DropBox (SYSTEM_TOMBSTONE)
06-19 04:53:09.964  2845 29698 I ActivityManager: Process com.android.nfc (pid 22476) has died
06-19 04:53:09.964  2845 29698 D ActivityManager: cleanUpApplicationRecord -- 22476
06-19 04:53:09.965  2845 29698 W ActivityManager: Re-adding persistent process ProcessRecord{accb38c 22476:com.android.nfc/1027}
06-19 04:53:09.976  2845 29698 I ActivityManager: Start proc 22515:com.android.nfc/1027 for restart com.android.nfc
06-19 04:53:10.220  2845  2845 V NotificationService: pkg=com.privateinternetaccess.android canInterrupt=false intercept=true
06-19 04:53:10.225  2845  2845 V NotificationService: pkg=com.privateinternetaccess.android canInterrupt=false intercept=true
06-19 04:53:14.418  2845  2845 V NotificationService: pkg=com.privateinternetaccess.android canInterrupt=false intercept=true
06-19 04:53:14.423  2845  2845 V NotificationService: pkg=com.privateinternetaccess.android canInterrupt=false intercept=true
06-19 04:53:20.641  2845  2845 V NotificationService: pkg=com.privateinternetaccess.android canInterrupt=false intercept=true
06-19 04:53:20.647  2845  2845 V NotificationService: pkg=com.privateinternetaccess.android canInterrupt=false intercept=true
06-19 04:53:24.659  2845  2845 V NotificationService: pkg=com.privateinternetaccess.android canInterrupt=false intercept=true
06-19 04:53:24.664  2845  2845 V NotificationService: pkg=com.privateinternetaccess.android canInterrupt=false intercept=true
06-19 04:53:30.901  2845  2845 V NotificationService: pkg=com.privateinternetaccess.android canInterrupt=false intercept=true
06-19 04:53:30.906  2845  2845 V NotificationService: pkg=com.privateinternetaccess.android canInterrupt=false intercept=true
06-19 04:53:34.901  2845  2845 V NotificationService: pkg=com.privateinternetaccess.android canInterrupt=false intercept=true
06-19 04:53:34.906  2845  2845 V NotificationService: pkg=com.privateinternetaccess.android canInterrupt=false intercept=true
06-19 04:53:41.040  2845  2845 V NotificationService: pkg=com.privateinternetaccess.android canInterrupt=false intercept=true
06-19 04:53:41.045  2845  2845 V NotificationService: pkg=com.privateinternetaccess.android canInterrupt=false intercept=true
06-19 04:53:45.138  2845  2845 V NotificationService: pkg=com.privateinternetaccess.android canInterrupt=false intercept=true
06-19 04:53:45.144  2845  2845 V NotificationService: pkg=com.privateinternetaccess.android canInterrupt=false intercept=true
06-19 04:53:51.278  2845  2845 V NotificationService: pkg=com.privateinternetaccess.android canInterrupt=false intercept=true
06-19 04:53:51.284  2845  2845 V NotificationService: pkg=com.privateinternetaccess.android canInterrupt=false intercept=true
06-19 04:53:54.564  2845  2845 V NotificationService: pkg=com.privateinternetaccess.android canInterrupt=false intercept=true
06-19 04:53:54.571  2845  2845 V NotificationService: pkg=com.privateinternetaccess.android canInterrupt=false intercept=true
06-19 04:54:01.583  2845  2845 V NotificationService: pkg=com.privateinternetaccess.android canInterrupt=false intercept=true
06-19 04:54:01.589  2845  2845 V NotificationService: pkg=com.privateinternetaccess.android canInterrupt=false intercept=true
06-19 04:54:05.621  2845  2845 V NotificationService: pkg=com.privateinternetaccess.android canInterrupt=false intercept=true
06-19 04:54:05.625  2845  2845 V NotificationService: pkg=com.privateinternetaccess.android canInterrupt=false intercept=true
06-19 04:54:11.862  2845  2845 V NotificationService: pkg=com.privateinternetaccess.android canInterrupt=false intercept=true
06-19 04:54:11.866  2845  2845 V NotificationService: pkg=com.privateinternetaccess.android canInterrupt=false intercept=true
06-19 04:54:15.040  2845  2845 V NotificationService: pkg=com.privateinternetaccess.android canInterrupt=false intercept=true
06-19 04:54:15.045  2845  2845 V NotificationService: pkg=com.privateinternetaccess.android canInterrupt=false intercept=true
06-19 04:54:21.088  2845  2845 V NotificationService: pkg=com.privateinternetaccess.android canInterrupt=false intercept=true
06-19 04:54:21.093  2845  2845 V NotificationService: pkg=com.privateinternetaccess.android canInterrupt=false intercept=true
06-19 04:54:25.281  2845  2845 V NotificationService: pkg=com.privateinternetaccess.android canInterrupt=false intercept=true
06-19 04:54:25.286  2845  2845 V NotificationService: pkg=com.privateinternetaccess.android canInterrupt=false intercept=true
06-19 04:54:31.386  2845  2845 V NotificationService: pkg=com.privateinternetaccess.android canInterrupt=false intercept=true
06-19 04:54:31.392  2845  2845 V NotificationService: pkg=com.privateinternetaccess.android canInterrupt=false intercept=true
06-19 04:54:35.521  2845  2845 V NotificationService: pkg=com.privateinternetaccess.android canInterrupt=false intercept=true
06-19 04:54:35.527  2845  2845 V NotificationService: pkg=com.privateinternetaccess.android canInterrupt=false intercept=true
06-19 04:54:40.129 22515 22537 F libc    : Fatal signal 6 (SIGABRT), code -6 in tid 22537 (enableInternal)
06-19 04:54:40.210 22551 22551 F DEBUG   : *** *** *** *** *** *** *** *** *** *** *** *** *** *** *** ***
06-19 04:54:40.211 22551 22551 F DEBUG   : LineageOS Version: '14.1-20170813-UNOFFICIAL-potter'
06-19 04:54:40.211 22551 22551 F DEBUG   : Build fingerprint: 'motorola/potter/potter:7.0/NPN25.137-67/75:user/release-keys'
06-19 04:54:40.211 22551 22551 F DEBUG   : Revision: '0'
06-19 04:54:40.211 22551 22551 F DEBUG   : ABI: 'arm'
06-19 04:54:40.211 22551 22551 F DEBUG   : pid: 22515, tid: 22537, name: enableInternal  >>> com.android.nfc <<<
06-19 04:54:40.211 22551 22551 F DEBUG   : signal 6 (SIGABRT), code -6 (SI_TKILL), fault addr --------
06-19 04:54:40.211 22551 22551 F DEBUG   :     r0 00000000  r1 00005809  r2 00000006  r3 00000008
06-19 04:54:40.211 22551 22551 F DEBUG   :     r4 9395a978  r5 00000006  r6 9395a920  r7 0000010c
06-19 04:54:40.211 22551 22551 F DEBUG   :     r8 9395a3b0  r9 a4e1bc00  sl a4e1bc8c  fp 9395a0dc
06-19 04:54:40.211 22551 22551 F DEBUG   :     ip 0000006e  sp 9395a008  lr abe2ed97  pc abe315f4  cpsr 200f0010
06-19 04:54:40.224 22551 22551 F DEBUG   : 
06-19 04:54:40.224 22551 22551 F DEBUG   : backtrace:
06-19 04:54:40.224 22551 22551 F DEBUG   :     #00 pc 0004a5f4  /system/lib/libc.so (tgkill+12)
06-19 04:54:40.224 22551 22551 F DEBUG   :     #01 pc 00047d93  /system/lib/libc.so (pthread_kill+34)
06-19 04:54:40.224 22551 22551 F DEBUG   :     #02 pc 0001d5f5  /system/lib/libc.so (raise+10)
06-19 04:54:40.224 22551 22551 F DEBUG   :     #03 pc 00019141  /system/lib/libc.so (__libc_android_abort+34)
06-19 04:54:40.224 22551 22551 F DEBUG   :     #04 pc 000171a8  /system/lib/libc.so (abort+4)
06-19 04:54:40.224 22551 22551 F DEBUG   :     #05 pc 0000f11d  /system/lib/libnfc_nci_jni.so
06-19 04:54:40.224 22551 22551 F DEBUG   :     #06 pc 001c7477  /data/dalvik-cache/arm/system@app@NfcNci@NfcNci.apk@classes.dex (offset 0x1ab000)
06-19 04:54:40.459  2845  2950 I BootReceiver: Copying /data/tombstones/tombstone_07 to DropBox (SYSTEM_TOMBSTONE)
06-19 04:54:40.466  2845  9572 I ActivityManager: Process com.android.nfc (pid 22515) has died
06-19 04:54:40.466  2845  9572 D ActivityManager: cleanUpApplicationRecord -- 22515
06-19 04:54:40.466  2845  9572 W ActivityManager: Re-adding persistent process ProcessRecord{accb38c 22515:com.android.nfc/1027}
06-19 04:54:40.477  2845  9572 I ActivityManager: Start proc 22556:com.android.nfc/1027 for restart com.android.nfc
06-19 04:54:41.609  2845  2845 V NotificationService: pkg=com.privateinternetaccess.android canInterrupt=false intercept=true
06-19 04:54:41.614  2845  2845 V NotificationService: pkg=com.privateinternetaccess.android canInterrupt=false intercept=true
06-19 04:54:45.350  2845  2845 V NotificationService: pkg=com.privateinternetaccess.android canInterrupt=false intercept=true
06-19 04:54:45.358  2845  2845 V NotificationService: pkg=com.privateinternetaccess.android canInterrupt=false intercept=true
06-19 04:54:51.442  2845  2845 V NotificationService: pkg=com.privateinternetaccess.android canInterrupt=false intercept=true
06-19 04:54:51.446  2845  2845 V NotificationService: pkg=com.privateinternetaccess.android canInterrupt=false intercept=true
06-19 04:54:55.181  2845  2845 V NotificationService: pkg=com.privateinternetaccess.android canInterrupt=false intercept=true
06-19 04:54:55.184  2845  2845 V NotificationService: pkg=com.privateinternetaccess.android canInterrupt=false intercept=true
06-19 04:55:01.560  2845  2845 V NotificationService: pkg=com.privateinternetaccess.android canInterrupt=false intercept=true
06-19 04:55:01.564  2845  2845 V NotificationService: pkg=com.privateinternetaccess.android canInterrupt=false intercept=true
06-19 04:55:05.830  2845  2845 V NotificationService: pkg=com.privateinternetaccess.android canInterrupt=false intercept=true
06-19 04:55:05.834  2845  2845 V NotificationService: pkg=com.privateinternetaccess.android canInterrupt=false intercept=true
06-19 04:55:11.938  2845  2845 V NotificationService: pkg=com.privateinternetaccess.android canInterrupt=false intercept=true
06-19 04:55:11.942  2845  2845 V NotificationService: pkg=com.privateinternetaccess.android canInterrupt=false intercept=true
06-19 04:55:15.661  2845  2845 V NotificationService: pkg=com.privateinternetaccess.android canInterrupt=false intercept=true
06-19 04:55:15.665  2845  2845 V NotificationService: pkg=com.privateinternetaccess.android canInterrupt=false intercept=true
06-19 04:55:21.754  2845  2845 V NotificationService: pkg=com.privateinternetaccess.android canInterrupt=false intercept=true
06-19 04:55:21.758  2845  2845 V NotificationService: pkg=com.privateinternetaccess.android canInterrupt=false intercept=true
06-19 04:55:25.901  2845  2845 V NotificationService: pkg=com.privateinternetaccess.android canInterrupt=false intercept=true
06-19 04:55:25.905  2845  2845 V NotificationService: pkg=com.privateinternetaccess.android canInterrupt=false intercept=true
06-19 04:55:31.156  2845  2845 V NotificationService: pkg=com.privateinternetaccess.android canInterrupt=false intercept=true
06-19 04:55:31.160  2845  2845 V NotificationService: pkg=com.privateinternetaccess.android canInterrupt=false intercept=true
06-19 04:55:36.141  2845  2845 V NotificationService: pkg=com.privateinternetaccess.android canInterrupt=false intercept=true
06-19 04:55:36.145  2845  2845 V NotificationService: pkg=com.privateinternetaccess.android canInterrupt=false intercept=true
06-19 04:55:41.240  2845  2845 V NotificationService: pkg=com.privateinternetaccess.android canInterrupt=false intercept=true
06-19 04:55:41.244  2845  2845 V NotificationService: pkg=com.privateinternetaccess.android canInterrupt=false intercept=true
06-19 04:55:45.972  2845  2845 V NotificationService: pkg=com.privateinternetaccess.android canInterrupt=false intercept=true
06-19 04:55:45.978  2845  2845 V NotificationService: pkg=com.privateinternetaccess.android canInterrupt=false intercept=true
06-19 04:55:51.119  2845  2845 V NotificationService: pkg=com.privateinternetaccess.android canInterrupt=false intercept=true
06-19 04:55:51.123  2845  2845 V NotificationService: pkg=com.privateinternetaccess.android canInterrupt=false intercept=true
06-19 04:55:56.212  2845  2845 V NotificationService: pkg=com.privateinternetaccess.android canInterrupt=false intercept=true
06-19 04:55:56.218  2845  2845 V NotificationService: pkg=com.privateinternetaccess.android canInterrupt=false intercept=true
06-19 04:56:01.482  2845  2845 V NotificationService: pkg=com.privateinternetaccess.android canInterrupt=false intercept=true
06-19 04:56:01.492  2845  2845 V NotificationService: pkg=com.privateinternetaccess.android canInterrupt=false intercept=true
06-19 04:56:06.451  2845  2845 V NotificationService: pkg=com.privateinternetaccess.android canInterrupt=false intercept=true
06-19 04:56:06.457  2845  2845 V NotificationService: pkg=com.privateinternetaccess.android canInterrupt=false intercept=true
06-19 04:56:10.631 22556 22578 F libc    : Fatal signal 6 (SIGABRT), code -6 in tid 22578 (enableInternal)
06-19 04:56:10.710 22590 22590 F DEBUG   : *** *** *** *** *** *** *** *** *** *** *** *** *** *** *** ***
06-19 04:56:10.710 22590 22590 F DEBUG   : LineageOS Version: '14.1-20170813-UNOFFICIAL-potter'
06-19 04:56:10.710 22590 22590 F DEBUG   : Build fingerprint: 'motorola/potter/potter:7.0/NPN25.137-67/75:user/release-keys'
06-19 04:56:10.710 22590 22590 F DEBUG   : Revision: '0'
06-19 04:56:10.710 22590 22590 F DEBUG   : ABI: 'arm'
06-19 04:56:10.711 22590 22590 F DEBUG   : pid: 22556, tid: 22578, name: enableInternal  >>> com.android.nfc <<<
06-19 04:56:10.711 22590 22590 F DEBUG   : signal 6 (SIGABRT), code -6 (SI_TKILL), fault addr --------
06-19 04:56:10.711 22590 22590 F DEBUG   :     r0 00000000  r1 00005832  r2 00000006  r3 00000008
06-19 04:56:10.711 22590 22590 F DEBUG   :     r4 9395a978  r5 00000006  r6 9395a920  r7 0000010c
06-19 04:56:10.711 22590 22590 F DEBUG   :     r8 9395a3b0  r9 a4e57000  sl a4e5708c  fp 9395a0dc
06-19 04:56:10.711 22590 22590 F DEBUG   :     ip 0000006e  sp 9395a008  lr abe2ed97  pc abe315f4  cpsr 200f0010
06-19 04:56:10.723 22590 22590 F DEBUG   : 
06-19 04:56:10.723 22590 22590 F DEBUG   : backtrace:
06-19 04:56:10.723 22590 22590 F DEBUG   :     #00 pc 0004a5f4  /system/lib/libc.so (tgkill+12)
06-19 04:56:10.723 22590 22590 F DEBUG   :     #01 pc 00047d93  /system/lib/libc.so (pthread_kill+34)
06-19 04:56:10.723 22590 22590 F DEBUG   :     #02 pc 0001d5f5  /system/lib/libc.so (raise+10)
06-19 04:56:10.724 22590 22590 F DEBUG   :     #03 pc 00019141  /system/lib/libc.so (__libc_android_abort+34)
06-19 04:56:10.724 22590 22590 F DEBUG   :     #04 pc 000171a8  /system/lib/libc.so (abort+4)
06-19 04:56:10.724 22590 22590 F DEBUG   :     #05 pc 0000f11d  /system/lib/libnfc_nci_jni.so
06-19 04:56:10.724 22590 22590 F DEBUG   :     #06 pc 001c7477  /data/dalvik-cache/arm/system@app@NfcNci@NfcNci.apk@classes.dex (offset 0x1ab000)
06-19 04:56:10.959  2845  2950 I BootReceiver: Copying /data/tombstones/tombstone_08 to DropBox (SYSTEM_TOMBSTONE)
06-19 04:56:10.968  2845 21385 I ActivityManager: Process com.android.nfc (pid 22556) has died
06-19 04:56:10.968  2845 21385 D ActivityManager: cleanUpApplicationRecord -- 22556
06-19 04:56:10.969  2845 21385 W ActivityManager: Re-adding persistent process ProcessRecord{accb38c 22556:com.android.nfc/1027}
06-19 04:56:10.980  2845 21385 I ActivityManager: Start proc 22595:com.android.nfc/1027 for restart com.android.nfc
06-19 04:56:11.591  2845  2845 V NotificationService: pkg=com.privateinternetaccess.android canInterrupt=false intercept=true
06-19 04:56:11.595  2845  2845 V NotificationService: pkg=com.privateinternetaccess.android canInterrupt=false intercept=true
06-19 04:56:16.693  2845  2845 V NotificationService: pkg=com.privateinternetaccess.android canInterrupt=false intercept=true
06-19 04:56:16.699  2845  2845 V NotificationService: pkg=com.privateinternetaccess.android canInterrupt=false intercept=true
06-19 04:56:22.127  2845  2845 V NotificationService: pkg=com.privateinternetaccess.android canInterrupt=false intercept=true
06-19 04:56:22.131  2845  2845 V NotificationService: pkg=com.privateinternetaccess.android canInterrupt=false intercept=true
06-19 04:56:26.521  2845  2845 V NotificationService: pkg=com.privateinternetaccess.android canInterrupt=false intercept=true
06-19 04:56:26.525  2845  2845 V NotificationService: pkg=com.privateinternetaccess.android canInterrupt=false intercept=true
06-19 04:56:32.559  2845  2845 V NotificationService: pkg=com.privateinternetaccess.android canInterrupt=false intercept=true
06-19 04:56:32.563  2845  2845 V NotificationService: pkg=com.privateinternetaccess.android canInterrupt=false intercept=true
06-19 04:56:35.935  2845  2845 V NotificationService: pkg=com.privateinternetaccess.android canInterrupt=false intercept=true
06-19 04:56:35.942  2845  2845 V NotificationService: pkg=com.privateinternetaccess.android canInterrupt=false intercept=true
06-19 04:56:43.031  2845  2845 V NotificationService: pkg=com.privateinternetaccess.android canInterrupt=false intercept=true
06-19 04:56:43.036  2845  2845 V NotificationService: pkg=com.privateinternetaccess.android canInterrupt=false intercept=true
06-19 04:56:45.767  2845  2845 V NotificationService: pkg=com.privateinternetaccess.android canInterrupt=false intercept=true
06-19 04:56:45.772  2845  2845 V NotificationService: pkg=com.privateinternetaccess.android canInterrupt=false intercept=true
06-19 04:56:54.007  2845  2845 V NotificationService: pkg=com.privateinternetaccess.android canInterrupt=false intercept=true
06-19 04:56:54.011  2845  2845 V NotificationService: pkg=com.privateinternetaccess.android canInterrupt=false intercept=true
06-19 04:56:56.427  2845  2845 V NotificationService: pkg=com.privateinternetaccess.android canInterrupt=false intercept=true
06-19 04:56:56.431  2845  2845 V NotificationService: pkg=com.privateinternetaccess.android canInterrupt=false intercept=true
06-19 04:57:03.449  2845  2845 V NotificationService: pkg=com.privateinternetaccess.android canInterrupt=false intercept=true
06-19 04:57:03.456  2845  2845 V NotificationService: pkg=com.privateinternetaccess.android canInterrupt=false intercept=true
06-19 04:57:06.665  2845  2845 V NotificationService: pkg=com.privateinternetaccess.android canInterrupt=false intercept=true
06-19 04:57:06.670  2845  2845 V NotificationService: pkg=com.privateinternetaccess.android canInterrupt=false intercept=true
06-19 04:57:13.787  2845  2845 V NotificationService: pkg=com.privateinternetaccess.android canInterrupt=false intercept=true
06-19 04:57:13.791  2845  2845 V NotificationService: pkg=com.privateinternetaccess.android canInterrupt=false intercept=true
06-19 04:57:16.905  2845  2845 V NotificationService: pkg=com.privateinternetaccess.android canInterrupt=false intercept=true
06-19 04:57:16.912  2845  2845 V NotificationService: pkg=com.privateinternetaccess.android canInterrupt=false intercept=true
06-19 04:57:23.210  2845  2845 V NotificationService: pkg=com.privateinternetaccess.android canInterrupt=false intercept=true
06-19 04:57:23.214  2845  2845 V NotificationService: pkg=com.privateinternetaccess.android canInterrupt=false intercept=true
06-19 04:57:26.331  2845  2845 V NotificationService: pkg=com.privateinternetaccess.android canInterrupt=false intercept=true
06-19 04:57:26.338  2845  2845 V NotificationService: pkg=com.privateinternetaccess.android canInterrupt=false intercept=true
06-19 04:57:33.472  2845  2845 V NotificationService: pkg=com.privateinternetaccess.android canInterrupt=false intercept=true
06-19 04:57:33.476  2845  2845 V NotificationService: pkg=com.privateinternetaccess.android canInterrupt=false intercept=true
06-19 04:57:36.192  2845  2845 V NotificationService: pkg=com.privateinternetaccess.android canInterrupt=false intercept=true
06-19 04:57:36.198  2845  2845 V NotificationService: pkg=com.privateinternetaccess.android canInterrupt=false intercept=true
06-19 04:57:41.128 22595 22616 F libc    : Fatal signal 6 (SIGABRT), code -6 in tid 22616 (enableInternal)
06-19 04:57:41.209 22630 22630 F DEBUG   : *** *** *** *** *** *** *** *** *** *** *** *** *** *** *** ***
06-19 04:57:41.209 22630 22630 F DEBUG   : LineageOS Version: '14.1-20170813-UNOFFICIAL-potter'
06-19 04:57:41.209 22630 22630 F DEBUG   : Build fingerprint: 'motorola/potter/potter:7.0/NPN25.137-67/75:user/release-keys'
06-19 04:57:41.209 22630 22630 F DEBUG   : Revision: '0'
06-19 04:57:41.209 22630 22630 F DEBUG   : ABI: 'arm'
06-19 04:57:41.209 22630 22630 F DEBUG   : pid: 22595, tid: 22616, name: enableInternal  >>> com.android.nfc <<<
06-19 04:57:41.209 22630 22630 F DEBUG   : signal 6 (SIGABRT), code -6 (SI_TKILL), fault addr --------
06-19 04:57:41.209 22630 22630 F DEBUG   :     r0 00000000  r1 00005858  r2 00000006  r3 00000008
06-19 04:57:41.209 22630 22630 F DEBUG   :     r4 9395a978  r5 00000006  r6 9395a920  r7 0000010c
06-19 04:57:41.209 22630 22630 F DEBUG   :     r8 9395a3b0  r9 a4e1bc00  sl a4e1bc8c  fp 9395a0dc
06-19 04:57:41.209 22630 22630 F DEBUG   :     ip 0000006e  sp 9395a008  lr abe2ed97  pc abe315f4  cpsr 200f0010
06-19 04:57:41.213 22630 22630 F DEBUG   : 
06-19 04:57:41.213 22630 22630 F DEBUG   : backtrace:
06-19 04:57:41.213 22630 22630 F DEBUG   :     #00 pc 0004a5f4  /system/lib/libc.so (tgkill+12)
06-19 04:57:41.213 22630 22630 F DEBUG   :     #01 pc 00047d93  /system/lib/libc.so (pthread_kill+34)
06-19 04:57:41.213 22630 22630 F DEBUG   :     #02 pc 0001d5f5  /system/lib/libc.so (raise+10)
06-19 04:57:41.213 22630 22630 F DEBUG   :     #03 pc 00019141  /system/lib/libc.so (__libc_android_abort+34)
06-19 04:57:41.213 22630 22630 F DEBUG   :     #04 pc 000171a8  /system/lib/libc.so (abort+4)
06-19 04:57:41.213 22630 22630 F DEBUG   :     #05 pc 0000f11d  /system/lib/libnfc_nci_jni.so
06-19 04:57:41.213 22630 22630 F DEBUG   :     #06 pc 001c7477  /data/dalvik-cache/arm/system@app@NfcNci@NfcNci.apk@classes.dex (offset 0x1ab000)
06-19 04:57:41.437  2845  2950 I BootReceiver: Copying /data/tombstones/tombstone_09 to DropBox (SYSTEM_TOMBSTONE)
06-19 04:57:41.444  2845  5978 I ActivityManager: Process com.android.nfc (pid 22595) has died
06-19 04:57:41.444  2845  5978 D ActivityManager: cleanUpApplicationRecord -- 22595
06-19 04:57:41.444  2845  5978 W ActivityManager: Re-adding persistent process ProcessRecord{accb38c 22595:com.android.nfc/1027}
06-19 04:57:41.455  2845  5978 I ActivityManager: Start proc 22635:com.android.nfc/1027 for restart com.android.nfc
06-19 04:57:46.762  2845  2845 V NotificationService: pkg=com.privateinternetaccess.android canInterrupt=false intercept=true
06-19 04:57:46.769  2845  2845 V NotificationService: pkg=com.privateinternetaccess.android canInterrupt=false intercept=true
06-19 04:57:57.178  2845  2845 V NotificationService: pkg=com.privateinternetaccess.android canInterrupt=false intercept=true
06-19 04:57:57.182  2845  2845 V NotificationService: pkg=com.privateinternetaccess.android canInterrupt=false intercept=true
06-19 04:58:06.879  2845  2845 V NotificationService: pkg=com.privateinternetaccess.android canInterrupt=false intercept=true
06-19 04:58:06.883  2845  2845 V NotificationService: pkg=com.privateinternetaccess.android canInterrupt=false intercept=true
06-19 04:58:17.117  2845  2845 V NotificationService: pkg=com.privateinternetaccess.android canInterrupt=false intercept=true
06-19 04:58:17.123  2845  2845 V NotificationService: pkg=com.privateinternetaccess.android canInterrupt=false intercept=true
06-19 04:58:27.178  2845  2845 V NotificationService: pkg=com.privateinternetaccess.android canInterrupt=false intercept=true
06-19 04:58:27.183  2845  2845 V NotificationService: pkg=com.privateinternetaccess.android canInterrupt=false intercept=true
06-19 04:58:37.190  2845  2845 V NotificationService: pkg=com.privateinternetaccess.android canInterrupt=false intercept=true
06-19 04:58:37.196  2845  2845 V NotificationService: pkg=com.privateinternetaccess.android canInterrupt=false intercept=true
06-19 04:58:47.341  2845  2845 V NotificationService: pkg=com.privateinternetaccess.android canInterrupt=false intercept=true
06-19 04:58:47.345  2845  2845 V NotificationService: pkg=com.privateinternetaccess.android canInterrupt=false intercept=true
06-19 04:58:57.259  2845  2845 V NotificationService: pkg=com.privateinternetaccess.android canInterrupt=false intercept=true
06-19 04:58:57.263  2845  2845 V NotificationService: pkg=com.privateinternetaccess.android canInterrupt=false intercept=true
06-19 04:59:07.615  2845  2845 V NotificationService: pkg=com.privateinternetaccess.android canInterrupt=false intercept=true
06-19 04:59:07.619  2845  2845 V NotificationService: pkg=com.privateinternetaccess.android canInterrupt=false intercept=true
06-19 04:59:11.595 22635 22656 F libc    : Fatal signal 6 (SIGABRT), code -6 in tid 22656 (enableInternal)
06-19 04:59:11.685 22670 22670 F DEBUG   : *** *** *** *** *** *** *** *** *** *** *** *** *** *** *** ***
06-19 04:59:11.685 22670 22670 F DEBUG   : LineageOS Version: '14.1-20170813-UNOFFICIAL-potter'
06-19 04:59:11.685 22670 22670 F DEBUG   : Build fingerprint: 'motorola/potter/potter:7.0/NPN25.137-67/75:user/release-keys'
06-19 04:59:11.685 22670 22670 F DEBUG   : Revision: '0'
06-19 04:59:11.685 22670 22670 F DEBUG   : ABI: 'arm'
06-19 04:59:11.685 22670 22670 F DEBUG   : pid: 22635, tid: 22656, name: enableInternal  >>> com.android.nfc <<<
06-19 04:59:11.686 22670 22670 F DEBUG   : signal 6 (SIGABRT), code -6 (SI_TKILL), fault addr --------
06-19 04:59:11.686 22670 22670 F DEBUG   :     r0 00000000  r1 00005880  r2 00000006  r3 00000008
06-19 04:59:11.686 22670 22670 F DEBUG   :     r4 9395a978  r5 00000006  r6 9395a920  r7 0000010c
06-19 04:59:11.686 22670 22670 F DEBUG   :     r8 9395a3b0  r9 a4e1bc00  sl a4e1bc8c  fp 9395a0dc
06-19 04:59:11.686 22670 22670 F DEBUG   :     ip 0000006e  sp 9395a008  lr abe2ed97  pc abe315f4  cpsr 200f0010
06-19 04:59:11.698 22670 22670 F DEBUG   : 
06-19 04:59:11.698 22670 22670 F DEBUG   : backtrace:
06-19 04:59:11.698 22670 22670 F DEBUG   :     #00 pc 0004a5f4  /system/lib/libc.so (tgkill+12)
06-19 04:59:11.698 22670 22670 F DEBUG   :     #01 pc 00047d93  /system/lib/libc.so (pthread_kill+34)
06-19 04:59:11.698 22670 22670 F DEBUG   :     #02 pc 0001d5f5  /system/lib/libc.so (raise+10)
06-19 04:59:11.698 22670 22670 F DEBUG   :     #03 pc 00019141  /system/lib/libc.so (__libc_android_abort+34)
06-19 04:59:11.698 22670 22670 F DEBUG   :     #04 pc 000171a8  /system/lib/libc.so (abort+4)
06-19 04:59:11.699 22670 22670 F DEBUG   :     #05 pc 0000f11d  /system/lib/libnfc_nci_jni.so
06-19 04:59:11.699 22670 22670 F DEBUG   :     #06 pc 001c7477  /data/dalvik-cache/arm/system@app@NfcNci@NfcNci.apk@classes.dex (offset 0x1ab000)
06-19 04:59:11.936  2845  2950 I BootReceiver: Copying /data/tombstones/tombstone_00 to DropBox (SYSTEM_TOMBSTONE)
06-19 04:59:11.954  2845  4401 I ActivityManager: Process com.android.nfc (pid 22635) has died
06-19 04:59:11.954  2845  4401 D ActivityManager: cleanUpApplicationRecord -- 22635
06-19 04:59:11.954  2845  4401 W ActivityManager: Re-adding persistent process ProcessRecord{accb38c 22635:com.android.nfc/1027}
06-19 04:59:11.967  2845  4401 I ActivityManager: Start proc 22675:com.android.nfc/1027 for restart com.android.nfc
06-19 04:59:17.795  2845  2845 V NotificationService: pkg=com.privateinternetaccess.android canInterrupt=false intercept=true
06-19 04:59:17.800  2845  2845 V NotificationService: pkg=com.privateinternetaccess.android canInterrupt=false intercept=true
06-19 04:59:27.339  2845  2845 V NotificationService: pkg=com.privateinternetaccess.android canInterrupt=false intercept=true
06-19 04:59:27.343  2845  2845 V NotificationService: pkg=com.privateinternetaccess.android canInterrupt=false intercept=true
06-19 04:59:37.875  2845  2845 V NotificationService: pkg=com.privateinternetaccess.android canInterrupt=false intercept=true
06-19 04:59:37.879  2845  2845 V NotificationService: pkg=com.privateinternetaccess.android canInterrupt=false intercept=true
06-19 04:59:48.040  2845  2845 V NotificationService: pkg=com.privateinternetaccess.android canInterrupt=false intercept=true
06-19 04:59:48.044  2845  2845 V NotificationService: pkg=com.privateinternetaccess.android canInterrupt=false intercept=true
06-19 04:59:51.391  2845  2845 V NotificationService: pkg=com.privateinternetaccess.android canInterrupt=false intercept=true
06-19 04:59:51.395  2845  2845 V NotificationService: pkg=com.privateinternetaccess.android canInterrupt=false intercept=true
06-19 05:00:00.108  2845  2845 D ConditionProviders.SCP: onReceive ScheduleConditionProvider.EVALUATE
06-19 05:00:00.194  2845  2845 D ConditionProviders.SCP: notifyCondition condition://android/schedule?days=1.2.3.4.5&start=22.0&end=5.0&exitAtAlarm=true STATE_FALSE reason=!meetsSchedule
06-19 05:00:00.207  2845  2845 D ConditionProviders.SCP: Scheduling evaluate for Tue Jun 19 22:00:00 PDT 2018 (1529470800000), in +16h59m59s891ms, now=Tue Jun 19 05:00:00 PDT 2018 (1529409600109)
06-19 05:00:00.225  2845  2845 D ZenLog  : config: conditionChanged,ZenModeConfig[user=0,allowCalls=true,allowRepeatCallers=false,allowMessages=false,allowCallsFrom=contacts,allowMessagesFrom=contacts,allowReminders=true,allowEvents=true,allowWhenScreenOff=true,allowWhenScreenOn=true,automaticRules={3d8945333604482da72a90dcf4a4c931=ZenRule[enabled=true,snoozing=false,name=Weeknight,zenMode=ZEN_MODE_ALARMS,conditionId=condition://android/schedule?days=1.2.3.4.5&start=22.0&end=5.0&exitAtAlarm=true,condition=Condition[id=condition://android/schedule?days=1.2.3.4.5&start=22.0&end=5.0&exitAtAlarm=true,summary=...,line1=...,line2=...,icon=0,state=STATE_FALSE,flags=2],component=ComponentInfo{android/com.android.server.notification.ScheduleConditionProvider},id=3d8945333604482da72a90dcf4a4c931,creationTime=1502634923708,enabler=null]},manualRule=null],Diff[automaticRule[3d8945333604482da72a90dcf4a4c931].condition:Condition[id=condition://android/schedule?days=1.2.3.4.5&start=22.0&end=5.0&exitAtAlarm=true,summary=...,line1=...,line2=...,icon=0,state=STATE_TRUE,flags=2]->Condition[id=condition://android/schedule?days=1.2.3.4.5&start=22.0&end=5.0&exitAtAlarm=true,summary=...,line1=...,line2=...,icon=0,state=STATE_FALSE,flags=2]]
06-19 05:00:00.277  2845  2845 D ZenLog  : set_zen_mode: off,conditionChanged
06-19 05:00:00.372  2845  2845 D ZenLog  : set_ringer_mode_internal: ZenModeHelper,i:silent->normal,e:silent->normal
06-19 05:00:00.444  2845  2880 I ActivityManager: Start proc 22713:com.android.settings/1000 for broadcast com.android.settings/.dashboard.conditional.DndCondition$Receiver
06-19 05:00:00.590  2845  4441 I ActivityManager: Killing 31167:com.android.calendar/u0a51 (adj 906): empty for 11876s
06-19 05:00:00.604  2845  6592 D ActivityManager: cleanUpApplicationRecord -- 31167
06-19 05:00:42.115 22675 22698 F libc    : Fatal signal 6 (SIGABRT), code -6 in tid 22698 (enableInternal)
06-19 05:00:42.192 22732 22732 F DEBUG   : *** *** *** *** *** *** *** *** *** *** *** *** *** *** *** ***
06-19 05:00:42.192 22732 22732 F DEBUG   : LineageOS Version: '14.1-20170813-UNOFFICIAL-potter'
06-19 05:00:42.192 22732 22732 F DEBUG   : Build fingerprint: 'motorola/potter/potter:7.0/NPN25.137-67/75:user/release-keys'
06-19 05:00:42.192 22732 22732 F DEBUG   : Revision: '0'
06-19 05:00:42.192 22732 22732 F DEBUG   : ABI: 'arm'
06-19 05:00:42.193 22732 22732 F DEBUG   : pid: 22675, tid: 22698, name: enableInternal  >>> com.android.nfc <<<
06-19 05:00:42.193 22732 22732 F DEBUG   : signal 6 (SIGABRT), code -6 (SI_TKILL), fault addr --------
06-19 05:00:42.193 22732 22732 F DEBUG   :     r0 00000000  r1 000058aa  r2 00000006  r3 00000008
06-19 05:00:42.193 22732 22732 F DEBUG   :     r4 9395a978  r5 00000006  r6 9395a920  r7 0000010c
06-19 05:00:42.193 22732 22732 F DEBUG   :     r8 9395a3b0  r9 a4e1bc00  sl a4e1bc8c  fp 9395a0dc
06-19 05:00:42.193 22732 22732 F DEBUG   :     ip 0000006e  sp 9395a008  lr abe2ed97  pc abe315f4  cpsr 200f0010
06-19 05:00:42.205 22732 22732 F DEBUG   : 
06-19 05:00:42.205 22732 22732 F DEBUG   : backtrace:
06-19 05:00:42.206 22732 22732 F DEBUG   :     #00 pc 0004a5f4  /system/lib/libc.so (tgkill+12)
06-19 05:00:42.206 22732 22732 F DEBUG   :     #01 pc 00047d93  /system/lib/libc.so (pthread_kill+34)
06-19 05:00:42.206 22732 22732 F DEBUG   :     #02 pc 0001d5f5  /system/lib/libc.so (raise+10)
06-19 05:00:42.206 22732 22732 F DEBUG   :     #03 pc 00019141  /system/lib/libc.so (__libc_android_abort+34)
06-19 05:00:42.206 22732 22732 F DEBUG   :     #04 pc 000171a8  /system/lib/libc.so (abort+4)
06-19 05:00:42.206 22732 22732 F DEBUG   :     #05 pc 0000f11d  /system/lib/libnfc_nci_jni.so
06-19 05:00:42.206 22732 22732 F DEBUG   :     #06 pc 001c7477  /data/dalvik-cache/arm/system@app@NfcNci@NfcNci.apk@classes.dex (offset 0x1ab000)
06-19 05:00:42.439  2845  2950 I BootReceiver: Copying /data/tombstones/tombstone_01 to DropBox (SYSTEM_TOMBSTONE)
06-19 05:00:42.446  2845  6576 I ActivityManager: Process com.android.nfc (pid 22675) has died
06-19 05:00:42.446  2845  6576 D ActivityManager: cleanUpApplicationRecord -- 22675
06-19 05:00:42.447  2845  6576 W ActivityManager: Re-adding persistent process ProcessRecord{accb38c 22675:com.android.nfc/1027}
06-19 05:00:42.458  2845  6576 I ActivityManager: Start proc 22737:com.android.nfc/1027 for restart com.android.nfc
06-19 05:00:42.462  2845  2880 I ProcessStatsService: Prepared write state in 2ms
06-19 05:01:15.774  2845  2845 V BackupManagerService: Scheduling immediate backup pass
06-19 05:01:15.780  2845  2845 W BackupManagerService: Backup pass but e=false p=true
06-19 05:02:12.603 22737 22759 F libc    : Fatal signal 6 (SIGABRT), code -6 in tid 22759 (enableInternal)
06-19 05:02:12.688 22797 22797 F DEBUG   : *** *** *** *** *** *** *** *** *** *** *** *** *** *** *** ***
06-19 05:02:12.689 22797 22797 F DEBUG   : LineageOS Version: '14.1-20170813-UNOFFICIAL-potter'
06-19 05:02:12.689 22797 22797 F DEBUG   : Build fingerprint: 'motorola/potter/potter:7.0/NPN25.137-67/75:user/release-keys'
06-19 05:02:12.689 22797 22797 F DEBUG   : Revision: '0'
06-19 05:02:12.689 22797 22797 F DEBUG   : ABI: 'arm'
06-19 05:02:12.689 22797 22797 F DEBUG   : pid: 22737, tid: 22759, name: enableInternal  >>> com.android.nfc <<<
06-19 05:02:12.689 22797 22797 F DEBUG   : signal 6 (SIGABRT), code -6 (SI_TKILL), fault addr --------
06-19 05:02:12.689 22797 22797 F DEBUG   :     r0 00000000  r1 000058e7  r2 00000006  r3 00000008
06-19 05:02:12.689 22797 22797 F DEBUG   :     r4 9395a978  r5 00000006  r6 9395a920  r7 0000010c
06-19 05:02:12.689 22797 22797 F DEBUG   :     r8 9395a3b0  r9 a4e1bc00  sl a4e1bc8c  fp 9395a0dc
06-19 05:02:12.690 22797 22797 F DEBUG   :     ip 0000006e  sp 9395a008  lr abe2ed97  pc abe315f4  cpsr 200f0010
06-19 05:02:12.702 22797 22797 F DEBUG   : 
06-19 05:02:12.702 22797 22797 F DEBUG   : backtrace:
06-19 05:02:12.702 22797 22797 F DEBUG   :     #00 pc 0004a5f4  /system/lib/libc.so (tgkill+12)
06-19 05:02:12.702 22797 22797 F DEBUG   :     #01 pc 00047d93  /system/lib/libc.so (pthread_kill+34)
06-19 05:02:12.702 22797 22797 F DEBUG   :     #02 pc 0001d5f5  /system/lib/libc.so (raise+10)
06-19 05:02:12.702 22797 22797 F DEBUG   :     #03 pc 00019141  /system/lib/libc.so (__libc_android_abort+34)
06-19 05:02:12.702 22797 22797 F DEBUG   :     #04 pc 000171a8  /system/lib/libc.so (abort+4)
06-19 05:02:12.702 22797 22797 F DEBUG   :     #05 pc 0000f11d  /system/lib/libnfc_nci_jni.so
06-19 05:02:12.702 22797 22797 F DEBUG   :     #06 pc 001c7477  /data/dalvik-cache/arm/system@app@NfcNci@NfcNci.apk@classes.dex (offset 0x1ab000)
06-19 05:02:12.938  2845  2950 I BootReceiver: Copying /data/tombstones/tombstone_02 to DropBox (SYSTEM_TOMBSTONE)
06-19 05:02:12.945  2845  5978 I ActivityManager: Process com.android.nfc (pid 22737) has died
06-19 05:02:12.945  2845  5978 D ActivityManager: cleanUpApplicationRecord -- 22737
06-19 05:02:12.946  2845  5978 W ActivityManager: Re-adding persistent process ProcessRecord{accb38c 22737:com.android.nfc/1027}
06-19 05:02:12.957  2845  5978 I ActivityManager: Start proc 22802:com.android.nfc/1027 for restart com.android.nfc
06-19 05:03:43.112 22802 22823 F libc    : Fatal signal 6 (SIGABRT), code -6 in tid 22823 (enableInternal)
06-19 05:03:43.190 22835 22835 F DEBUG   : *** *** *** *** *** *** *** *** *** *** *** *** *** *** *** ***
06-19 05:03:43.191 22835 22835 F DEBUG   : LineageOS Version: '14.1-20170813-UNOFFICIAL-potter'
06-19 05:03:43.191 22835 22835 F DEBUG   : Build fingerprint: 'motorola/potter/potter:7.0/NPN25.137-67/75:user/release-keys'
06-19 05:03:43.191 22835 22835 F DEBUG   : Revision: '0'
06-19 05:03:43.191 22835 22835 F DEBUG   : ABI: 'arm'
06-19 05:03:43.191 22835 22835 F DEBUG   : pid: 22802, tid: 22823, name: enableInternal  >>> com.android.nfc <<<
06-19 05:03:43.191 22835 22835 F DEBUG   : signal 6 (SIGABRT), code -6 (SI_TKILL), fault addr --------
06-19 05:03:43.191 22835 22835 F DEBUG   :     r0 00000000  r1 00005927  r2 00000006  r3 00000008
06-19 05:03:43.191 22835 22835 F DEBUG   :     r4 9395a978  r5 00000006  r6 9395a920  r7 0000010c
06-19 05:03:43.191 22835 22835 F DEBUG   :     r8 9395a3b0  r9 a4e1bc00  sl a4e1bc8c  fp 9395a0dc
06-19 05:03:43.192 22835 22835 F DEBUG   :     ip 0000006e  sp 9395a008  lr abe2ed97  pc abe315f4  cpsr 200f0010
06-19 05:03:43.204 22835 22835 F DEBUG   : 
06-19 05:03:43.204 22835 22835 F DEBUG   : backtrace:
06-19 05:03:43.204 22835 22835 F DEBUG   :     #00 pc 0004a5f4  /system/lib/libc.so (tgkill+12)
06-19 05:03:43.204 22835 22835 F DEBUG   :     #01 pc 00047d93  /system/lib/libc.so (pthread_kill+34)
06-19 05:03:43.205 22835 22835 F DEBUG   :     #02 pc 0001d5f5  /system/lib/libc.so (raise+10)
06-19 05:03:43.205 22835 22835 F DEBUG   :     #03 pc 00019141  /system/lib/libc.so (__libc_android_abort+34)
06-19 05:03:43.205 22835 22835 F DEBUG   :     #04 pc 000171a8  /system/lib/libc.so (abort+4)
06-19 05:03:43.205 22835 22835 F DEBUG   :     #05 pc 0000f11d  /system/lib/libnfc_nci_jni.so
06-19 05:03:43.205 22835 22835 F DEBUG   :     #06 pc 001c7477  /data/dalvik-cache/arm/system@app@NfcNci@NfcNci.apk@classes.dex (offset 0x1ab000)
06-19 05:03:43.437  2845  2950 I BootReceiver: Copying /data/tombstones/tombstone_03 to DropBox (SYSTEM_TOMBSTONE)
06-19 05:03:43.444  2845 29212 I ActivityManager: Process com.android.nfc (pid 22802) has died
06-19 05:03:43.444  2845 29212 D ActivityManager: cleanUpApplicationRecord -- 22802
06-19 05:03:43.444  2845 29212 W ActivityManager: Re-adding persistent process ProcessRecord{accb38c 22802:com.android.nfc/1027}
06-19 05:03:43.455  2845 29212 I ActivityManager: Start proc 22840:com.android.nfc/1027 for restart com.android.nfc
06-19 05:05:13.598 22840 22862 F libc    : Fatal signal 6 (SIGABRT), code -6 in tid 22862 (enableInternal)
06-19 05:05:13.686 22876 22876 F DEBUG   : *** *** *** *** *** *** *** *** *** *** *** *** *** *** *** ***
06-19 05:05:13.687 22876 22876 F DEBUG   : LineageOS Version: '14.1-20170813-UNOFFICIAL-potter'
06-19 05:05:13.687 22876 22876 F DEBUG   : Build fingerprint: 'motorola/potter/potter:7.0/NPN25.137-67/75:user/release-keys'
06-19 05:05:13.687 22876 22876 F DEBUG   : Revision: '0'
06-19 05:05:13.687 22876 22876 F DEBUG   : ABI: 'arm'
06-19 05:05:13.687 22876 22876 F DEBUG   : pid: 22840, tid: 22862, name: enableInternal  >>> com.android.nfc <<<
06-19 05:05:13.687 22876 22876 F DEBUG   : signal 6 (SIGABRT), code -6 (SI_TKILL), fault addr --------
06-19 05:05:13.687 22876 22876 F DEBUG   :     r0 00000000  r1 0000594e  r2 00000006  r3 00000008
06-19 05:05:13.687 22876 22876 F DEBUG   :     r4 9395a978  r5 00000006  r6 9395a920  r7 0000010c
06-19 05:05:13.687 22876 22876 F DEBUG   :     r8 9395a3b0  r9 a4e1bc00  sl a4e1bc8c  fp 9395a0dc
06-19 05:05:13.687 22876 22876 F DEBUG   :     ip 0000006e  sp 9395a008  lr abe2ed97  pc abe315f4  cpsr 200f0010
06-19 05:05:13.691 22876 22876 F DEBUG   : 
06-19 05:05:13.691 22876 22876 F DEBUG   : backtrace:
06-19 05:05:13.691 22876 22876 F DEBUG   :     #00 pc 0004a5f4  /system/lib/libc.so (tgkill+12)
06-19 05:05:13.691 22876 22876 F DEBUG   :     #01 pc 00047d93  /system/lib/libc.so (pthread_kill+34)
06-19 05:05:13.691 22876 22876 F DEBUG   :     #02 pc 0001d5f5  /system/lib/libc.so (raise+10)
06-19 05:05:13.691 22876 22876 F DEBUG   :     #03 pc 00019141  /system/lib/libc.so (__libc_android_abort+34)
06-19 05:05:13.691 22876 22876 F DEBUG   :     #04 pc 000171a8  /system/lib/libc.so (abort+4)
06-19 05:05:13.691 22876 22876 F DEBUG   :     #05 pc 0000f11d  /system/lib/libnfc_nci_jni.so
06-19 05:05:13.691 22876 22876 F DEBUG   :     #06 pc 001c7477  /data/dalvik-cache/arm/system@app@NfcNci@NfcNci.apk@classes.dex (offset 0x1ab000)
06-19 05:05:13.934  2845  2950 I BootReceiver: Copying /data/tombstones/tombstone_04 to DropBox (SYSTEM_TOMBSTONE)
06-19 05:05:13.939  2845 21596 I ActivityManager: Process com.android.nfc (pid 22840) has died
06-19 05:05:13.939  2845 21596 D ActivityManager: cleanUpApplicationRecord -- 22840
