06-18 19:34:22.800  2845  5977 I chatty  : uid=1000(system) Binder:2845_D expire 3 lines
06-18 19:34:22.967  4410  4410 W ContextImpl: Calling a method in the system process without a qualified user: android.app.ContextImpl.sendBroadcast:877 android.content.ContextWrapper.sendBroadcast:421 com.cyanogenmod.settings.device.DozePulseAction.action:48 com.cyanogenmod.settings.device.ProximitySensor.onSensorChanged:68 android.hardware.SystemSensorManager$SensorEventQueue.dispatchSensorEvent:711 
06-18 19:34:23.814  2845  3380 I chatty  : uid=1000(system) InputReader expire 2 lines
06-18 19:34:23.858  2845  2971 I chatty  : uid=1000(system) PowerManagerSer expire 10 lines
06-18 19:34:23.888  2845  2965 I chatty  : uid=1000(system) android.display expire 4 lines
06-18 19:34:24.012  2845  3501 I chatty  : uid=1000(system) Binder:2845_3 expire 2 lines
06-18 19:34:29.374  2845  4464 I chatty  : uid=1000(system) Binder:2845_B expire 2 lines
06-18 19:34:30.064  2845  5978 I chatty  : uid=1000(system) Binder:2845_E expire 1 line
06-18 19:34:30.072  2845  5976 I chatty  : uid=1000(system) Binder:2845_C expire 2 lines
06-18 19:34:30.088  2845  3525 I chatty  : uid=1000(system) Binder:2845_4 expire 1 line
06-18 19:34:30.095  2845  2950 I chatty  : uid=1000(system) FileObserver expire 3 lines
06-18 19:34:30.132  2845  4441 I chatty  : uid=1000(system) Binder:2845_9 expire 4 lines
06-18 19:34:30.259  2845  2867 I chatty  : uid=1000(system) Binder:2845_1 expire 5 lines
06-18 19:34:30.454  2845 21596 I chatty  : uid=1000(system) Binder:2845_19 expire 1 line
06-18 19:34:31.258  3859  3859 D MccTable: updateMccMncConfiguration mccmnc='31000' fromServiceState=true
06-18 19:34:31.259  3859  3859 D MccTable: updateMccMncConfiguration defaultMccMnc=311480
06-18 19:34:31.259  3859  3859 D MccTable: updateMccMncConfiguration: mcc=310, mnc=0
06-18 19:34:31.259  3859  3859 D MccTable: WIFI_COUNTRY_CODE set to us
06-18 19:34:31.259  2845  3883 I chatty  : uid=1000(system) Binder:2845_5 expire 3 lines
06-18 19:34:31.384  2845 10124 I chatty  : uid=1000(system) Binder:2845_14 expire 2 lines
06-18 19:34:31.466  2845  2868 I chatty  : uid=1000(system) Binder:2845_2 expire 6 lines
06-18 19:34:55.073  2845  2880 I chatty  : uid=1000(system) ActivityManager expire 6 lines
06-18 19:34:55.285  2845 21594 I chatty  : uid=1000(system) Binder:2845_17 expire 1 line
06-18 19:35:26.045  2845  3390 I chatty  : uid=1000(system) WifiStateMachin expire 3 lines
06-18 19:35:26.417  2845 21595 I chatty  : uid=1000(system) Binder:2845_18 expire 1 line
06-18 19:35:26.508  2845 29212 I chatty  : uid=1000(system) Binder:2845_15 expire 1 line
06-18 19:35:26.516  2845 13489 I chatty  : uid=1000(system) Binder:2845_12 expire 2 lines
06-18 19:35:27.904  2396  3191 D NetlinkEvent: Unknown ifindex 29 in RTM_DELADDR
06-18 19:35:27.915  2845  3394 I chatty  : uid=1000(system) ConnectivitySer expire 39 lines
06-18 19:36:00.468  2845  6579 I chatty  : uid=1000(system) Binder:2845_10 expire 1 line
06-18 19:36:02.867  2845  2884 I chatty  : uid=1000(system) batterystats-sy expire 4 lines
06-18 19:36:09.456  4410  4410 W ContextImpl: Calling a method in the system process without a qualified user: android.app.ContextImpl.sendBroadcast:877 android.content.ContextWrapper.sendBroadcast:421 com.cyanogenmod.settings.device.DozePulseAction.action:48 com.cyanogenmod.settings.device.GlanceSensor$1.onTrigger:65 android.hardware.SystemSensorManager$TriggerEventQueue.dispatchSensorEvent:801 
06-18 19:36:11.609  2845  3394 I chatty  : uid=1000(system) ConnectivitySer expire 18 lines
06-18 19:36:34.336  4410  4410 W ContextImpl: Calling a method in the system process without a qualified user: android.app.ContextImpl.sendBroadcast:877 android.content.ContextWrapper.sendBroadcast:421 com.cyanogenmod.settings.device.DozePulseAction.action:48 com.cyanogenmod.settings.device.GlanceSensor$1.onTrigger:65 android.hardware.SystemSensorManager$TriggerEventQueue.dispatchSensorEvent:801 
06-18 19:36:45.637  2845  2845 I chatty  : uid=1000 system_server expire 9 lines
06-18 19:37:20.908  2396  3191 D NetlinkEvent: Unknown ifindex 30 in RTM_DELADDR
06-18 19:37:56.122  2845  6592 I chatty  : uid=1000(system) Binder:2845_11 expire 1 line
06-18 19:38:11.615  4410  4410 W ContextImpl: Calling a method in the system process without a qualified user: android.app.ContextImpl.sendBroadcast:877 android.content.ContextWrapper.sendBroadcast:421 com.cyanogenmod.settings.device.DozePulseAction.action:48 com.cyanogenmod.settings.device.GlanceSensor$1.onTrigger:65 android.hardware.SystemSensorManager$TriggerEventQueue.dispatchSensorEvent:801 
06-18 19:38:11.627  2845  3394 I chatty  : uid=1000(system) ConnectivitySer expire 20 lines
06-18 19:38:40.446  2845  2879 I chatty  : uid=1000(system) android.bg expire 12 lines
06-18 19:39:01.994  2845  2950 I chatty  : uid=1000(system) FileObserver expire 10 lines
06-18 19:39:02.002  2845 13489 I chatty  : uid=1000(system) Binder:2845_12 expire 4 lines
06-18 19:39:05.358  2845  2880 I chatty  : uid=1000(system) ActivityManager expire 6 lines
06-18 19:39:34.852  4410  4410 W ContextImpl: Calling a method in the system process without a qualified user: android.app.ContextImpl.sendBroadcast:877 android.content.ContextWrapper.sendBroadcast:421 com.cyanogenmod.settings.device.DozePulseAction.action:48 com.cyanogenmod.settings.device.GlanceSensor$1.onTrigger:65 android.hardware.SystemSensorManager$TriggerEventQueue.dispatchSensorEvent:801 
06-18 19:39:39.506  2845  2884 I chatty  : uid=1000(system) batterystats-sy expire 3 lines
06-18 19:39:39.597  2845  3394 I chatty  : uid=1000(system) ConnectivitySer expire 23 lines
06-18 19:39:40.105  3859  3859 D MccTable: updateMccMncConfiguration mccmnc='311480' fromServiceState=true
06-18 19:39:40.106  3859  3859 D MccTable: updateMccMncConfiguration defaultMccMnc=311480
06-18 19:39:40.106  3859  3859 D MccTable: updateMccMncConfiguration: mcc=311, mnc=480
06-18 19:39:40.106  3859  3859 D MccTable: WIFI_COUNTRY_CODE set to us
06-18 19:39:40.106  2845  5976 I chatty  : uid=1000(system) Binder:2845_C expire 1 line
06-18 19:39:40.312  2845  2879 I chatty  : uid=1000(system) android.bg expire 3 lines
06-18 19:39:40.934  2845 13922 I chatty  : uid=1000(system) Binder:2845_1A expire 5 lines
06-18 19:39:41.057  2396  3191 D NetlinkEvent: Unknown ifindex 31 in RTM_DELADDR
06-18 19:39:51.526  2845 21595 I chatty  : uid=1000(system) Binder:2845_18 expire 6 lines
06-18 19:39:51.594  2845  4464 I chatty  : uid=1000(system) Binder:2845_B expire 6 lines
06-18 19:40:16.742  4410  4410 W ContextImpl: Calling a method in the system process without a qualified user: android.app.ContextImpl.sendBroadcast:877 android.content.ContextWrapper.sendBroadcast:421 com.cyanogenmod.settings.device.DozePulseAction.action:48 com.cyanogenmod.settings.device.GlanceSensor$1.onTrigger:65 android.hardware.SystemSensorManager$TriggerEventQueue.dispatchSensorEvent:801 
06-18 19:40:32.342  2845  6579 I chatty  : uid=1000(system) Binder:2845_10 expire 9 lines
06-18 19:41:30.052  2845 29212 I chatty  : uid=1000(system) Binder:2845_15 expire 5 lines
06-18 19:42:02.795  2845  5977 I chatty  : uid=1000(system) Binder:2845_D expire 4 lines
06-18 19:42:37.051  2845  6592 I chatty  : uid=1000(system) Binder:2845_11 expire 1 line
06-18 19:43:47.073  4410  4410 W ContextImpl: Calling a method in the system process without a qualified user: android.app.ContextImpl.sendBroadcast:877 android.content.ContextWrapper.sendBroadcast:421 com.cyanogenmod.settings.device.DozePulseAction.action:48 com.cyanogenmod.settings.device.GlanceSensor$1.onTrigger:65 android.hardware.SystemSensorManager$TriggerEventQueue.dispatchSensorEvent:801 
06-18 19:44:01.123  4410  4410 W ContextImpl: Calling a method in the system process without a qualified user: android.app.ContextImpl.sendBroadcast:877 android.content.ContextWrapper.sendBroadcast:421 com.cyanogenmod.settings.device.DozePulseAction.action:48 com.cyanogenmod.settings.device.GlanceSensor$1.onTrigger:65 android.hardware.SystemSensorManager$TriggerEventQueue.dispatchSensorEvent:801 
06-18 19:44:09.144  4410  4410 W ContextImpl: Calling a method in the system process without a qualified user: android.app.ContextImpl.sendBroadcast:877 android.content.ContextWrapper.sendBroadcast:421 com.cyanogenmod.settings.device.DozePulseAction.action:48 com.cyanogenmod.settings.device.GlanceSensor$1.onTrigger:65 android.hardware.SystemSensorManager$TriggerEventQueue.dispatchSensorEvent:801 
06-18 19:44:18.173  4410  4410 W ContextImpl: Calling a method in the system process without a qualified user: android.app.ContextImpl.sendBroadcast:877 android.content.ContextWrapper.sendBroadcast:421 com.cyanogenmod.settings.device.DozePulseAction.action:48 com.cyanogenmod.settings.device.GlanceSensor$1.onTrigger:65 android.hardware.SystemSensorManager$TriggerEventQueue.dispatchSensorEvent:801 
06-18 19:44:35.213  4410  4410 W ContextImpl: Calling a method in the system process without a qualified user: android.app.ContextImpl.sendBroadcast:877 android.content.ContextWrapper.sendBroadcast:421 com.cyanogenmod.settings.device.DozePulseAction.action:48 com.cyanogenmod.settings.device.GlanceSensor$1.onTrigger:65 android.hardware.SystemSensorManager$TriggerEventQueue.dispatchSensorEvent:801 
06-18 19:44:54.442  2845 10124 I chatty  : uid=1000(system) Binder:2845_14 expire 1 line
06-18 19:46:34.271  2845 21596 I chatty  : uid=1000(system) Binder:2845_19 expire 6 lines
06-18 19:47:27.309  2845  3390 I chatty  : uid=1000(system) WifiStateMachin expire 1 line
06-18 19:47:27.310  2845  3394 I chatty  : uid=1000(system) ConnectivitySer expire 23 lines
06-18 19:47:28.466  2845  4401 I chatty  : uid=1000(system) Binder:2845_8 expire 1 line
06-18 19:47:28.466  2845  5978 I chatty  : uid=1000(system) Binder:2845_E expire 2 lines
06-18 19:47:28.479  2396  3191 D NetlinkEvent: Unknown ifindex 32 in RTM_DELADDR
06-18 19:47:31.107  2845  3380 I chatty  : uid=1000(system) InputReader expire 4 lines
06-18 19:47:31.153  2845  2971 I chatty  : uid=1000(system) PowerManagerSer expire 15 lines
06-18 19:47:31.162  2845  2965 I chatty  : uid=1000(system) android.display expire 5 lines
06-18 19:47:31.355  2845  2962 I chatty  : uid=1000(system) android.fg expire 5 lines
06-18 19:47:38.723  2845  3883 I chatty  : uid=1000(system) Binder:2845_5 expire 1 line
06-18 19:47:38.723  2845 21594 I chatty  : uid=1000(system) Binder:2845_17 expire 2 lines
06-18 19:47:38.724  2845  3956 I chatty  : uid=1000(system) Binder:2845_6 expire 3 lines
06-18 19:47:38.724  2845  6576 I chatty  : uid=1000(system) Binder:2845_F expire 1 line
06-18 19:47:42.131  2845  2881 I chatty  : uid=1000(system) android.ui expire 3 lines
06-18 19:47:46.148  2845  3501 I chatty  : uid=1000(system) Binder:2845_3 expire 5 lines
06-18 19:48:08.576  4410  4410 W ContextImpl: Calling a method in the system process without a qualified user: android.app.ContextImpl.sendBroadcast:877 android.content.ContextWrapper.sendBroadcast:421 com.cyanogenmod.settings.device.DozePulseAction.action:48 com.cyanogenmod.settings.device.GlanceSensor$1.onTrigger:65 android.hardware.SystemSensorManager$TriggerEventQueue.dispatchSensorEvent:801 
06-18 19:48:27.349  4410  4410 W ContextImpl: Calling a method in the system process without a qualified user: android.app.ContextImpl.sendBroadcast:877 android.content.ContextWrapper.sendBroadcast:421 com.cyanogenmod.settings.device.DozePulseAction.action:48 com.cyanogenmod.settings.device.GlanceSensor$1.onTrigger:65 android.hardware.SystemSensorManager$TriggerEventQueue.dispatchSensorEvent:801 
06-18 19:48:47.864  3859  3859 D MccTable: updateMccMncConfiguration mccmnc='31000' fromServiceState=true
06-18 19:48:47.865  3859  3859 D MccTable: updateMccMncConfiguration defaultMccMnc=311480
06-18 19:48:47.865  3859  3859 D MccTable: updateMccMncConfiguration: mcc=310, mnc=0
06-18 19:48:47.865  3859  3859 D MccTable: WIFI_COUNTRY_CODE set to us
06-18 19:48:53.387  2845  2845 I chatty  : uid=1000 system_server expire 10 lines
06-18 19:50:21.998  4410  4410 W ContextImpl: Calling a method in the system process without a qualified user: android.app.ContextImpl.sendBroadcast:877 android.content.ContextWrapper.sendBroadcast:421 com.cyanogenmod.settings.device.DozePulseAction.action:48 com.cyanogenmod.settings.device.ProximitySensor.onSensorChanged:68 android.hardware.SystemSensorManager$SensorEventQueue.dispatchSensorEvent:711 
06-18 19:51:18.339  2845  2971 I chatty  : uid=1000(system) PowerManagerSer expire 18 lines
06-18 19:51:18.466  2845  4452 I chatty  : uid=1000(system) Binder:2845_A expire 10 lines
06-18 19:52:58.876  2845  2845 I chatty  : uid=1000 system_server expire 14 lines
06-18 19:53:12.080  2845  2971 I chatty  : uid=1000(system) PowerManagerSer expire 16 lines
06-18 19:53:42.221  2845  2879 I chatty  : uid=1000(system) android.bg expire 9 lines
06-18 19:54:08.703  2845  2950 I chatty  : uid=1000(system) FileObserver expire 6 lines
06-18 19:54:08.709  2845  3501 I chatty  : uid=1000(system) Binder:2845_3 expire 6 lines
06-18 19:55:39.135  2845  9572 I chatty  : uid=1000(system) Binder:2845_13 expire 6 lines
06-18 19:56:53.493  2845  2880 I chatty  : uid=1000(system) ActivityManager expire 11 lines
06-18 19:57:30.207  2845  2867 I chatty  : uid=1000(system) Binder:2845_1 expire 5 lines
06-18 19:57:37.490  2845 21596 I chatty  : uid=1000(system) Binder:2845_19 expire 2 lines
06-18 19:57:37.531  2845  4441 I chatty  : uid=1000(system) Binder:2845_9 expire 13 lines
06-18 19:57:37.621  2845  2868 I chatty  : uid=1000(system) Binder:2845_2 expire 2 lines
06-18 19:57:46.575  2845  6579 I chatty  : uid=1000(system) Binder:2845_10 expire 7 lines
06-18 19:57:46.683  2845  4398 I chatty  : uid=1000(system) Binder:2845_7 expire 1 line
06-18 19:57:49.573  2845  2994 I chatty  : uid=1000(system) PackageManager expire 5 lines
06-18 19:57:54.317  2845 21595 I chatty  : uid=1000(system) Binder:2845_18 expire 3 lines
06-18 19:57:54.408  2845  6576 I chatty  : uid=1000(system) Binder:2845_F expire 10 lines
06-18 19:57:54.551  2845 21594 I chatty  : uid=1000(system) Binder:2845_17 expire 6 lines
06-18 19:57:58.229  2845 21385 I chatty  : uid=1000(system) Binder:2845_16 expire 2 lines
06-18 19:57:58.232   424   429 D VoldCryptCmdListener: cryptfs getpwtype
06-18 19:57:58.236  2845  3383 I chatty  : uid=1000(system) CryptdConnector expire 2 lines
06-18 19:57:58.247  2845  4464 I chatty  : uid=1000(system) Binder:2845_B expire 5 lines
06-18 19:57:58.247   424   429 D VoldCryptCmdListener: cryptfs getpwtype
06-18 19:57:58.251  2845  3382 I chatty  : uid=1000(system) VoldConnector expire 2 lines
06-18 19:57:58.265  2845 10124 I chatty  : uid=1000(system) Binder:2845_14 expire 5 lines
06-18 19:57:59.869 27626 27684 E ActivityThread: Failed to find provider info for com.facebook.katana.provider.AttributionIdProvider
06-18 19:59:01.688  2845  5977 I chatty  : uid=1000(system) Binder:2845_D expire 6 lines
06-18 19:59:07.389  2845  2881 I chatty  : uid=1000(system) android.ui expire 1 line
06-18 19:59:09.642  2845 13489 I chatty  : uid=1000(system) Binder:2845_12 expire 7 lines
06-18 19:59:16.592  2845  4401 I chatty  : uid=1000(system) Binder:2845_8 expire 6 lines
06-18 19:59:17.039  2845  3956 I chatty  : uid=1000(system) Binder:2845_6 expire 5 lines
06-18 19:59:17.066  2845  3394 I chatty  : uid=1000(system) ConnectivitySer expire 2 lines
06-18 19:59:18.794 28076 28120 E ActivityThread: Failed to find provider info for com.facebook.katana.provider.AttributionIdProvider
06-18 19:59:35.133  2845  6592 I chatty  : uid=1000(system) Binder:2845_11 expire 2 lines
06-18 19:59:35.315  2845  3525 I chatty  : uid=1000(system) Binder:2845_4 expire 1 line
06-18 19:59:55.901  2845  2845 I chatty  : uid=1000 system_server expire 20 lines
06-18 19:59:56.220  2845  2971 I chatty  : uid=1000(system) PowerManagerSer expire 12 lines
06-18 19:59:56.226  2845  5976 I chatty  : uid=1000(system) Binder:2845_C expire 2 lines
06-18 19:59:56.261  2845  6576 I chatty  : uid=1000(system) Binder:2845_F expire 8 lines
06-18 19:59:56.378  2845  3883 I chatty  : uid=1000(system) Binder:2845_5 expire 2 lines
06-18 20:01:43.741  2845  5978 I chatty  : uid=1000(system) Binder:2845_E expire 1 line
06-18 20:01:49.107  2845 13922 I chatty  : uid=1000(system) Binder:2845_1A expire 2 lines
06-18 20:01:49.136  2845 29212 I chatty  : uid=1000(system) Binder:2845_15 expire 3 lines
06-18 20:02:02.488  2845  9572 I chatty  : uid=1000(system) Binder:2845_13 expire 5 lines
06-18 20:02:02.494  2845  2868 I chatty  : uid=1000(system) Binder:2845_2 expire 8 lines
06-18 20:02:03.176  2845  2971 I chatty  : uid=1000(system) PowerManagerSer expire 18 lines
06-18 20:02:07.097  2845  5977 I chatty  : uid=1000(system) Binder:2845_D expire 13 lines
06-18 20:02:07.113  2845 13489 I chatty  : uid=1000(system) Binder:2845_12 expire 6 lines
06-18 20:02:07.119  2845  4464 I chatty  : uid=1000(system) Binder:2845_B expire 4 lines
06-18 20:02:07.132  2845 21594 I chatty  : uid=1000(system) Binder:2845_17 expire 4 lines
06-18 20:02:07.149  2845  3525 I chatty  : uid=1000(system) Binder:2845_4 expire 4 lines
06-18 20:02:07.150  2845  2867 I chatty  : uid=1000(system) Binder:2845_1 expire 5 lines
06-18 20:02:07.152  2845  4452 I chatty  : uid=1000(system) Binder:2845_A expire 5 lines
06-18 20:02:07.154  2845  4398 I chatty  : uid=1000(system) Binder:2845_7 expire 5 lines
06-18 20:02:13.327  2845  2880 I chatty  : uid=1000(system) ActivityManager expire 6 lines
06-18 20:02:17.768  2845  3956 I chatty  : uid=1000(system) Binder:2845_6 expire 3 lines
06-18 20:02:33.032  2845  2845 I chatty  : uid=1000 system_server expire 12 lines
06-18 20:02:33.179  2845  3883 I chatty  : uid=1000(system) Binder:2845_5 expire 6 lines
06-18 20:02:44.831  2845 10124 I chatty  : uid=1000(system) Binder:2845_14 expire 2 lines
06-18 20:02:48.594  2845  6576 I chatty  : uid=1000(system) Binder:2845_F expire 5 lines
06-18 20:03:09.933  2845 13922 I chatty  : uid=1000(system) Binder:2845_1A expire 2 lines
06-18 20:03:09.936  2845  4401 I chatty  : uid=1000(system) Binder:2845_8 expire 6 lines
06-18 20:03:09.951  2845  3394 I chatty  : uid=1000(system) ConnectivitySer expire 4 lines
06-18 20:03:09.955  2845  6579 I chatty  : uid=1000(system) Binder:2845_10 expire 2 lines
06-18 20:03:10.025  2845  5978 I chatty  : uid=1000(system) Binder:2845_E expire 2 lines
06-18 20:03:12.268  2845  2950 I chatty  : uid=1000(system) FileObserver expire 7 lines
06-18 20:03:12.337  2845 29252 I chatty  : uid=1000 system_server expire 4 lines
06-18 20:04:53.006  2845  3501 I chatty  : uid=1000(system) Binder:2845_3 expire 2 lines
06-18 20:05:12.332  2845  4441 I chatty  : uid=1000(system) Binder:2845_9 expire 2 lines
06-18 20:05:40.677  2845 29698 I chatty  : uid=1000(system) Binder:2845_1B expire 2 lines
06-18 20:05:40.678  2845  5976 I chatty  : uid=1000(system) Binder:2845_C expire 1 line
06-18 20:05:44.298  2845 29699 I chatty  : uid=1000(system) Binder:2845_1C expire 2 lines
06-18 20:05:44.570   424   429 D VoldCryptCmdListener: cryptfs getpwtype
06-18 20:05:44.573  2845  3383 I chatty  : uid=1000(system) CryptdConnector expire 2 lines
06-18 20:05:44.609   424   429 D VoldCryptCmdListener: cryptfs getpwtype
06-18 20:05:45.670 29710 29772 E ActivityThread: Failed to find provider info for com.facebook.katana.provider.AttributionIdProvider
06-18 20:05:46.206  2845 21595 I chatty  : uid=1000(system) Binder:2845_18 expire 5 lines
06-18 20:06:03.885  2845  2884 I chatty  : uid=1000(system) batterystats-sy expire 1 line
06-18 20:06:30.750  2845  2971 I chatty  : uid=1000(system) PowerManagerSer expire 58 lines
06-18 20:09:34.360  2845  2845 I chatty  : uid=1000 system_server expire 6 lines
06-18 20:10:10.652  2845 21596 I chatty  : uid=1000(system) Binder:2845_19 expire 1 line
06-18 20:10:44.873  2845 21385 I chatty  : uid=1000(system) Binder:2845_16 expire 4 lines
06-18 20:12:48.529  2845  2880 I chatty  : uid=1000(system) ActivityManager expire 37 lines
06-18 20:12:48.553  2845  2845 I chatty  : uid=1000 system_server expire 35 lines
06-18 20:12:48.701  2845  6579 I chatty  : uid=1000(system) Binder:2845_10 expire 2 lines
06-18 20:12:48.728  2845  4441 I chatty  : uid=1000(system) Binder:2845_9 expire 13 lines
06-18 20:12:58.265  2845  2971 I chatty  : uid=1000(system) PowerManagerSer expire 8 lines
06-18 20:13:45.964  2845  2950 I chatty  : uid=1000(system) FileObserver expire 27 lines
06-18 20:13:45.972  2845 29698 I chatty  : uid=1000(system) Binder:2845_1B expire 11 lines
06-18 20:13:48.995  2845 21596 I chatty  : uid=1000(system) Binder:2845_19 expire 9 lines
06-18 20:13:51.412  2845  3883 I chatty  : uid=1000(system) Binder:2845_5 expire 5 lines
06-18 20:14:03.023  2845  3380 I chatty  : uid=1000(system) InputReader expire 1 line
06-18 20:14:03.778  2845  2965 I chatty  : uid=1000(system) android.display expire 1 line
06-18 20:14:03.972  2845  2962 I chatty  : uid=1000(system) android.fg expire 1 line
06-18 20:14:04.261  2845  2881 I chatty  : uid=1000(system) android.ui expire 1 line
06-18 20:15:16.469  2845 21595 I chatty  : uid=1000(system) Binder:2845_18 expire 4 lines
06-18 20:16:51.702  2845  5976 I chatty  : uid=1000(system) Binder:2845_C expire 4 lines
06-18 20:17:30.230  2845  2879 I chatty  : uid=1000(system) android.bg expire 2 lines
06-18 20:18:22.615  2845  9572 I chatty  : uid=1000(system) Binder:2845_13 expire 4 lines
06-18 20:19:57.490  2845  4452 I chatty  : uid=1000(system) Binder:2845_A expire 8 lines
06-18 20:21:27.997  2845  2867 I chatty  : uid=1000(system) Binder:2845_1 expire 9 lines
06-18 20:22:53.461  2845  3398 I chatty  : uid=1000(system) ranker expire 1 line
06-18 20:24:04.183  2845  3385 I chatty  : uid=1000(system) NetworkStats expire 1 line
06-18 20:24:06.777  2845  6576 I chatty  : uid=1000(system) Binder:2845_F expire 1 line
06-18 20:24:29.024  2845  3501 I chatty  : uid=1000(system) Binder:2845_3 expire 8 lines
06-18 20:27:30.143  2845 21594 I chatty  : uid=1000(system) Binder:2845_17 expire 10 lines
06-18 20:29:07.850  2845  2868 I chatty  : uid=1000(system) Binder:2845_2 expire 1 line
06-18 20:30:31.108  2845  3956 I chatty  : uid=1000(system) Binder:2845_6 expire 4 lines
06-18 20:33:33.778  2845 13922 I chatty  : uid=1000(system) Binder:2845_1A expire 4 lines
06-18 20:36:16.781  2845  2884 I chatty  : uid=1000(system) batterystats-sy expire 1 line
06-18 20:36:37.658  2845  4398 I chatty  : uid=1000(system) Binder:2845_7 expire 8 lines
06-18 20:39:41.056  2845 13489 I chatty  : uid=1000(system) Binder:2845_12 expire 4 lines
06-18 20:45:49.177  2845  3525 I chatty  : uid=1000(system) Binder:2845_4 expire 12 lines
06-18 20:53:26.332  2845 21594 I chatty  : uid=1000(system) Binder:2845_17 expire 3 lines
06-18 20:54:12.539  4410  4410 W ContextImpl: Calling a method in the system process without a qualified user: android.app.ContextImpl.sendBroadcast:877 android.content.ContextWrapper.sendBroadcast:421 com.cyanogenmod.settings.device.DozePulseAction.action:48 com.cyanogenmod.settings.device.GlanceSensor$1.onTrigger:65 android.hardware.SystemSensorManager$TriggerEventQueue.dispatchSensorEvent:801 
06-18 20:54:12.556  2845  2971 I chatty  : uid=1000(system) PowerManagerSer expire 13 lines
06-18 20:54:12.565  2845  2965 I chatty  : uid=1000(system) android.display expire 6 lines
06-18 20:54:15.286  2845  3883 I chatty  : uid=1000(system) Binder:2845_5 expire 2 lines
06-18 20:54:15.364  2845  4441 I chatty  : uid=1000(system) Binder:2845_9 expire 5 lines
06-18 20:54:15.364  2845  2962 I chatty  : uid=1000(system) android.fg expire 4 lines
06-18 20:54:16.896  2845 21596 I chatty  : uid=1000(system) Binder:2845_19 expire 6 lines
06-18 20:54:16.926  2845 13489 I chatty  : uid=1000(system) Binder:2845_12 expire 7 lines
06-18 20:54:16.947  2845  2880 I chatty  : uid=1000(system) ActivityManager expire 13 lines
06-18 20:54:17.383  2845 29212 I chatty  : uid=1000(system) Binder:2845_15 expire 3 lines
06-18 20:54:17.682  2845  4464 I chatty  : uid=1000(system) Binder:2845_B expire 3 lines
06-18 20:54:26.419  2845  2881 I chatty  : uid=1000(system) android.ui expire 7 lines
06-18 20:54:27.142  2845  3380 I chatty  : uid=1000(system) InputReader expire 3 lines
06-18 20:54:57.465  2845  2950 I chatty  : uid=1000(system) FileObserver expire 11 lines
06-18 20:54:57.473  2845  6592 I chatty  : uid=1000(system) Binder:2845_11 expire 6 lines
06-18 20:55:26.664  2845 21595 I chatty  : uid=1000(system) Binder:2845_18 expire 10 lines
06-18 20:56:29.121  2845  4452 I chatty  : uid=1000(system) Binder:2845_A expire 4 lines
06-18 20:58:00.579  4410  4410 W ContextImpl: Calling a method in the system process without a qualified user: android.app.ContextImpl.sendBroadcast:877 android.content.ContextWrapper.sendBroadcast:421 com.cyanogenmod.settings.device.DozePulseAction.action:48 com.cyanogenmod.settings.device.GlanceSensor$1.onTrigger:65 android.hardware.SystemSensorManager$TriggerEventQueue.dispatchSensorEvent:801 
06-18 20:58:04.111  4410  4410 W ContextImpl: Calling a method in the system process without a qualified user: android.app.ContextImpl.sendBroadcast:877 android.content.ContextWrapper.sendBroadcast:421 com.cyanogenmod.settings.device.DozePulseAction.action:48 com.cyanogenmod.settings.device.GlanceSensor$1.onTrigger:65 android.hardware.SystemSensorManager$TriggerEventQueue.dispatchSensorEvent:801 
06-18 20:58:15.751  4410  4410 W ContextImpl: Calling a method in the system process without a qualified user: android.app.ContextImpl.sendBroadcast:877 android.content.ContextWrapper.sendBroadcast:421 com.cyanogenmod.settings.device.DozePulseAction.action:48 com.cyanogenmod.settings.device.GlanceSensor$1.onTrigger:65 android.hardware.SystemSensorManager$TriggerEventQueue.dispatchSensorEvent:801 
06-18 20:58:20.778  4410  4410 W ContextImpl: Calling a method in the system process without a qualified user: android.app.ContextImpl.sendBroadcast:877 android.content.ContextWrapper.sendBroadcast:421 com.cyanogenmod.settings.device.DozePulseAction.action:48 com.cyanogenmod.settings.device.ProximitySensor.onSensorChanged:68 android.hardware.SystemSensorManager$SensorEventQueue.dispatchSensorEvent:711 
06-18 20:58:24.611  4410  4410 W ContextImpl: Calling a method in the system process without a qualified user: android.app.ContextImpl.sendBroadcast:877 android.content.ContextWrapper.sendBroadcast:421 com.cyanogenmod.settings.device.DozePulseAction.action:48 com.cyanogenmod.settings.device.GlanceSensor$1.onTrigger:65 android.hardware.SystemSensorManager$TriggerEventQueue.dispatchSensorEvent:801 
06-18 20:58:59.867  4410  4410 W ContextImpl: Calling a method in the system process without a qualified user: android.app.ContextImpl.sendBroadcast:877 android.content.ContextWrapper.sendBroadcast:421 com.cyanogenmod.settings.device.DozePulseAction.action:48 com.cyanogenmod.settings.device.GlanceSensor$1.onTrigger:65 android.hardware.SystemSensorManager$TriggerEventQueue.dispatchSensorEvent:801 
06-18 20:59:30.475  2845 29698 I chatty  : uid=1000(system) Binder:2845_1B expire 8 lines
06-18 20:59:32.139  4410  4410 W ContextImpl: Calling a method in the system process without a qualified user: android.app.ContextImpl.sendBroadcast:877 android.content.ContextWrapper.sendBroadcast:421 com.cyanogenmod.settings.device.DozePulseAction.action:48 com.cyanogenmod.settings.device.GlanceSensor$1.onTrigger:65 android.hardware.SystemSensorManager$TriggerEventQueue.dispatchSensorEvent:801 
06-18 20:59:48.351  4410  4410 W ContextImpl: Calling a method in the system process without a qualified user: android.app.ContextImpl.sendBroadcast:877 android.content.ContextWrapper.sendBroadcast:421 com.cyanogenmod.settings.device.DozePulseAction.action:48 com.cyanogenmod.settings.device.GlanceSensor$1.onTrigger:65 android.hardware.SystemSensorManager$TriggerEventQueue.dispatchSensorEvent:801 
06-18 20:59:52.316  4410  4410 W ContextImpl: Calling a method in the system process without a qualified user: android.app.ContextImpl.sendBroadcast:877 android.content.ContextWrapper.sendBroadcast:421 com.cyanogenmod.settings.device.DozePulseAction.action:48 com.cyanogenmod.settings.device.GlanceSensor$1.onTrigger:65 android.hardware.SystemSensorManager$TriggerEventQueue.dispatchSensorEvent:801 
06-18 20:59:58.057  4410  4410 W ContextImpl: Calling a method in the system process without a qualified user: android.app.ContextImpl.sendBroadcast:877 android.content.ContextWrapper.sendBroadcast:421 com.cyanogenmod.settings.device.DozePulseAction.action:48 com.cyanogenmod.settings.device.GlanceSensor$1.onTrigger:65 android.hardware.SystemSensorManager$TriggerEventQueue.dispatchSensorEvent:801 
06-18 21:00:05.280  2845  2971 I chatty  : uid=1000(system) PowerManagerSer expire 34 lines
06-18 21:02:31.845  2845  5977 I chatty  : uid=1000(system) Binder:2845_D expire 10 lines
06-18 21:02:37.504  2845  2867 I chatty  : uid=1000(system) Binder:2845_1 expire 1 line
06-18 21:02:37.519  2845  3956 I chatty  : uid=1000(system) Binder:2845_6 expire 3 lines
06-18 21:03:08.499  2845  3501 I chatty  : uid=1000(system) Binder:2845_3 expire 2 lines
06-18 21:03:11.048  2845  5978 I chatty  : uid=1000(system) Binder:2845_E expire 3 lines
06-18 21:04:02.350  2845 21385 I chatty  : uid=1000(system) Binder:2845_16 expire 5 lines
06-18 21:04:58.536  2845  2880 I chatty  : uid=1000(system) ActivityManager expire 6 lines
06-18 21:04:58.865  2845  2845 I chatty  : uid=1000 system_server expire 17 lines
06-18 21:06:30.655  2845  2884 I chatty  : uid=1000(system) batterystats-sy expire 1 line
06-18 21:07:28.300  2845  2883 I chatty  : uid=1000(system) ActivityManager expire 1 line
06-18 21:10:22.663  2845 13922 I chatty  : uid=1000(system) Binder:2845_1A expire 5 lines
06-18 21:10:23.945  1682  1708 E ActivityThread: Failed to find provider info for com.facebook.katana.provider.AttributionIdProvider
06-18 21:10:45.947  2845  5977 I chatty  : uid=1000(system) Binder:2845_D expire 1 line
06-18 21:11:35.466  2845  2950 I chatty  : uid=1000(system) FileObserver expire 6 lines
06-18 21:11:56.838  2845  4401 I chatty  : uid=1000(system) Binder:2845_8 expire 1 line
06-18 21:12:06.111  2845  2971 I chatty  : uid=1000(system) PowerManagerSer expire 2 lines
06-18 21:12:26.163  2845  3525 I chatty  : uid=1000(system) Binder:2845_4 expire 1 line
06-18 21:13:06.872  2845  5976 I chatty  : uid=1000(system) Binder:2845_C expire 8 lines
06-18 21:14:19.209  2845  2879 I chatty  : uid=1000(system) android.bg expire 1 line
06-18 21:17:38.424  2845  6579 I chatty  : uid=1000(system) Binder:2845_10 expire 4 lines
06-18 21:17:52.731  2845  4398 I chatty  : uid=1000(system) Binder:2845_7 expire 2 lines
06-18 21:19:09.003  2845 13489 I chatty  : uid=1000(system) Binder:2845_12 expire 4 lines
06-18 21:20:39.605  2845  2950 I chatty  : uid=1000(system) FileObserver expire 27 lines
06-18 21:20:39.611  2845  4441 I chatty  : uid=1000(system) Binder:2845_9 expire 10 lines
06-18 21:22:10.170  2845  5977 I chatty  : uid=1000(system) Binder:2845_D expire 8 lines
06-18 21:23:40.698  2845  3525 I chatty  : uid=1000(system) Binder:2845_4 expire 5 lines
06-18 21:24:08.022  2845  2845 I chatty  : uid=1000 system_server expire 45 lines
06-18 21:26:42.263  2845 10124 I chatty  : uid=1000(system) Binder:2845_14 expire 4 lines
06-18 21:28:12.764  2845  6592 I chatty  : uid=1000(system) Binder:2845_11 expire 12 lines
06-18 21:28:12.831  2845  2880 I chatty  : uid=1000(system) ActivityManager expire 14 lines
06-18 21:28:12.895  2845  2879 I chatty  : uid=1000(system) android.bg expire 1 line
06-18 21:29:43.341  2845 29698 I chatty  : uid=1000(system) Binder:2845_1B expire 8 lines
06-18 21:31:13.859  2845  2867 I chatty  : uid=1000(system) Binder:2845_1 expire 10 lines
06-18 21:32:44.363  2845 13922 I chatty  : uid=1000(system) Binder:2845_1A expire 4 lines
06-18 21:34:14.887  2845  4401 I chatty  : uid=1000(system) Binder:2845_8 expire 5 lines
06-18 21:35:44.929  2845  5978 I chatty  : uid=1000(system) Binder:2845_E expire 4 lines
06-18 21:36:31.660  2845  2884 I chatty  : uid=1000(system) batterystats-sy expire 1 line
06-18 21:38:45.886  2845 21595 I chatty  : uid=1000(system) Binder:2845_18 expire 4 lines
06-18 21:41:46.930  2845  9572 I chatty  : uid=1000(system) Binder:2845_13 expire 7 lines
06-18 21:44:47.944  2845 21385 I chatty  : uid=1000(system) Binder:2845_16 expire 6 lines
06-18 21:46:18.249  2845 29699 I chatty  : uid=1000(system) Binder:2845_1C expire 8 lines
06-18 21:47:48.755  2845  5976 I chatty  : uid=1000(system) Binder:2845_C expire 6 lines
06-18 21:49:19.272  2845  3883 I chatty  : uid=1000(system) Binder:2845_5 expire 11 lines
06-18 21:55:21.233  2845  6579 I chatty  : uid=1000(system) Binder:2845_10 expire 5 lines
06-18 21:56:52.136  2845  2868 I chatty  : uid=1000(system) Binder:2845_2 expire 4 lines
06-18 21:59:53.140  2845 21596 I chatty  : uid=1000(system) Binder:2845_19 expire 4 lines
06-18 22:00:04.222  2845  3398 I chatty  : uid=1000(system) ranker expire 1 line
06-18 22:00:16.250  3859  3859 D MccTable: updateMccMncConfiguration mccmnc='00000' fromServiceState=true
06-18 22:00:16.255  3859  3859 D MccTable: updateMccMncConfiguration defaultMccMnc=311480
06-18 22:00:16.255  3859  3859 D MccTable: updateMccMncConfiguration: mcc=0, mnc=0
06-18 22:00:16.255  3859  3859 D MccTable: WIFI_COUNTRY_CODE set to 
06-18 22:00:16.368  2845  2880 I chatty  : uid=1000(system) ActivityManager expire 1 line
06-18 22:00:25.270  2845  2845 I chatty  : uid=1000 system_server expire 6 lines
06-18 22:00:25.285  3859  3859 D MccTable: updateMccMncConfiguration mccmnc='31000' fromServiceState=true
06-18 22:00:25.286  3859  3859 D MccTable: updateMccMncConfiguration defaultMccMnc=311480
06-18 22:00:25.286  3859  3859 D MccTable: updateMccMncConfiguration: mcc=310, mnc=0
06-18 22:00:25.286  3859  3859 D MccTable: WIFI_COUNTRY_CODE set to us
06-18 22:00:25.287  2845 21594 I chatty  : uid=1000(system) Binder:2845_17 expire 1 line
06-18 22:00:25.435  2845  4452 I chatty  : uid=1000(system) Binder:2845_A expire 4 lines
06-18 22:00:49.466  3859  3859 D MccTable: updateMccMncConfiguration mccmnc='00000' fromServiceState=true
06-18 22:00:49.467  3859  3859 D MccTable: updateMccMncConfiguration defaultMccMnc=311480
06-18 22:00:49.467  3859  3859 D MccTable: updateMccMncConfiguration: mcc=0, mnc=0
06-18 22:00:49.467  3859  3859 D MccTable: WIFI_COUNTRY_CODE set to 
06-18 22:00:49.951  3859  3859 D MccTable: updateMccMncConfiguration mccmnc='null' fromServiceState=true
06-18 22:00:49.951  3859  3859 D MccTable: WIFI_COUNTRY_CODE set to 
06-18 22:00:49.952  2845  4441 I chatty  : uid=1000(system) Binder:2845_9 expire 1 line
06-18 22:00:50.051  2845 13489 I chatty  : uid=1000(system) Binder:2845_12 expire 2 lines
06-18 22:00:50.122  2845  3525 I chatty  : uid=1000(system) Binder:2845_4 expire 5 lines
06-18 22:00:50.169  3859  3859 D MccTable: updateMccMncConfiguration mccmnc='311480' fromServiceState=false
06-18 22:00:50.170  3859  3859 D MccTable: updateMccMncConfiguration defaultMccMnc=311480
06-18 22:00:50.170  3859  3859 D MccTable: updateMccMncConfiguration: mcc=311, mnc=480
06-18 22:00:50.170  3859  3859 D MccTable: updateMccMncConfiguration updateConfig config={1.0 311mcc480mnc ?localeList ?layoutDir ?swdp ?wdp ?hdp ?density ?lsize ?long ?orien ?uimode ?night ?touch ?keyb/?/? ?nav/?}
06-18 22:00:50.259  3859  3859 D MccTable: updateMccMncConfiguration mccmnc='311480' fromServiceState=false
06-18 22:00:50.260  3859  3859 D MccTable: updateMccMncConfiguration defaultMccMnc=311480
06-18 22:00:50.260  3859  3859 D MccTable: updateMccMncConfiguration: mcc=311, mnc=480
06-18 22:00:50.260  3859  3859 D MccTable: updateMccMncConfiguration updateConfig config={1.0 311mcc480mnc ?localeList ?layoutDir ?swdp ?wdp ?hdp ?density ?lsize ?long ?orien ?uimode ?night ?touch ?keyb/?/? ?nav/?}
06-18 22:00:50.311  2845  5978 I chatty  : uid=1000(system) Binder:2845_E expire 2 lines
06-18 22:00:50.442  2845 13922 I chatty  : uid=1000(system) Binder:2845_1A expire 3 lines
06-18 22:00:50.482  2845  6576 I chatty  : uid=1000(system) Binder:2845_F expire 11 lines
06-18 22:00:50.526  2845  2867 I chatty  : uid=1000(system) Binder:2845_1 expire 8 lines
06-18 22:00:50.554  2845  4401 I chatty  : uid=1000(system) Binder:2845_8 expire 2 lines
06-18 22:00:50.574  2845  2845 I chatty  : uid=1000 system_server expire 130 lines
06-18 22:00:50.760  2845  5977 I chatty  : uid=1000(system) Binder:2845_D expire 1 line
06-18 22:00:51.771  2845  6579 I chatty  : uid=1000(system) Binder:2845_10 expire 9 lines
06-18 22:00:53.834  3859  3859 D MccTable: updateMccMncConfiguration mccmnc='31000' fromServiceState=true
06-18 22:00:53.835  3859  3859 D MccTable: updateMccMncConfiguration defaultMccMnc=311480
06-18 22:00:53.835  3859  3859 D MccTable: updateMccMncConfiguration: mcc=310, mnc=0
06-18 22:00:53.835  3859  3859 D MccTable: WIFI_COUNTRY_CODE set to us
06-18 22:00:53.835  2845  3956 I chatty  : uid=1000(system) Binder:2845_6 expire 6 lines
06-18 22:00:53.993  2845  9572 I chatty  : uid=1000(system) Binder:2845_13 expire 4 lines
06-18 22:00:54.226  2845  4464 I chatty  : uid=1000(system) Binder:2845_B expire 9 lines
06-18 22:00:54.265  3859  3859 D MccTable: updateMccMncConfiguration mccmnc='311480' fromServiceState=false
06-18 22:00:54.265  3859  3859 D MccTable: updateMccMncConfiguration defaultMccMnc=311480
06-18 22:00:54.265  3859  3859 D MccTable: updateMccMncConfiguration: mcc=311, mnc=480
06-18 22:00:54.265  3859  3859 D MccTable: updateMccMncConfiguration updateConfig config={1.0 311mcc480mnc ?localeList ?layoutDir ?swdp ?wdp ?hdp ?density ?lsize ?long ?orien ?uimode ?night ?touch ?keyb/?/? ?nav/?}
06-18 22:00:54.335  3859  3859 D MccTable: updateMccMncConfiguration mccmnc='311480' fromServiceState=false
06-18 22:00:54.336  3859  3859 D MccTable: updateMccMncConfiguration defaultMccMnc=311480
06-18 22:00:54.336  3859  3859 D MccTable: updateMccMncConfiguration: mcc=311, mnc=480
06-18 22:00:54.336  3859  3859 D MccTable: updateMccMncConfiguration updateConfig config={1.0 311mcc480mnc ?localeList ?layoutDir ?swdp ?wdp ?hdp ?density ?lsize ?long ?orien ?uimode ?night ?touch ?keyb/?/? ?nav/?}
06-18 22:00:54.539  2845 21595 I chatty  : uid=1000(system) Binder:2845_18 expire 2 lines
06-18 22:00:54.838  2845  3883 I chatty  : uid=1000(system) Binder:2845_5 expire 2 lines
06-18 22:00:55.037  2845  2868 I chatty  : uid=1000(system) Binder:2845_2 expire 2 lines
06-18 22:00:55.285  2845 29212 I chatty  : uid=1000(system) Binder:2845_15 expire 2 lines
06-18 22:00:55.414  2845  6592 I chatty  : uid=1000(system) Binder:2845_11 expire 4 lines
06-18 22:01:24.045  2845  2950 I chatty  : uid=1000(system) FileObserver expire 6 lines
06-18 22:04:29.264  2845  3394 I chatty  : uid=1000(system) ConnectivitySer expire 15 lines
06-18 22:06:31.808  2845  2884 I chatty  : uid=1000(system) batterystats-sy expire 1 line
06-18 22:07:17.391  2845  2880 I chatty  : uid=1000(system) ActivityManager expire 1 line
06-18 22:07:26.225  2845  3501 I chatty  : uid=1000(system) Binder:2845_3 expire 4 lines
06-18 22:07:51.105  2845 21596 I chatty  : uid=1000(system) Binder:2845_19 expire 1 line
06-18 22:08:10.383  2845  4452 I chatty  : uid=1000(system) Binder:2845_A expire 2 lines
06-18 22:09:02.811  2845  2845 I chatty  : uid=1000 system_server expire 175 lines
06-18 22:09:23.006  2845  3956 I chatty  : uid=1000(system) Binder:2845_6 expire 1 line
06-18 22:09:28.839  2845  5977 I chatty  : uid=1000(system) Binder:2845_D expire 1 line
06-18 22:09:28.839  2845  3394 I chatty  : uid=1000(system) ConnectivitySer expire 20 lines
06-18 22:09:53.692  2845 21385 I chatty  : uid=1000(system) Binder:2845_16 expire 1 line
06-18 22:10:20.890  2845  4464 I chatty  : uid=1000(system) Binder:2845_B expire 1 line
06-18 22:10:44.216  2845  2879 I chatty  : uid=1000(system) android.bg expire 9 lines
06-18 22:10:47.263  2845  2950 I chatty  : uid=1000(system) FileObserver expire 5 lines
06-18 22:10:47.269  2845 13489 I chatty  : uid=1000(system) Binder:2845_12 expire 4 lines
06-18 22:10:53.147  2845 10124 I chatty  : uid=1000(system) Binder:2845_14 expire 1 line
06-18 22:11:11.436  2845  5978 I chatty  : uid=1000(system) Binder:2845_E expire 6 lines
06-18 22:11:56.354  2845  9572 I chatty  : uid=1000(system) Binder:2845_13 expire 4 lines
06-18 22:13:05.055  2845  4441 I chatty  : uid=1000(system) Binder:2845_9 expire 1 line
06-18 22:13:26.681  2845  4401 I chatty  : uid=1000(system) Binder:2845_8 expire 4 lines
06-18 22:14:58.881  2845  3501 I chatty  : uid=1000(system) Binder:2845_3 expire 8 lines
06-18 22:17:04.117  2845  2845 I chatty  : uid=1000 system_server expire 187 lines
06-18 22:17:59.879  2845  2950 I chatty  : uid=1000(system) FileObserver expire 9 lines
06-18 22:17:59.886  2845  3883 I chatty  : uid=1000(system) Binder:2845_5 expire 8 lines
06-18 22:19:30.408  2845  4452 I chatty  : uid=1000(system) Binder:2845_A expire 4 lines
06-18 22:21:00.934  2845 29212 I chatty  : uid=1000(system) Binder:2845_15 expire 4 lines
06-18 22:21:22.241  2845  4464 I chatty  : uid=1000(system) Binder:2845_B expire 1 line
06-18 22:21:24.112  2845  2867 I chatty  : uid=1000(system) Binder:2845_1 expire 2 lines
06-18 22:21:24.131  2845  3385 I chatty  : uid=1000(system) NetworkStats expire 1 line
06-18 22:21:26.042  2845  2880 I chatty  : uid=1000(system) ActivityManager expire 5 lines
06-18 22:21:26.410  2845 21385 I chatty  : uid=1000(system) Binder:2845_16 expire 1 line
06-18 22:21:26.418  2845 29698 I chatty  : uid=1000(system) Binder:2845_1B expire 1 line
06-18 22:21:48.644  2845 13922 I chatty  : uid=1000(system) Binder:2845_1A expire 1 line
06-18 22:22:31.454  2845 21596 I chatty  : uid=1000(system) Binder:2845_19 expire 4 lines
06-18 22:24:01.963  2845  4441 I chatty  : uid=1000(system) Binder:2845_9 expire 4 lines
06-18 22:25:32.559  2845  3956 I chatty  : uid=1000(system) Binder:2845_6 expire 4 lines
06-18 22:28:32.948  2845  5976 I chatty  : uid=1000(system) Binder:2845_C expire 5 lines
06-18 22:30:27.110  2845  2845 I chatty  : uid=1000 system_server expire 186 lines
06-18 22:31:17.645  2845  2880 I chatty  : uid=1000(system) ActivityManager expire 5 lines
06-18 22:31:17.655  2845  9572 I chatty  : uid=1000(system) Binder:2845_13 expire 1 line
06-18 22:31:17.659  2845  4452 I chatty  : uid=1000(system) Binder:2845_A expire 5 lines
06-18 22:31:17.661  2845 13922 I chatty  : uid=1000(system) Binder:2845_1A expire 1 line
06-18 22:31:17.669  2845  4398 I chatty  : uid=1000(system) Binder:2845_7 expire 2 lines
06-18 22:31:33.688  2845  2950 I chatty  : uid=1000(system) FileObserver expire 9 lines
06-18 22:31:33.694  2845  2867 I chatty  : uid=1000(system) Binder:2845_1 expire 9 lines
06-18 22:31:37.297  2845  2879 I chatty  : uid=1000(system) android.bg expire 1 line
06-18 22:33:04.197  2845  4441 I chatty  : uid=1000(system) Binder:2845_9 expire 4 lines
06-18 22:34:34.695  2845  6579 I chatty  : uid=1000(system) Binder:2845_10 expire 4 lines
06-18 22:36:05.302  2845  5978 I chatty  : uid=1000(system) Binder:2845_E expire 4 lines
06-18 22:36:31.105  2845  2884 I chatty  : uid=1000(system) batterystats-sy expire 1 line
06-18 22:37:35.909  2845  3956 I chatty  : uid=1000(system) Binder:2845_6 expire 4 lines
06-18 22:39:06.393  2845 29212 I chatty  : uid=1000(system) Binder:2845_15 expire 4 lines
06-18 22:43:37.937  2845 29698 I chatty  : uid=1000(system) Binder:2845_1B expire 4 lines
06-18 22:44:46.650  2845  2845 I chatty  : uid=1000 system_server expire 206 lines
06-18 22:45:07.474  2845  2950 I chatty  : uid=1000(system) FileObserver expire 7 lines
06-18 22:45:07.483  2845  5977 I chatty  : uid=1000(system) Binder:2845_D expire 5 lines
06-18 22:46:37.981  2845 13489 I chatty  : uid=1000(system) Binder:2845_12 expire 4 lines
06-18 22:48:08.484  2845 29699 I chatty  : uid=1000(system) Binder:2845_1C expire 4 lines
06-18 22:49:39.001  2845  2868 I chatty  : uid=1000(system) Binder:2845_2 expire 4 lines
06-18 22:51:09.503  2845  6592 I chatty  : uid=1000(system) Binder:2845_11 expire 4 lines
06-18 22:52:39.998  2845  6579 I chatty  : uid=1000(system) Binder:2845_10 expire 5 lines
06-18 22:52:40.036  2845  3883 I chatty  : uid=1000(system) Binder:2845_5 expire 1 line
06-18 22:52:40.045  2845  3394 I chatty  : uid=1000(system) ConnectivitySer expire 1 line
06-18 22:54:10.508  2845  4401 I chatty  : uid=1000(system) Binder:2845_8 expire 4 lines
06-18 22:55:38.061  2845  2845 I chatty  : uid=1000 system_server expire 189 lines
06-18 22:55:42.127  2845  2950 I chatty  : uid=1000(system) FileObserver expire 10 lines
06-18 22:55:42.136  2845 29698 I chatty  : uid=1000(system) Binder:2845_1B expire 4 lines
06-18 22:57:12.726  2845  5977 I chatty  : uid=1000(system) Binder:2845_D expire 4 lines
06-18 22:58:43.220  2845  3525 I chatty  : uid=1000(system) Binder:2845_4 expire 4 lines
06-18 22:58:43.233  2845  2880 I chatty  : uid=1000(system) ActivityManager expire 4 lines
06-18 23:00:13.666  2845 29699 I chatty  : uid=1000(system) Binder:2845_1C expire 4 lines
06-18 23:01:44.110  2845  5976 I chatty  : uid=1000(system) Binder:2845_C expire 4 lines
06-18 23:03:14.597  2845 21595 I chatty  : uid=1000(system) Binder:2845_18 expire 4 lines
06-18 23:04:45.097  2845  2867 I chatty  : uid=1000(system) Binder:2845_1 expire 4 lines
06-18 23:06:11.961  2845  2879 I chatty  : uid=1000(system) android.bg expire 1 line
06-18 23:06:15.728  2845  3501 I chatty  : uid=1000(system) Binder:2845_3 expire 4 lines
06-18 23:06:31.446  2845  2884 I chatty  : uid=1000(system) batterystats-sy expire 1 line
06-18 23:07:46.232  2845  6592 I chatty  : uid=1000(system) Binder:2845_11 expire 4 lines
06-18 23:09:16.679  2845  4441 I chatty  : uid=1000(system) Binder:2845_9 expire 4 lines
06-18 23:09:32.542  2845  2845 I chatty  : uid=1000 system_server expire 201 lines
06-18 23:10:47.191  2845  2950 I chatty  : uid=1000(system) FileObserver expire 8 lines
06-18 23:10:47.197  2845  5978 I chatty  : uid=1000(system) Binder:2845_E expire 4 lines
06-18 23:12:17.717  2845 29698 I chatty  : uid=1000(system) Binder:2845_1B expire 4 lines
06-18 23:13:48.216  2845  3956 I chatty  : uid=1000(system) Binder:2845_6 expire 4 lines
06-18 23:15:18.657  2845 13489 I chatty  : uid=1000(system) Binder:2845_12 expire 4 lines
06-18 23:16:49.834  2845  9572 I chatty  : uid=1000(system) Binder:2845_13 expire 4 lines
06-18 23:18:20.390  2845  3525 I chatty  : uid=1000(system) Binder:2845_4 expire 4 lines
06-18 23:19:50.895  2845 13922 I chatty  : uid=1000(system) Binder:2845_1A expire 4 lines
06-18 23:21:21.397  2845  4464 I chatty  : uid=1000(system) Binder:2845_B expire 4 lines
06-18 23:21:22.431  2845 21385 I chatty  : uid=1000(system) Binder:2845_16 expire 1 line
06-18 23:21:46.134  2845  4401 I chatty  : uid=1000(system) Binder:2845_8 expire 1 line
06-18 23:21:46.166  2845  6592 I chatty  : uid=1000(system) Binder:2845_11 expire 5 lines
06-18 23:22:07.872  2845  2845 I chatty  : uid=1000 system_server expire 199 lines
06-18 23:22:51.909  2845  2950 I chatty  : uid=1000(system) FileObserver expire 9 lines
06-18 23:22:51.916  2845  4398 I chatty  : uid=1000(system) Binder:2845_7 expire 4 lines
06-18 23:24:22.435  2845 29698 I chatty  : uid=1000(system) Binder:2845_1B expire 4 lines
06-18 23:25:52.938  2845  5977 I chatty  : uid=1000(system) Binder:2845_D expire 4 lines
06-18 23:27:23.551  2845  2867 I chatty  : uid=1000(system) Binder:2845_1 expire 4 lines
06-18 23:28:54.002  2845  2880 I chatty  : uid=1000(system) ActivityManager expire 4 lines
06-18 23:30:23.573  2845 13489 I chatty  : uid=1000(system) Binder:2845_12 expire 4 lines
06-18 23:31:54.088  2845  4441 I chatty  : uid=1000(system) Binder:2845_9 expire 4 lines
06-18 23:33:24.569  2845 29699 I chatty  : uid=1000(system) Binder:2845_1C expire 4 lines
06-18 23:34:55.081  2845  6579 I chatty  : uid=1000(system) Binder:2845_10 expire 5 lines
06-18 23:35:03.203  2845  2845 I chatty  : uid=1000 system_server expire 193 lines
06-18 23:36:25.513  2845  2950 I chatty  : uid=1000(system) FileObserver expire 9 lines
06-18 23:36:25.519  2845  4452 I chatty  : uid=1000(system) Binder:2845_A expire 4 lines
06-18 23:36:31.261  2845  2884 I chatty  : uid=1000(system) batterystats-sy expire 1 line
06-18 23:37:55.961  2845  4398 I chatty  : uid=1000(system) Binder:2845_7 expire 4 lines
06-18 23:39:26.468  2845  4401 I chatty  : uid=1000(system) Binder:2845_8 expire 4 lines
06-18 23:40:56.905  2845  4464 I chatty  : uid=1000(system) Binder:2845_B expire 4 lines
06-18 23:41:21.708  2845  2879 I chatty  : uid=1000(system) android.bg expire 1 line
06-18 23:42:27.406  2845  6576 I chatty  : uid=1000(system) Binder:2845_F expire 4 lines
06-18 23:43:57.945  2845 21595 I chatty  : uid=1000(system) Binder:2845_18 expire 7 lines
06-18 23:45:28.666  2845 21385 I chatty  : uid=1000(system) Binder:2845_16 expire 4 lines
06-18 23:46:14.092  2845  2867 I chatty  : uid=1000(system) Binder:2845_1 expire 1 line
06-18 23:46:51.865  2845  5976 I chatty  : uid=1000(system) Binder:2845_C expire 1 line
06-18 23:46:59.228  2845 13922 I chatty  : uid=1000(system) Binder:2845_1A expire 4 lines
06-18 23:48:29.685  2845 21595 I chatty  : uid=1000(system) Binder:2845_18 expire 1 line
06-18 23:48:37.702  2845  2845 I chatty  : uid=1000 system_server expire 200 lines
06-18 23:50:00.162  2845  2950 I chatty  : uid=1000(system) FileObserver expire 8 lines
06-18 23:50:00.169  2845  3525 I chatty  : uid=1000(system) Binder:2845_4 expire 4 lines
06-18 23:51:30.689  2845  2868 I chatty  : uid=1000(system) Binder:2845_2 expire 8 lines
06-18 23:53:01.186  2845 29698 I chatty  : uid=1000(system) Binder:2845_1B expire 4 lines
06-18 23:54:31.687  2845  5977 I chatty  : uid=1000(system) Binder:2845_D expire 4 lines
06-18 23:56:02.186  2845  6592 I chatty  : uid=1000(system) Binder:2845_11 expire 4 lines
06-18 23:58:56.011  2845  2880 I chatty  : uid=1000(system) ActivityManager expire 4 lines
06-18 23:59:03.674  2845  2867 I chatty  : uid=1000(system) Binder:2845_1 expire 4 lines
