06-18 09:46:01.577  3859  3859 D MccTable: WIFI_COUNTRY_CODE set to us
06-18 09:46:01.577  2845  4464 I chatty  : uid=1000(system) Binder:2845_B expire 10 lines
06-18 09:46:01.889  2845  5978 I chatty  : uid=1000(system) Binder:2845_E expire 3 lines
06-18 09:46:02.069  2845 13489 I chatty  : uid=1000(system) Binder:2845_12 expire 2 lines
06-18 09:46:02.129  2845  2867 I chatty  : uid=1000(system) Binder:2845_1 expire 7 lines
06-18 09:47:08.238  2845  3394 I chatty  : uid=1000(system) ConnectivitySer expire 12 lines
06-18 09:47:09.067  3859  3859 D MccTable: updateMccMncConfiguration mccmnc='311480' fromServiceState=true
06-18 09:47:09.070  3859  3859 D MccTable: updateMccMncConfiguration defaultMccMnc=311480
06-18 09:47:09.070  3859  3859 D MccTable: updateMccMncConfiguration: mcc=311, mnc=480
06-18 09:47:09.071  3859  3859 D MccTable: WIFI_COUNTRY_CODE set to us
06-18 09:47:09.071  2845 10124 I chatty  : uid=1000(system) Binder:2845_14 expire 8 lines
06-18 09:47:09.918  2845  5977 I chatty  : uid=1000(system) Binder:2845_D expire 1 line
06-18 09:47:13.515  2845  6576 I chatty  : uid=1000(system) Binder:2845_F expire 10 lines
06-18 09:48:36.378  2845  2879 I chatty  : uid=1000(system) android.bg expire 2 lines
06-18 09:48:43.982  2845  9572 I chatty  : uid=1000(system) Binder:2845_13 expire 11 lines
06-18 09:48:47.326  2845  4401 I chatty  : uid=1000(system) Binder:2845_8 expire 7 lines
06-18 09:50:12.167  4410  4410 W ContextImpl: Calling a method in the system process without a qualified user: android.app.ContextImpl.sendBroadcast:877 android.content.ContextWrapper.sendBroadcast:421 com.cyanogenmod.settings.device.DozePulseAction.action:48 com.cyanogenmod.settings.device.GlanceSensor$1.onTrigger:65 android.hardware.SystemSensorManager$TriggerEventQueue.dispatchSensorEvent:801 
06-18 09:50:12.250  2845  2971 I chatty  : uid=1000(system) PowerManagerSer expire 10 lines
06-18 09:50:12.253  2845  2965 I chatty  : uid=1000(system) android.display expire 10 lines
06-18 09:51:45.198  2845 21596 I chatty  : uid=1000(system) Binder:2845_19 expire 9 lines
06-18 09:52:46.151  4410  4410 W ContextImpl: Calling a method in the system process without a qualified user: android.app.ContextImpl.sendBroadcast:877 android.content.ContextWrapper.sendBroadcast:421 com.cyanogenmod.settings.device.DozePulseAction.action:48 com.cyanogenmod.settings.device.GlanceSensor$1.onTrigger:65 android.hardware.SystemSensorManager$TriggerEventQueue.dispatchSensorEvent:801 
06-18 09:52:53.444  2845  2880 I chatty  : uid=1000(system) ActivityManager expire 5 lines
06-18 09:53:18.238  4410  4410 W ContextImpl: Calling a method in the system process without a qualified user: android.app.ContextImpl.sendBroadcast:877 android.content.ContextWrapper.sendBroadcast:421 com.cyanogenmod.settings.device.DozePulseAction.action:48 com.cyanogenmod.settings.device.GlanceSensor$1.onTrigger:65 android.hardware.SystemSensorManager$TriggerEventQueue.dispatchSensorEvent:801 
06-18 09:53:32.281  4410  4410 W ContextImpl: Calling a method in the system process without a qualified user: android.app.ContextImpl.sendBroadcast:877 android.content.ContextWrapper.sendBroadcast:421 com.cyanogenmod.settings.device.DozePulseAction.action:48 com.cyanogenmod.settings.device.GlanceSensor$1.onTrigger:65 android.hardware.SystemSensorManager$TriggerEventQueue.dispatchSensorEvent:801 
06-18 09:53:41.306  4410  4410 W ContextImpl: Calling a method in the system process without a qualified user: android.app.ContextImpl.sendBroadcast:877 android.content.ContextWrapper.sendBroadcast:421 com.cyanogenmod.settings.device.DozePulseAction.action:48 com.cyanogenmod.settings.device.GlanceSensor$1.onTrigger:65 android.hardware.SystemSensorManager$TriggerEventQueue.dispatchSensorEvent:801 
06-18 09:54:46.609  2845  3883 I chatty  : uid=1000(system) Binder:2845_5 expire 7 lines
06-18 09:54:53.499  4410  4410 W ContextImpl: Calling a method in the system process without a qualified user: android.app.ContextImpl.sendBroadcast:877 android.content.ContextWrapper.sendBroadcast:421 com.cyanogenmod.settings.device.DozePulseAction.action:48 com.cyanogenmod.settings.device.GlanceSensor$1.onTrigger:65 android.hardware.SystemSensorManager$TriggerEventQueue.dispatchSensorEvent:801 
06-18 09:54:53.515  2845  2971 I chatty  : uid=1000(system) PowerManagerSer expire 9 lines
06-18 09:54:53.517  2845  2965 I chatty  : uid=1000(system) android.display expire 3 lines
06-18 09:54:57.782  2845  3380 I chatty  : uid=1000(system) InputReader expire 2 lines
06-18 09:54:57.850  2845  2962 I chatty  : uid=1000(system) android.fg expire 2 lines
06-18 09:54:59.999  2845 29212 I chatty  : uid=1000(system) Binder:2845_15 expire 19 lines
06-18 09:55:15.428  2845  2881 I chatty  : uid=1000(system) android.ui expire 2 lines
06-18 09:58:14.649  3859  3859 D MccTable: updateMccMncConfiguration mccmnc='00000' fromServiceState=true
06-18 09:58:14.651  3859  3859 D MccTable: updateMccMncConfiguration defaultMccMnc=311480
06-18 09:58:14.651  3859  3859 D MccTable: updateMccMncConfiguration: mcc=0, mnc=0
06-18 09:58:14.651  3859  3859 D MccTable: WIFI_COUNTRY_CODE set to 
06-18 09:58:14.652  2845  4452 I chatty  : uid=1000(system) Binder:2845_A expire 1 line
06-18 09:58:14.857  2845 21595 I chatty  : uid=1000(system) Binder:2845_18 expire 6 lines
06-18 09:58:36.747  2845  3394 I chatty  : uid=1000(system) ConnectivitySer expire 12 lines
06-18 09:58:36.955  2845 21385 I chatty  : uid=1000(system) Binder:2845_16 expire 2 lines
06-18 10:03:42.504  2845  2868 I chatty  : uid=1000(system) Binder:2845_2 expire 13 lines
06-18 10:03:42.535  2845  6579 I chatty  : uid=1000(system) Binder:2845_10 expire 2 lines
06-18 10:03:42.538  2845  3501 I chatty  : uid=1000(system) Binder:2845_3 expire 6 lines
06-18 10:03:42.541  2845  6592 I chatty  : uid=1000(system) Binder:2845_11 expire 2 lines
06-18 10:06:16.316  2845  2884 I chatty  : uid=1000(system) batterystats-sy expire 1 line
06-18 10:14:33.685  2845  4441 I chatty  : uid=1000(system) Binder:2845_9 expire 4 lines
06-18 10:21:26.690  2845  3385 I chatty  : uid=1000(system) NetworkStats expire 1 line
06-18 10:25:07.220  2845  2867 I chatty  : uid=1000(system) Binder:2845_1 expire 6 lines
06-18 10:27:12.057  2845  2950 I chatty  : uid=1000(system) FileObserver expire 48 lines
06-18 10:27:12.063  2845  5976 I chatty  : uid=1000(system) Binder:2845_C expire 16 lines
06-18 10:27:12.081  2845  2880 I chatty  : uid=1000(system) ActivityManager expire 4 lines
06-18 10:27:39.588  2845  3394 I chatty  : uid=1000(system) ConnectivitySer expire 7 lines
06-18 10:28:42.573  2845 29212 I chatty  : uid=1000(system) Binder:2845_15 expire 16 lines
06-18 10:30:13.322  2845  4452 I chatty  : uid=1000(system) Binder:2845_A expire 8 lines
06-18 10:31:53.094  2845  3501 I chatty  : uid=1000(system) Binder:2845_3 expire 8 lines
06-18 10:33:23.926  2845  5978 I chatty  : uid=1000(system) Binder:2845_E expire 8 lines
06-18 10:35:21.439  2845  4401 I chatty  : uid=1000(system) Binder:2845_8 expire 8 lines
06-18 10:39:02.454  2845  4464 I chatty  : uid=1000(system) Binder:2845_B expire 12 lines
06-18 10:40:38.001  2845 13489 I chatty  : uid=1000(system) Binder:2845_12 expire 4 lines
06-18 10:40:52.415  2845  2884 I chatty  : uid=1000(system) batterystats-sy expire 2 lines
06-18 10:42:08.696  2845  6579 I chatty  : uid=1000(system) Binder:2845_10 expire 16 lines
06-18 10:46:49.935  2845  3883 I chatty  : uid=1000(system) Binder:2845_5 expire 4 lines
06-18 10:50:24.671  2845 21596 I chatty  : uid=1000(system) Binder:2845_19 expire 8 lines
06-18 10:51:59.939  2845  9572 I chatty  : uid=1000(system) Binder:2845_13 expire 4 lines
06-18 10:53:52.933  2845  3525 I chatty  : uid=1000(system) Binder:2845_4 expire 16 lines
06-18 10:56:07.919  2845  4398 I chatty  : uid=1000(system) Binder:2845_7 expire 4 lines
06-18 10:58:11.863  2845  5977 I chatty  : uid=1000(system) Binder:2845_D expire 8 lines
06-18 11:01:58.851  2845 10124 I chatty  : uid=1000(system) Binder:2845_14 expire 8 lines
06-18 11:06:36.792  2845  6576 I chatty  : uid=1000(system) Binder:2845_F expire 20 lines
06-18 11:12:15.950  2845 21595 I chatty  : uid=1000(system) Binder:2845_18 expire 4 lines
06-18 11:24:42.655  2845  2879 I chatty  : uid=1000(system) android.bg expire 1 line
06-18 11:29:12.049  2845  2868 I chatty  : uid=1000(system) Binder:2845_2 expire 4 lines
06-18 11:32:13.756  2845 21385 I chatty  : uid=1000(system) Binder:2845_16 expire 8 lines
06-18 11:51:44.479  2845 21594 I chatty  : uid=1000(system) Binder:2845_17 expire 13 lines
06-18 11:53:47.747  2845  2884 I chatty  : uid=1000(system) batterystats-sy expire 3 lines
06-18 11:54:00.000  2845  2950 I chatty  : uid=1000(system) FileObserver expire 30 lines
06-18 11:54:00.007  2845  4452 I chatty  : uid=1000(system) Binder:2845_A expire 12 lines
06-18 11:55:11.185  2845  2845 I chatty  : uid=1000 system_server expire 4 lines
06-18 11:55:53.072  2845  3501 I chatty  : uid=1000(system) Binder:2845_3 expire 9 lines
06-18 11:57:31.618  2845  3956 I chatty  : uid=1000(system) Binder:2845_6 expire 5 lines
06-18 11:59:02.150  2845  4441 I chatty  : uid=1000(system) Binder:2845_9 expire 9 lines
06-18 12:01:00.094  2845  2867 I chatty  : uid=1000(system) Binder:2845_1 expire 10 lines
06-18 12:02:58.272  2845 21595 I chatty  : uid=1000(system) Binder:2845_18 expire 9 lines
06-18 12:04:00.073  2845  3394 I chatty  : uid=1000(system) ConnectivitySer expire 12 lines
06-18 12:04:28.918  2845 21596 I chatty  : uid=1000(system) Binder:2845_19 expire 6 lines
06-18 12:06:08.408  2845  5976 I chatty  : uid=1000(system) Binder:2845_C expire 5 lines
06-18 12:07:38.966  2845  4398 I chatty  : uid=1000(system) Binder:2845_7 expire 9 lines
06-18 12:11:00.753  2845  2868 I chatty  : uid=1000(system) Binder:2845_2 expire 8 lines
06-18 12:12:35.953  2845  9572 I chatty  : uid=1000(system) Binder:2845_13 expire 10 lines
06-18 12:14:04.229  2845  2880 I chatty  : uid=1000(system) ActivityManager expire 8 lines
06-18 12:14:04.240  2845  2879 I chatty  : uid=1000(system) android.bg expire 4 lines
06-18 12:15:41.919  2845  6592 I chatty  : uid=1000(system) Binder:2845_11 expire 5 lines
06-18 12:17:21.719  2845  6579 I chatty  : uid=1000(system) Binder:2845_10 expire 8 lines
06-18 12:19:31.954  2845  4401 I chatty  : uid=1000(system) Binder:2845_8 expire 6 lines
06-18 12:21:02.588  2845  3525 I chatty  : uid=1000(system) Binder:2845_4 expire 5 lines
06-18 12:22:33.066  2845  5977 I chatty  : uid=1000(system) Binder:2845_D expire 6 lines
06-18 12:28:25.926  2845 21385 I chatty  : uid=1000(system) Binder:2845_16 expire 7 lines
06-18 12:35:06.036  2845  3883 I chatty  : uid=1000(system) Binder:2845_5 expire 5 lines
06-18 12:42:48.599  2845 13489 I chatty  : uid=1000(system) Binder:2845_12 expire 8 lines
06-18 12:45:59.428  2845  6576 I chatty  : uid=1000(system) Binder:2845_F expire 3 lines
06-18 12:45:59.439  2845  3390 I chatty  : uid=1000(system) WifiStateMachin expire 1 line
06-18 12:45:59.506  2845 10124 I chatty  : uid=1000(system) Binder:2845_14 expire 1 line
06-18 12:45:59.771  4410  4410 W ContextImpl: Calling a method in the system process without a qualified user: android.app.ContextImpl.sendBroadcast:877 android.content.ContextWrapper.sendBroadcast:421 com.cyanogenmod.settings.device.DozePulseAction.action:48 com.cyanogenmod.settings.device.GlanceSensor$1.onTrigger:65 android.hardware.SystemSensorManager$TriggerEventQueue.dispatchSensorEvent:801 
06-18 12:45:59.783  2845  2971 I chatty  : uid=1000(system) PowerManagerSer expire 8 lines
06-18 12:45:59.785  2845  2965 I chatty  : uid=1000(system) android.display expire 2 lines
06-18 12:46:00.436  2845  3394 I chatty  : uid=1000(system) ConnectivitySer expire 7 lines
06-18 12:46:00.551  2845  3380 I chatty  : uid=1000(system) InputReader expire 1 line
06-18 12:46:00.600  2845  2962 I chatty  : uid=1000(system) android.fg expire 1 line
06-18 12:46:00.659  3859  3859 D MccTable: updateMccMncConfiguration mccmnc='311480' fromServiceState=true
06-18 12:46:00.659  3859  3859 D MccTable: updateMccMncConfiguration defaultMccMnc=311480
06-18 12:46:00.659  3859  3859 D MccTable: updateMccMncConfiguration: mcc=311, mnc=480
06-18 12:46:00.659  3859  3859 D MccTable: WIFI_COUNTRY_CODE set to us
06-18 12:46:00.660  2845  4452 I chatty  : uid=1000(system) Binder:2845_A expire 1 line
06-18 12:46:03.191   424   429 D VoldCryptCmdListener: cryptfs getpwtype
06-18 12:46:03.195  2845  3383 I chatty  : uid=1000(system) CryptdConnector expire 3 lines
06-18 12:46:07.203  2845  2950 I chatty  : uid=1000(system) FileObserver expire 1 line
06-18 12:46:07.989   424   429 D VoldCryptCmdListener: cryptfs getpwtype
06-18 12:46:08.290  2845  9572 I chatty  : uid=1000(system) Binder:2845_13 expire 1 line
06-18 12:46:08.291   424   429 D VoldCryptCmdListener: cryptfs getpwtype
06-18 12:46:10.549  2845 21594 I chatty  : uid=1000(system) Binder:2845_17 expire 3 lines
06-18 12:46:23.994  2845  2971 I chatty  : uid=1000(system) PowerManagerSer expire 23 lines
06-18 12:46:31.579  2845 21385 I chatty  : uid=1000(system) Binder:2845_16 expire 7 lines
06-18 12:46:31.580   424   429 D VoldCryptCmdListener: cryptfs getpwtype
06-18 12:46:31.591  2845  3383 I chatty  : uid=1000(system) CryptdConnector expire 3 lines
06-18 12:46:31.899  2845  3525 I chatty  : uid=1000(system) Binder:2845_4 expire 2 lines
06-18 12:46:31.933  2845  4464 I chatty  : uid=1000(system) Binder:2845_B expire 10 lines
06-18 12:46:32.668  2845  4401 I chatty  : uid=1000(system) Binder:2845_8 expire 5 lines
06-18 12:46:34.601   424   429 D VoldCryptCmdListener: cryptfs getpwtype
06-18 12:46:34.895  2845  2868 I chatty  : uid=1000(system) Binder:2845_2 expire 12 lines
06-18 12:46:34.896   424   429 D VoldCryptCmdListener: cryptfs getpwtype
06-18 12:47:37.838  2845  2950 I chatty  : uid=1000(system) FileObserver expire 12 lines
06-18 12:47:37.844  2845  3883 I chatty  : uid=1000(system) Binder:2845_5 expire 6 lines
06-18 12:47:53.869  3859  3859 D MccTable: updateMccMncConfiguration mccmnc='00000' fromServiceState=true
06-18 12:47:53.870  3859  3859 D MccTable: updateMccMncConfiguration defaultMccMnc=311480
06-18 12:47:53.870  3859  3859 D MccTable: updateMccMncConfiguration: mcc=0, mnc=0
06-18 12:47:53.870  3859  3859 D MccTable: WIFI_COUNTRY_CODE set to 
06-18 12:47:54.010  2845  4452 I chatty  : uid=1000(system) Binder:2845_A expire 12 lines
06-18 12:47:54.056  2845 21595 I chatty  : uid=1000(system) Binder:2845_18 expire 9 lines
06-18 12:47:54.098  2845  3501 I chatty  : uid=1000(system) Binder:2845_3 expire 8 lines
06-18 12:48:32.297  3859  3859 D MccTable: updateMccMncConfiguration mccmnc='31000' fromServiceState=true
06-18 12:48:32.298  3859  3859 D MccTable: updateMccMncConfiguration defaultMccMnc=311480
06-18 12:48:32.298  3859  3859 D MccTable: updateMccMncConfiguration: mcc=310, mnc=0
06-18 12:48:32.298  3859  3859 D MccTable: WIFI_COUNTRY_CODE set to us
06-18 12:48:32.298  2845  6592 I chatty  : uid=1000(system) Binder:2845_11 expire 4 lines
06-18 12:48:32.388  2845 10124 I chatty  : uid=1000(system) Binder:2845_14 expire 15 lines
06-18 12:48:33.710  3859  3859 D MccTable: updateMccMncConfiguration mccmnc='311480' fromServiceState=true
06-18 12:48:33.711  3859  3859 D MccTable: updateMccMncConfiguration defaultMccMnc=311480
06-18 12:48:33.711  3859  3859 D MccTable: updateMccMncConfiguration: mcc=311, mnc=480
06-18 12:48:33.711  3859  3859 D MccTable: WIFI_COUNTRY_CODE set to us
06-18 12:48:55.303  2845  2880 I chatty  : uid=1000(system) ActivityManager expire 8 lines
06-18 12:49:08.367  2845  9572 I chatty  : uid=1000(system) Binder:2845_13 expire 4 lines
06-18 12:51:54.199  2845  2867 I chatty  : uid=1000(system) Binder:2845_1 expire 1 line
06-18 12:53:39.955  2845  6576 I chatty  : uid=1000(system) Binder:2845_F expire 20 lines
06-18 12:56:35.160  2845  2965 I chatty  : uid=1000(system) android.display expire 5 lines
06-18 12:56:35.361  2845  2962 I chatty  : uid=1000(system) android.fg expire 3 lines
06-18 12:56:35.636  2845  2881 I chatty  : uid=1000(system) android.ui expire 2 lines
06-18 12:58:13.205  2845  6579 I chatty  : uid=1000(system) Binder:2845_10 expire 9 lines
06-18 13:00:37.016  2845  2884 I chatty  : uid=1000(system) batterystats-sy expire 2 lines
06-18 13:03:02.357  2845  3956 I chatty  : uid=1000(system) Binder:2845_6 expire 1 line
06-18 13:04:33.047  4410  4410 W ContextImpl: Calling a method in the system process without a qualified user: android.app.ContextImpl.sendBroadcast:877 android.content.ContextWrapper.sendBroadcast:421 com.cyanogenmod.settings.device.DozePulseAction.action:48 com.cyanogenmod.settings.device.GlanceSensor$1.onTrigger:65 android.hardware.SystemSensorManager$TriggerEventQueue.dispatchSensorEvent:801 
06-18 13:04:34.353  2845  3380 I chatty  : uid=1000(system) InputReader expire 2 lines
06-18 13:04:34.615  2845 29212 I chatty  : uid=1000(system) Binder:2845_15 expire 1 line
06-18 13:04:38.361  2845  4398 I chatty  : uid=1000(system) Binder:2845_7 expire 1 line
06-18 13:05:46.193  2845  2950 I chatty  : uid=1000(system) FileObserver expire 11 lines
06-18 13:06:01.624  2845  2879 I chatty  : uid=1000(system) android.bg expire 1 line
06-18 13:12:09.026  2845  2845 I chatty  : uid=1000 system_server expire 3 lines
06-18 13:15:23.287  2845  2868 I chatty  : uid=1000(system) Binder:2845_2 expire 2 lines
06-18 13:16:18.888  2845  5976 I chatty  : uid=1000(system) Binder:2845_C expire 10 lines
06-18 13:16:18.919  2845  5978 I chatty  : uid=1000(system) Binder:2845_E expire 2 lines
06-18 13:16:18.924  2845  5977 I chatty  : uid=1000(system) Binder:2845_D expire 1 line
06-18 13:16:18.928  2845  4441 I chatty  : uid=1000(system) Binder:2845_9 expire 1 line
06-18 13:16:18.943  2845 21596 I chatty  : uid=1000(system) Binder:2845_19 expire 2 lines
06-18 13:18:06.647  4410  4410 W ContextImpl: Calling a method in the system process without a qualified user: android.app.ContextImpl.sendBroadcast:877 android.content.ContextWrapper.sendBroadcast:421 com.cyanogenmod.settings.device.DozePulseAction.action:48 com.cyanogenmod.settings.device.ProximitySensor.onSensorChanged:68 android.hardware.SystemSensorManager$SensorEventQueue.dispatchSensorEvent:711 
06-18 13:18:06.662  2845  2971 I chatty  : uid=1000(system) PowerManagerSer expire 2 lines
06-18 13:21:23.697  2845  3385 I chatty  : uid=1000(system) NetworkStats expire 1 line
06-18 13:21:23.821  2845 10124 I chatty  : uid=1000(system) Binder:2845_14 expire 1 line
06-18 13:21:56.101  2845  3394 I chatty  : uid=1000(system) ConnectivitySer expire 11 lines
06-18 13:21:57.114  2845 13489 I chatty  : uid=1000(system) Binder:2845_12 expire 1 line
06-18 13:21:57.116  2845  5976 I chatty  : uid=1000(system) Binder:2845_C expire 1 line
06-18 13:21:59.684  2845  3390 I chatty  : uid=1000(system) WifiStateMachin expire 1 line
06-18 13:22:00.570  2845  4464 I chatty  : uid=1000(system) Binder:2845_B expire 1 line
06-18 13:22:00.588  2845  2868 I chatty  : uid=1000(system) Binder:2845_2 expire 1 line
06-18 13:22:00.804  2845  3394 I chatty  : uid=1000(system) ConnectivitySer expire 13 lines
06-18 13:22:01.845  2845  2884 I chatty  : uid=1000(system) batterystats-sy expire 3 lines
06-18 13:22:22.790  2845  2950 I chatty  : uid=1000(system) FileObserver expire 40 lines
06-18 13:22:22.796  2845 21595 I chatty  : uid=1000(system) Binder:2845_18 expire 8 lines
06-18 13:23:54.152  2845 10124 I chatty  : uid=1000(system) Binder:2845_14 expire 8 lines
06-18 13:25:24.901  2845  3883 I chatty  : uid=1000(system) Binder:2845_5 expire 5 lines
06-18 13:26:55.753  2845 29212 I chatty  : uid=1000(system) Binder:2845_15 expire 12 lines
06-18 13:28:26.415  2845  4452 I chatty  : uid=1000(system) Binder:2845_A expire 8 lines
06-18 13:31:27.773  2845  2867 I chatty  : uid=1000(system) Binder:2845_1 expire 12 lines
06-18 13:32:10.024  2845  2845 I chatty  : uid=1000 system_server expire 9 lines
06-18 13:32:57.160  2845  3501 I chatty  : uid=1000(system) Binder:2845_3 expire 20 lines
06-18 13:34:29.083  2845  4401 I chatty  : uid=1000(system) Binder:2845_8 expire 8 lines
06-18 13:35:26.951  2845  2880 I chatty  : uid=1000(system) ActivityManager expire 6 lines
06-18 13:35:27.010  2845  6592 I chatty  : uid=1000(system) Binder:2845_11 expire 13 lines
06-18 13:35:27.010  2845  5976 I chatty  : uid=1000(system) Binder:2845_C expire 9 lines
06-18 13:35:27.010  2845 21385 I chatty  : uid=1000(system) Binder:2845_16 expire 10 lines
06-18 13:39:01.220  2845 21594 I chatty  : uid=1000(system) Binder:2845_17 expire 4 lines
06-18 13:43:34.161  2845  5977 I chatty  : uid=1000(system) Binder:2845_D expire 8 lines
06-18 13:45:01.318  2845  2879 I chatty  : uid=1000(system) android.bg expire 4 lines
06-18 13:45:05.148  2845 21596 I chatty  : uid=1000(system) Binder:2845_19 expire 12 lines
06-18 13:51:13.491  2845  3385 I chatty  : uid=1000(system) NetworkStats expire 1 line
06-18 13:51:13.778  2845  3525 I chatty  : uid=1000(system) Binder:2845_4 expire 1 line
06-18 13:52:37.309  2845  6579 I chatty  : uid=1000(system) Binder:2845_10 expire 4 lines
06-18 13:55:19.079  2845  9572 I chatty  : uid=1000(system) Binder:2845_13 expire 1 line
06-18 13:57:08.853  2845  4441 I chatty  : uid=1000(system) Binder:2845_9 expire 4 lines
06-18 14:12:13.427  2845  6576 I chatty  : uid=1000(system) Binder:2845_F expire 8 lines
06-18 14:15:16.160  2845  4398 I chatty  : uid=1000(system) Binder:2845_7 expire 4 lines
06-18 14:16:47.159  2845 13489 I chatty  : uid=1000(system) Binder:2845_12 expire 8 lines
06-18 14:21:19.096  2845 21385 I chatty  : uid=1000(system) Binder:2845_16 expire 9 lines
06-18 14:22:49.774  2845  2950 I chatty  : uid=1000(system) FileObserver expire 23 lines
06-18 14:22:49.781  2845  4464 I chatty  : uid=1000(system) Binder:2845_B expire 10 lines
06-18 14:24:20.383  2845  5976 I chatty  : uid=1000(system) Binder:2845_C expire 12 lines
06-18 14:27:21.781  2845  2868 I chatty  : uid=1000(system) Binder:2845_2 expire 10 lines
06-18 14:28:52.337  2845  3956 I chatty  : uid=1000(system) Binder:2845_6 expire 12 lines
06-18 14:29:35.805  2845  3380 I chatty  : uid=1000(system) InputReader expire 4 lines
06-18 14:29:35.825  4410  4410 W ContextImpl: Calling a method in the system process without a qualified user: android.app.ContextImpl.sendBroadcast:877 android.content.ContextWrapper.sendBroadcast:421 com.cyanogenmod.settings.device.DozePulseAction.action:48 com.cyanogenmod.settings.device.GlanceSensor$1.onTrigger:65 android.hardware.SystemSensorManager$TriggerEventQueue.dispatchSensorEvent:801 
06-18 14:29:35.846  2845  2971 I chatty  : uid=1000(system) PowerManagerSer expire 16 lines
06-18 14:29:35.849  2845  2965 I chatty  : uid=1000(system) android.display expire 4 lines
06-18 14:29:35.918  2845  9572 I chatty  : uid=1000(system) Binder:2845_13 expire 9 lines
06-18 14:29:35.919  2845  2962 I chatty  : uid=1000(system) android.fg expire 4 lines
06-18 14:29:38.483  2845  2881 I chatty  : uid=1000(system) android.ui expire 3 lines
06-18 14:29:52.018  2845  4441 I chatty  : uid=1000(system) Binder:2845_9 expire 5 lines
06-18 14:30:23.040  2845 21596 I chatty  : uid=1000(system) Binder:2845_19 expire 9 lines
06-18 14:30:41.479  2845  2884 I chatty  : uid=1000(system) batterystats-sy expire 3 lines
06-18 14:32:12.032  2845  2845 I chatty  : uid=1000 system_server expire 5 lines
06-18 14:33:23.304  2845  6579 I chatty  : uid=1000(system) Binder:2845_10 expire 5 lines
06-18 14:34:39.492  2845  6576 I chatty  : uid=1000(system) Binder:2845_F expire 1 line
06-18 14:34:54.203  2845  4398 I chatty  : uid=1000(system) Binder:2845_7 expire 8 lines
06-18 14:34:54.839  2845  2879 I chatty  : uid=1000(system) android.bg expire 4 lines
06-18 14:36:16.269  2845  3394 I chatty  : uid=1000(system) ConnectivitySer expire 4 lines
06-18 14:36:25.215  2845 21595 I chatty  : uid=1000(system) Binder:2845_18 expire 5 lines
06-18 14:37:56.212  2845 10124 I chatty  : uid=1000(system) Binder:2845_14 expire 5 lines
06-18 14:39:27.208  2845  5977 I chatty  : uid=1000(system) Binder:2845_D expire 8 lines
06-18 14:40:57.736  2845  4401 I chatty  : uid=1000(system) Binder:2845_8 expire 4 lines
06-18 14:45:29.829  2845  3501 I chatty  : uid=1000(system) Binder:2845_3 expire 4 lines
06-18 14:48:31.444  2845  4452 I chatty  : uid=1000(system) Binder:2845_A expire 8 lines
06-18 14:50:02.096  2845  2880 I chatty  : uid=1000(system) ActivityManager expire 5 lines
06-18 14:56:05.597  2845  3883 I chatty  : uid=1000(system) Binder:2845_5 expire 8 lines
06-18 14:57:18.120  2845 21594 I chatty  : uid=1000(system) Binder:2845_17 expire 2 lines
06-18 14:57:18.192  2845  3525 I chatty  : uid=1000(system) Binder:2845_4 expire 1 line
06-18 14:57:21.679  2845  6592 I chatty  : uid=1000(system) Binder:2845_11 expire 2 lines
06-18 14:57:26.267  2845 29212 I chatty  : uid=1000(system) Binder:2845_15 expire 7 lines
06-18 14:57:31.194  2845  5978 I chatty  : uid=1000(system) Binder:2845_E expire 1 line
06-18 14:57:33.143  4410  4410 W ContextImpl: Calling a method in the system process without a qualified user: android.app.ContextImpl.sendBroadcast:877 android.content.ContextWrapper.sendBroadcast:421 com.cyanogenmod.settings.device.DozePulseAction.action:48 com.cyanogenmod.settings.device.ProximitySensor.onSensorChanged:68 android.hardware.SystemSensorManager$SensorEventQueue.dispatchSensorEvent:711 
06-18 14:57:36.243  2845  2950 I chatty  : uid=1000(system) FileObserver expire 6 lines
06-18 14:58:03.567  3859  3859 D MccTable: updateMccMncConfiguration mccmnc='00000' fromServiceState=true
06-18 14:58:03.569  3859  3859 D MccTable: updateMccMncConfiguration defaultMccMnc=311480
06-18 14:58:03.569  3859  3859 D MccTable: updateMccMncConfiguration: mcc=0, mnc=0
06-18 14:58:03.569  3859  3859 D MccTable: WIFI_COUNTRY_CODE set to 
06-18 14:58:25.712  2845  3956 I chatty  : uid=1000(system) Binder:2845_6 expire 3 lines
06-18 15:11:08.548  4410  4410 W ContextImpl: Calling a method in the system process without a qualified user: android.app.ContextImpl.sendBroadcast:877 android.content.ContextWrapper.sendBroadcast:421 com.cyanogenmod.settings.device.DozePulseAction.action:48 com.cyanogenmod.settings.device.ProximitySensor.onSensorChanged:68 android.hardware.SystemSensorManager$SensorEventQueue.dispatchSensorEvent:711 
06-18 15:11:08.561  2845  2971 I chatty  : uid=1000(system) PowerManagerSer expire 13 lines
06-18 15:11:08.563  2845  2965 I chatty  : uid=1000(system) android.display expire 3 lines
06-18 15:11:09.158  2845  3380 I chatty  : uid=1000(system) InputReader expire 2 lines
06-18 15:11:09.218  2845  4398 I chatty  : uid=1000(system) Binder:2845_7 expire 4 lines
06-18 15:11:09.221  2845  2962 I chatty  : uid=1000(system) android.fg expire 2 lines
06-18 15:11:11.411  2845  9572 I chatty  : uid=1000(system) Binder:2845_13 expire 7 lines
06-18 15:11:11.674  2845  2880 I chatty  : uid=1000(system) ActivityManager expire 7 lines
06-18 15:11:11.733  2845 10124 I chatty  : uid=1000(system) Binder:2845_14 expire 2 lines
06-18 15:11:12.115  2845  5976 I chatty  : uid=1000(system) Binder:2845_C expire 8 lines
06-18 15:11:19.335  2845 21385 I chatty  : uid=1000(system) Binder:2845_16 expire 2 lines
06-18 15:11:25.127  3859  3859 D MccTable: updateMccMncConfiguration mccmnc='31000' fromServiceState=true
06-18 15:11:25.128  3859  3859 D MccTable: updateMccMncConfiguration defaultMccMnc=311480
06-18 15:11:25.128  3859  3859 D MccTable: updateMccMncConfiguration: mcc=310, mnc=0
06-18 15:11:25.128  3859  3859 D MccTable: WIFI_COUNTRY_CODE set to us
06-18 15:11:25.170  2845  5977 I chatty  : uid=1000(system) Binder:2845_D expire 3 lines
06-18 15:11:25.204  2845  3525 I chatty  : uid=1000(system) Binder:2845_4 expire 2 lines
06-18 15:11:25.240  2845  6576 I chatty  : uid=1000(system) Binder:2845_F expire 11 lines
06-18 15:11:27.124  3859  3859 D MccTable: updateMccMncConfiguration mccmnc='311480' fromServiceState=true
06-18 15:11:27.125  3859  3859 D MccTable: updateMccMncConfiguration defaultMccMnc=311480
06-18 15:11:27.125  3859  3859 D MccTable: updateMccMncConfiguration: mcc=311, mnc=480
06-18 15:11:27.125  3859  3859 D MccTable: WIFI_COUNTRY_CODE set to us
06-18 15:11:27.781  2845  3394 I chatty  : uid=1000(system) ConnectivitySer expire 11 lines
06-18 15:11:28.943  2845  4452 I chatty  : uid=1000(system) Binder:2845_A expire 10 lines
06-18 15:11:28.944  2845  5978 I chatty  : uid=1000(system) Binder:2845_E expire 3 lines
06-18 15:11:28.944  2845  2868 I chatty  : uid=1000(system) Binder:2845_2 expire 5 lines
06-18 15:11:28.945  2845 29212 I chatty  : uid=1000(system) Binder:2845_15 expire 8 lines
06-18 15:11:31.663  2845  2879 I chatty  : uid=1000(system) android.bg expire 5 lines
06-18 15:11:44.188  2845  2950 I chatty  : uid=1000(system) FileObserver expire 10 lines
06-18 15:11:50.651  2845  2881 I chatty  : uid=1000(system) android.ui expire 1 line
06-18 15:13:14.641  2845  6579 I chatty  : uid=1000(system) Binder:2845_10 expire 5 lines
06-18 15:16:17.196  2845  4464 I chatty  : uid=1000(system) Binder:2845_B expire 4 lines
06-18 15:19:21.995  3859  3859 D MccTable: updateMccMncConfiguration mccmnc='31000' fromServiceState=true
06-18 15:19:21.996  3859  3859 D MccTable: updateMccMncConfiguration defaultMccMnc=311480
06-18 15:19:21.996  3859  3859 D MccTable: updateMccMncConfiguration: mcc=310, mnc=0
06-18 15:19:21.996  3859  3859 D MccTable: WIFI_COUNTRY_CODE set to us
06-18 15:19:44.072  2845  3394 I chatty  : uid=1000(system) ConnectivitySer expire 25 lines
06-18 15:19:44.098  2845 21596 I chatty  : uid=1000(system) Binder:2845_19 expire 2 lines
06-18 15:19:44.099  2845 13489 I chatty  : uid=1000(system) Binder:2845_12 expire 1 line
06-18 15:19:50.007  2845  2845 I chatty  : uid=1000 system_server expire 42 lines
06-18 15:20:49.950  2845  4401 I chatty  : uid=1000(system) Binder:2845_8 expire 4 lines
06-18 15:21:19.595  2845  3385 I chatty  : uid=1000(system) NetworkStats expire 1 line
06-18 15:21:34.294  3859  3859 D MccTable: updateMccMncConfiguration mccmnc='311480' fromServiceState=true
06-18 15:21:34.295  3859  3859 D MccTable: updateMccMncConfiguration defaultMccMnc=311480
06-18 15:21:34.295  3859  3859 D MccTable: updateMccMncConfiguration: mcc=311, mnc=480
06-18 15:21:34.295  3859  3859 D MccTable: WIFI_COUNTRY_CODE set to us
06-18 15:21:34.296  2845  3883 I chatty  : uid=1000(system) Binder:2845_5 expire 1 line
06-18 15:21:35.243  2845  2867 I chatty  : uid=1000(system) Binder:2845_1 expire 1 line
06-18 15:21:35.243  2845  3394 I chatty  : uid=1000(system) ConnectivitySer expire 10 lines
06-18 15:22:20.568  2845 21595 I chatty  : uid=1000(system) Binder:2845_18 expire 4 lines
06-18 15:24:58.242  3859  3859 D MccTable: updateMccMncConfiguration mccmnc='31000' fromServiceState=true
06-18 15:24:58.243  3859  3859 D MccTable: updateMccMncConfiguration defaultMccMnc=311480
06-18 15:24:58.243  3859  3859 D MccTable: updateMccMncConfiguration: mcc=310, mnc=0
06-18 15:24:58.243  3859  3859 D MccTable: WIFI_COUNTRY_CODE set to us
06-18 15:25:02.341  3859  3859 D MccTable: updateMccMncConfiguration mccmnc='00000' fromServiceState=true
06-18 15:25:02.346  3859  3859 D MccTable: updateMccMncConfiguration defaultMccMnc=311480
06-18 15:25:02.346  3859  3859 D MccTable: updateMccMncConfiguration: mcc=0, mnc=0
06-18 15:25:02.346  3859  3859 D MccTable: WIFI_COUNTRY_CODE set to 
06-18 15:25:18.886  3859  3859 D MccTable: updateMccMncConfiguration mccmnc='31000' fromServiceState=true
06-18 15:25:18.887  3859  3859 D MccTable: updateMccMncConfiguration defaultMccMnc=311480
06-18 15:25:18.887  3859  3859 D MccTable: updateMccMncConfiguration: mcc=310, mnc=0
06-18 15:25:18.888  3859  3859 D MccTable: WIFI_COUNTRY_CODE set to us
06-18 15:25:22.273  2845  2845 I chatty  : uid=1000 system_server expire 6 lines
06-18 15:25:23.328  2845  6592 I chatty  : uid=1000(system) Binder:2845_11 expire 3 lines
06-18 15:25:25.318  2845  3394 I chatty  : uid=1000(system) ConnectivitySer expire 21 lines
06-18 15:25:25.495  2845  2845 I chatty  : uid=1000 system_server expire 6 lines
06-18 15:25:48.370  2845  4464 I chatty  : uid=1000(system) Binder:2845_B expire 3 lines
06-18 15:26:52.965  2845  4401 I chatty  : uid=1000(system) Binder:2845_8 expire 7 lines
06-18 15:26:54.124  3859  3859 D MccTable: updateMccMncConfiguration mccmnc='311480' fromServiceState=true
06-18 15:26:54.124  3859  3859 D MccTable: updateMccMncConfiguration defaultMccMnc=311480
06-18 15:26:54.124  3859  3859 D MccTable: updateMccMncConfiguration: mcc=311, mnc=480
06-18 15:26:54.124  3859  3859 D MccTable: WIFI_COUNTRY_CODE set to us
06-18 15:26:54.124  2845  6576 I chatty  : uid=1000(system) Binder:2845_F expire 1 line
06-18 15:26:54.254  2845  2950 I chatty  : uid=1000(system) FileObserver expire 16 lines
06-18 15:26:54.261  2845  3883 I chatty  : uid=1000(system) Binder:2845_5 expire 4 lines
06-18 15:26:54.473  2845  2880 I chatty  : uid=1000(system) ActivityManager expire 8 lines
06-18 15:26:55.106  2845  3394 I chatty  : uid=1000(system) ConnectivitySer expire 19 lines
06-18 15:28:24.803  2845  4452 I chatty  : uid=1000(system) Binder:2845_A expire 5 lines
06-18 15:31:29.766  2845 21596 I chatty  : uid=1000(system) Binder:2845_19 expire 4 lines
06-18 15:33:03.764  2845  3956 I chatty  : uid=1000(system) Binder:2845_6 expire 12 lines
06-18 15:34:34.783  2845 21385 I chatty  : uid=1000(system) Binder:2845_16 expire 5 lines
06-18 15:34:41.176  2845  3390 I chatty  : uid=1000(system) WifiStateMachin expire 2 lines
06-18 15:34:43.047  2845  2884 I chatty  : uid=1000(system) batterystats-sy expire 8 lines
06-18 15:35:15.763  2845  5978 I chatty  : uid=1000(system) Binder:2845_E expire 2 lines
06-18 15:35:16.830  4186  4245 E ActivityThread: Failed to find provider info for com.facebook.katana.provider.AttributionIdProvider
06-18 15:36:05.619  2845  3501 I chatty  : uid=1000(system) Binder:2845_3 expire 5 lines
06-18 15:37:36.122  2845  9572 I chatty  : uid=1000(system) Binder:2845_13 expire 12 lines
06-18 15:39:06.574  2845  3525 I chatty  : uid=1000(system) Binder:2845_4 expire 4 lines
06-18 15:40:37.095  2845  4441 I chatty  : uid=1000(system) Binder:2845_9 expire 8 lines
06-18 15:43:38.132  2845  6579 I chatty  : uid=1000(system) Binder:2845_10 expire 4 lines
06-18 15:49:49.408  4410  4410 W ContextImpl: Calling a method in the system process without a qualified user: android.app.ContextImpl.sendBroadcast:877 android.content.ContextWrapper.sendBroadcast:421 com.cyanogenmod.settings.device.DozePulseAction.action:48 com.cyanogenmod.settings.device.GlanceSensor$1.onTrigger:65 android.hardware.SystemSensorManager$TriggerEventQueue.dispatchSensorEvent:801 
06-18 15:49:49.420  2845  2971 I chatty  : uid=1000(system) PowerManagerSer expire 35 lines
06-18 15:49:49.422  2845  2965 I chatty  : uid=1000(system) android.display expire 4 lines
06-18 15:49:50.560  2845 21595 I chatty  : uid=1000(system) Binder:2845_18 expire 1 line
06-18 15:49:50.560  2845  2962 I chatty  : uid=1000(system) android.fg expire 3 lines
06-18 15:50:01.492  2845  2881 I chatty  : uid=1000(system) android.ui expire 1 line
06-18 15:50:13.141  2845  3394 I chatty  : uid=1000(system) ConnectivitySer expire 25 lines
06-18 15:50:13.161  2845  2868 I chatty  : uid=1000(system) Binder:2845_2 expire 3 lines
06-18 15:50:14.638  2845 10124 I chatty  : uid=1000(system) Binder:2845_14 expire 1 line
06-18 15:50:18.201  2845  3380 I chatty  : uid=1000(system) InputReader expire 1 line
06-18 15:50:21.423  2845  5977 I chatty  : uid=1000(system) Binder:2845_D expire 3 lines
06-18 15:51:10.682  2845  2950 I chatty  : uid=1000(system) FileObserver expire 10 lines
06-18 15:51:10.690  2845  3525 I chatty  : uid=1000(system) Binder:2845_4 expire 5 lines
06-18 15:51:31.056  2845  4441 I chatty  : uid=1000(system) Binder:2845_9 expire 1 line
06-18 15:51:31.057  2845  3394 I chatty  : uid=1000(system) ConnectivitySer expire 34 lines
06-18 15:51:31.057  2845  2880 I chatty  : uid=1000(system) ActivityManager expire 11 lines
06-18 15:51:31.068  2845  3956 I chatty  : uid=1000(system) Binder:2845_6 expire 3 lines
06-18 15:51:31.198  2845  2884 I chatty  : uid=1000(system) batterystats-sy expire 3 lines
06-18 15:51:31.958  2845 21594 I chatty  : uid=1000(system) Binder:2845_17 expire 7 lines
06-18 15:51:32.236  2845  3390 I chatty  : uid=1000(system) WifiStateMachin expire 1 line
06-18 15:52:41.185  2845  3883 I chatty  : uid=1000(system) Binder:2845_5 expire 5 lines
06-18 15:53:06.858  2845  2879 I chatty  : uid=1000(system) android.bg expire 5 lines
06-18 15:54:11.639  2845  4398 I chatty  : uid=1000(system) Binder:2845_7 expire 6 lines
06-18 15:55:42.143  2845 29212 I chatty  : uid=1000(system) Binder:2845_15 expire 7 lines
06-18 15:55:51.389  2845  2971 I chatty  : uid=1000(system) PowerManagerSer expire 11 lines
06-18 15:57:12.663  2845 10124 I chatty  : uid=1000(system) Binder:2845_14 expire 4 lines
06-18 15:58:43.116  2845  6579 I chatty  : uid=1000(system) Binder:2845_10 expire 6 lines
06-18 16:00:13.567  2845 13489 I chatty  : uid=1000(system) Binder:2845_12 expire 5 lines
06-18 16:01:00.240  2845  2965 I chatty  : uid=1000(system) android.display expire 2 lines
06-18 16:01:00.433  2845  2962 I chatty  : uid=1000(system) android.fg expire 2 lines
06-18 16:01:00.667  2845  2881 I chatty  : uid=1000(system) android.ui expire 2 lines
06-18 16:01:44.096  2845 21385 I chatty  : uid=1000(system) Binder:2845_16 expire 5 lines
06-18 16:04:45.126  2845  6592 I chatty  : uid=1000(system) Binder:2845_11 expire 7 lines
06-18 16:05:07.957  2845  3380 I chatty  : uid=1000(system) InputReader expire 1 line
06-18 16:05:08.050  4410  4410 W ContextImpl: Calling a method in the system process without a qualified user: android.app.ContextImpl.sendBroadcast:877 android.content.ContextWrapper.sendBroadcast:421 com.cyanogenmod.settings.device.DozePulseAction.action:48 com.cyanogenmod.settings.device.ProximitySensor.onSensorChanged:68 android.hardware.SystemSensorManager$SensorEventQueue.dispatchSensorEvent:711 
06-18 16:05:13.918  2845  5976 I chatty  : uid=1000(system) Binder:2845_C expire 3 lines
06-18 16:05:14.032  2845  4464 I chatty  : uid=1000(system) Binder:2845_B expire 2 lines
06-18 16:05:15.069  2845  2868 I chatty  : uid=1000(system) Binder:2845_2 expire 2 lines
06-18 16:05:15.251  2845  2994 I chatty  : uid=1000(system) PackageManager expire 35 lines
06-18 16:05:15.397  2845 21596 I chatty  : uid=1000(system) Binder:2845_19 expire 1 line
06-18 16:05:15.532  2845  2845 I chatty  : uid=1000 system_server expire 5 lines
06-18 16:05:15.552  2845  3501 I chatty  : uid=1000(system) Binder:2845_3 expire 4 lines
06-18 16:05:15.616  6484  6484 W ContextImpl: Calling a method in the system process without a qualified user: android.app.ContextImpl.startService:1357 android.content.ContextWrapper.startService:613 android.content.ContextWrapper.startService:613 com.android.keychain.KeyChainBroadcastReceiver.onReceive:12 android.app.ActivityThread.handleReceiver:3065 
06-18 16:05:15.843  2845  2867 I chatty  : uid=1000(system) Binder:2845_1 expire 1 line
06-18 16:05:16.095  2845  5978 I chatty  : uid=1000(system) Binder:2845_E expire 3 lines
06-18 16:05:17.043  2845  6576 I chatty  : uid=1000(system) Binder:2845_F expire 3 lines
06-18 16:05:17.268  5207  5207 E ActivityThread: Service com.android.email.service.EmailBroadcastProcessorService has leaked ServiceConnection com.android.emailcommon.service.ServiceProxy$ProxyConnection@801e503 that was originally bound here
06-18 16:05:17.268  5207  5207 E ActivityThread: android.app.ServiceConnectionLeaked: Service com.android.email.service.EmailBroadcastProcessorService has leaked ServiceConnection com.android.emailcommon.service.ServiceProxy$ProxyConnection@801e503 that was originally bound here
06-18 16:05:17.268  5207  5207 E ActivityThread: 	at android.app.LoadedApk$ServiceDispatcher.<init>(LoadedApk.java:1336)
06-18 16:05:17.268  5207  5207 E ActivityThread: 	at android.app.LoadedApk.getServiceDispatcher(LoadedApk.java:1231)
06-18 16:05:17.268  5207  5207 E ActivityThread: 	at android.app.ContextImpl.bindServiceCommon(ContextImpl.java:1450)
06-18 16:05:17.268  5207  5207 E ActivityThread: 	at android.app.ContextImpl.bindService(ContextImpl.java:1422)
06-18 16:05:17.268  5207  5207 E ActivityThread: 	at android.content.ContextWrapper.bindService(ContextWrapper.java:636)
06-18 16:05:17.268  5207  5207 E ActivityThread: 	at com.android.emailcommon.service.ServiceProxy.setTask(ServiceProxy.java:238)
06-18 16:05:17.268  5207  5207 E ActivityThread: 	at com.android.emailcommon.service.ServiceProxy.test(ServiceProxy.java:283)
06-18 16:05:17.268  5207  5207 E ActivityThread: 	at com.android.email.service.EmailServiceUtils.isServiceAvailable(EmailServiceUtils.java:160)
06-18 16:05:17.268  5207  5207 E ActivityThread: 	at com.android.email.provider.AccountReconciler.reconcileAccountsInternal(AccountReconciler.java:171)
06-18 16:05:17.268  5207  5207 E ActivityThread: 	at com.android.email.provider.AccountReconciler.reconcileAccounts(AccountReconciler.java:115)
06-18 16:05:17.268  5207  5207 E ActivityThread: 	at com.android.email.service.EmailBroadcastProcessorService.reconcileAndStartServices(EmailBroadcastProcessorService.java:309)
06-18 16:05:17.268  5207  5207 E ActivityThread: 	at com.android.email.service.EmailBroadcastProcessorService.onSystemAccountChanged(EmailBroadcastProcessorService.java:373)
06-18 16:05:17.268  5207  5207 E ActivityThread: 	at com.android.email.service.EmailBroadcastProcessorService.onHandleIntent(EmailBroadcastProcessorService.java:132)
06-18 16:05:17.268  5207  5207 E ActivityThread: 	at android.app.IntentService$ServiceHandler.handleMessage(IntentService.java:68)
06-18 16:05:17.268  5207  5207 E ActivityThread: 	at android.os.Handler.dispatchMessage(Handler.java:102)
06-18 16:05:17.268  5207  5207 E ActivityThread: 	at android.os.Looper.loop(Looper.java:154)
06-18 16:05:17.268  5207  5207 E ActivityThread: 	at android.os.HandlerThread.run(HandlerThread.java:61)
06-18 16:05:20.780  2845  2971 I chatty  : uid=1000(system) PowerManagerSer expire 10 lines
06-18 16:05:36.362  2845  2880 I chatty  : uid=1000(system) ActivityManager expire 7 lines
06-18 16:05:36.385  2845  9572 I chatty  : uid=1000(system) Binder:2845_13 expire 2 lines
06-18 16:05:36.388  2845  3394 I chatty  : uid=1000(system) ConnectivitySer expire 2 lines
06-18 16:05:36.669  6484  6484 W ContextImpl: Calling a method in the system process without a qualified user: android.app.ContextImpl.startService:1357 android.content.ContextWrapper.startService:613 android.content.ContextWrapper.startService:613 com.android.keychain.KeyChainBroadcastReceiver.onReceive:12 android.app.ActivityThread.handleReceiver:3065 
06-18 16:05:37.258  2845  4452 I chatty  : uid=1000(system) Binder:2845_A expire 3 lines
06-18 16:05:37.437  2845  2994 I chatty  : uid=1000(system) PackageManager expire 4 lines
06-18 16:05:48.184  2845 21595 I chatty  : uid=1000(system) Binder:2845_18 expire 1 line
06-18 16:05:55.605  2845  4401 I chatty  : uid=1000(system) Binder:2845_8 expire 7 lines
06-18 16:06:11.316  2845  2845 I chatty  : uid=1000 system_server expire 17 lines
06-18 16:06:11.333  2845 21596 I chatty  : uid=1000(system) Binder:2845_19 expire 1 line
06-18 16:06:14.161  2845  6576 I chatty  : uid=1000(system) Binder:2845_F expire 5 lines
06-18 16:06:14.172  2845  4398 I chatty  : uid=1000(system) Binder:2845_7 expire 4 lines
06-18 16:06:15.619  2845  2950 I chatty  : uid=1000(system) FileObserver expire 4 lines
06-18 16:06:15.626  2845 13489 I chatty  : uid=1000(system) Binder:2845_12 expire 6 lines
06-18 16:06:59.423  2845  2879 I chatty  : uid=1000(system) android.bg expire 11 lines
06-18 16:07:46.220  2845  2867 I chatty  : uid=1000(system) Binder:2845_1 expire 5 lines
06-18 16:09:27.301  2845  2994 I chatty  : uid=1000(system) PackageManager expire 16 lines
06-18 16:09:29.827  2845  2966 I chatty  : uid=1000(system) CpuTracker expire 1 line
06-18 16:09:31.374  2845  3525 I chatty  : uid=1000(system) Binder:2845_4 expire 3 lines
06-18 16:09:33.799  2845  4452 I chatty  : uid=1000(system) Binder:2845_A expire 1 line
06-18 16:09:34.128  2845  3382 I chatty  : uid=1000(system) VoldConnector expire 1 line
06-18 16:09:40.571  2845 21595 I chatty  : uid=1000(system) Binder:2845_18 expire 1 line
06-18 16:09:43.344  5207  5207 E ActivityThread: Service com.android.email.service.EmailBroadcastProcessorService has leaked ServiceConnection com.android.emailcommon.service.ServiceProxy$ProxyConnection@4932a57 that was originally bound here
06-18 16:09:43.344  5207  5207 E ActivityThread: android.app.ServiceConnectionLeaked: Service com.android.email.service.EmailBroadcastProcessorService has leaked ServiceConnection com.android.emailcommon.service.ServiceProxy$ProxyConnection@4932a57 that was originally bound here
06-18 16:09:43.344  5207  5207 E ActivityThread: 	at android.app.LoadedApk$ServiceDispatcher.<init>(LoadedApk.java:1336)
06-18 16:09:43.344  5207  5207 E ActivityThread: 	at android.app.LoadedApk.getServiceDispatcher(LoadedApk.java:1231)
06-18 16:09:43.344  5207  5207 E ActivityThread: 	at android.app.ContextImpl.bindServiceCommon(ContextImpl.java:1450)
06-18 16:09:43.344  5207  5207 E ActivityThread: 	at android.app.ContextImpl.bindService(ContextImpl.java:1422)
06-18 16:09:43.344  5207  5207 E ActivityThread: 	at android.content.ContextWrapper.bindService(ContextWrapper.java:636)
06-18 16:09:43.344  5207  5207 E ActivityThread: 	at com.android.emailcommon.service.ServiceProxy.setTask(ServiceProxy.java:238)
06-18 16:09:43.344  5207  5207 E ActivityThread: 	at com.android.emailcommon.service.ServiceProxy.test(ServiceProxy.java:283)
06-18 16:09:43.344  5207  5207 E ActivityThread: 	at com.android.email.service.EmailServiceUtils.isServiceAvailable(EmailServiceUtils.java:160)
06-18 16:09:43.344  5207  5207 E ActivityThread: 	at com.android.email.provider.AccountReconciler.reconcileAccountsInternal(AccountReconciler.java:171)
06-18 16:09:43.344  5207  5207 E ActivityThread: 	at com.android.email.provider.AccountReconciler.reconcileAccounts(AccountReconciler.java:115)
06-18 16:09:43.344  5207  5207 E ActivityThread: 	at com.android.email.service.EmailBroadcastProcessorService.reconcileAndStartServices(EmailBroadcastProcessorService.java:309)
06-18 16:09:43.344  5207  5207 E ActivityThread: 	at com.android.email.service.EmailBroadcastProcessorService.onSystemAccountChanged(EmailBroadcastProcessorService.java:373)
06-18 16:09:43.344  5207  5207 E ActivityThread: 	at com.android.email.service.EmailBroadcastProcessorService.onHandleIntent(EmailBroadcastProcessorService.java:132)
06-18 16:09:43.344  5207  5207 E ActivityThread: 	at android.app.IntentService$ServiceHandler.handleMessage(IntentService.java:68)
06-18 16:09:43.344  5207  5207 E ActivityThread: 	at android.os.Handler.dispatchMessage(Handler.java:102)
06-18 16:09:43.344  5207  5207 E ActivityThread: 	at android.os.Looper.loop(Looper.java:154)
06-18 16:09:43.344  5207  5207 E ActivityThread: 	at android.os.HandlerThread.run(HandlerThread.java:61)
06-18 16:09:43.345  5207  5207 E ActivityThread: Service com.android.email.service.EmailBroadcastProcessorService has leaked ServiceConnection com.android.emailcommon.service.ServiceProxy$ProxyConnection@5cc7b98 that was originally bound here
06-18 16:09:43.345  5207  5207 E ActivityThread: android.app.ServiceConnectionLeaked: Service com.android.email.service.EmailBroadcastProcessorService has leaked ServiceConnection com.android.emailcommon.service.ServiceProxy$ProxyConnection@5cc7b98 that was originally bound here
06-18 16:09:43.345  5207  5207 E ActivityThread: 	at android.app.LoadedApk$ServiceDispatcher.<init>(LoadedApk.java:1336)
06-18 16:09:43.345  5207  5207 E ActivityThread: 	at android.app.LoadedApk.getServiceDispatcher(LoadedApk.java:1231)
06-18 16:09:43.345  5207  5207 E ActivityThread: 	at android.app.ContextImpl.bindServiceCommon(ContextImpl.java:1450)
06-18 16:09:43.345  5207  5207 E ActivityThread: 	at android.app.ContextImpl.bindService(ContextImpl.java:1422)
06-18 16:09:43.345  5207  5207 E ActivityThread: 	at android.content.ContextWrapper.bindService(ContextWrapper.java:636)
06-18 16:09:43.345  5207  5207 E ActivityThread: 	at com.android.emailcommon.service.ServiceProxy.setTask(ServiceProxy.java:238)
06-18 16:09:43.345  5207  5207 E ActivityThread: 	at com.android.emailcommon.service.ServiceProxy.test(ServiceProxy.java:283)
06-18 16:09:43.345  5207  5207 E ActivityThread: 	at com.android.email.service.EmailServiceUtils.isServiceAvailable(EmailServiceUtils.java:160)
06-18 16:09:43.345  5207  5207 E ActivityThread: 	at com.android.email.provider.AccountReconciler.reconcileAccountsInternal(AccountReconciler.java:171)
06-18 16:09:43.345  5207  5207 E ActivityThread: 	at com.android.email.provider.AccountReconciler.reconcileAccounts(AccountReconciler.java:115)
06-18 16:09:43.345  5207  5207 E ActivityThread: 	at com.android.email.service.EmailBroadcastProcessorService.reconcileAndStartServices(EmailBroadcastProcessorService.java:309)
06-18 16:09:43.345  5207  5207 E ActivityThread: 	at com.android.email.service.EmailBroadcastProcessorService.onSystemAccountChanged(EmailBroadcastProcessorService.java:373)
06-18 16:09:43.345  5207  5207 E ActivityThread: 	at com.android.email.service.EmailBroadcastProcessorService.onHandleIntent(EmailBroadcastProcessorService.java:132)
06-18 16:09:43.345  5207  5207 E ActivityThread: 	at android.app.IntentService$ServiceHandler.handleMessage(IntentService.java:68)
06-18 16:09:43.345  5207  5207 E ActivityThread: 	at android.os.Handler.dispatchMessage(Handler.java:102)
06-18 16:09:43.345  5207  5207 E ActivityThread: 	at android.os.Looper.loop(Looper.java:154)
06-18 16:09:43.345  5207  5207 E ActivityThread: 	at android.os.HandlerThread.run(HandlerThread.java:61)
06-18 16:09:44.324  2845  2880 I chatty  : uid=1000(system) ActivityManager expire 8 lines
06-18 16:09:46.027  2845  2971 I chatty  : uid=1000(system) PowerManagerSer expire 32 lines
