// Jest Snapshot v1, https://goo.gl/fbAQLP

exports[`render 1`] = `
<RCTScrollView>
  <View>
    <View
      style={
        Object {
          "backgroundColor": "#fff",
          "borderBottomWidth": 0.5,
          "borderColor": "#ccc",
          "borderLeftWidth": 0.5,
          "borderRadius": 2,
          "borderRightWidth": 0.5,
          "borderTopWidth": 0.5,
          "elevation": 3,
          "flexWrap": "nowrap",
          "marginBottom": 5,
          "marginLeft": 2,
          "marginRight": 2,
          "marginTop": 5,
          "shadowColor": "#000",
          "shadowOffset": Object {
            "height": 2,
            "width": 0,
          },
          "shadowOpacity": 0.1,
          "shadowRadius": 1.5,
        }
      }
    >
      <View
        header={true}
        style={
          Object {
            "alignItems": "center",
            "backgroundColor": "#fff",
            "borderBottomWidth": null,
            "borderRadius": 2,
            "flexDirection": "row",
            "paddingBottom": 15,
            "paddingLeft": 15,
            "paddingRight": 15,
            "paddingTop": 15,
          }
        }
      >
        <Text
          style={
            Object {
              "fontSize": 20,
            }
          }
        >
          Speed
        </Text>
      </View>
      <View
        cardBody={true}
        style={
          Array [
            Object {
              "alignItems": "center",
              "backgroundColor": "#fff",
              "borderRadius": 2,
              "flexDirection": "row",
              "paddingBottom": -5,
              "paddingLeft": -5,
              "paddingRight": -5,
              "paddingTop": -5,
            },
            Object {
              "marginLeft": 20,
              "marginRight": 20,
            },
          ]
        }
      >
        <View
          style={
            Object {
              "alignItems": "center",
              "flex": 1,
              "justifyContent": "center",
              "minHeight": 300,
            }
          }
        >
          <Text>
            Not enough data for speed chart.
          </Text>
        </View>
      </View>
    </View>
    <View
      style={
        Object {
          "backgroundColor": "#fff",
          "borderBottomWidth": 0.5,
          "borderColor": "#ccc",
          "borderLeftWidth": 0.5,
          "borderRadius": 2,
          "borderRightWidth": 0.5,
          "borderTopWidth": 0.5,
          "elevation": 3,
          "flexWrap": "nowrap",
          "marginBottom": 5,
          "marginLeft": 2,
          "marginRight": 2,
          "marginTop": 5,
          "shadowColor": "#000",
          "shadowOffset": Object {
            "height": 2,
            "width": 0,
          },
          "shadowOpacity": 0.1,
          "shadowRadius": 1.5,
        }
      }
    >
      <View
        header={true}
        style={
          Object {
            "alignItems": "center",
            "backgroundColor": "#fff",
            "borderBottomWidth": null,
            "borderRadius": 2,
            "flexDirection": "row",
            "paddingBottom": 15,
            "paddingLeft": 15,
            "paddingRight": 15,
            "paddingTop": 15,
          }
        }
      >
        <Text
          style={
            Object {
              "fontSize": 20,
            }
          }
        >
          Elevation Profile
        </Text>
      </View>
      <View
        cardBody={true}
        style={
          Array [
            Object {
              "alignItems": "center",
              "backgroundColor": "#fff",
              "borderRadius": 2,
              "flexDirection": "row",
              "paddingBottom": -5,
              "paddingLeft": -5,
              "paddingRight": -5,
              "paddingTop": -5,
            },
            Object {
              "marginLeft": 20,
              "marginRight": 20,
            },
          ]
        }
      >
        <View
          style={
            Object {
              "alignItems": "center",
              "flex": 1,
              "justifyContent": "center",
              "minHeight": 300,
            }
          }
        >
          <Text>
            Not enough data for elevation profile.
          </Text>
        </View>
      </View>
    </View>
    <View
      style={
        Object {
          "backgroundColor": "#fff",
          "borderBottomWidth": 0.5,
          "borderColor": "#ccc",
          "borderLeftWidth": 0.5,
          "borderRadius": 2,
          "borderRightWidth": 0.5,
          "borderTopWidth": 0.5,
          "elevation": 3,
          "flexWrap": "nowrap",
          "marginBottom": 5,
          "marginLeft": 2,
          "marginRight": 2,
          "marginTop": 5,
          "shadowColor": "#000",
          "shadowOffset": Object {
            "height": 2,
            "width": 0,
          },
          "shadowOpacity": 0.1,
          "shadowRadius": 1.5,
        }
      }
    >
      <View
        header={true}
        style={
          Object {
            "alignItems": "center",
            "backgroundColor": "#fff",
            "borderBottomWidth": null,
            "borderRadius": 2,
            "flexDirection": "row",
            "paddingBottom": 15,
            "paddingLeft": 15,
            "paddingRight": 15,
            "paddingTop": 15,
          }
        }
      >
        <Text
          style={
            Object {
              "fontSize": 20,
            }
          }
        >
          Elevation Gain
        </Text>
      </View>
      <View
        cardBody={true}
        style={
          Array [
            Object {
              "alignItems": "center",
              "backgroundColor": "#fff",
              "borderRadius": 2,
              "flexDirection": "row",
              "paddingBottom": -5,
              "paddingLeft": -5,
              "paddingRight": -5,
              "paddingTop": -5,
            },
            Object {
              "marginLeft": 20,
              "marginRight": 20,
            },
          ]
        }
      >
        <View
          style={
            Object {
              "alignItems": "center",
              "flex": 1,
              "justifyContent": "center",
              "minHeight": 300,
            }
          }
        >
          <Text>
            Not enough data for elevation gain chart.
          </Text>
        </View>
      </View>
    </View>
  </View>
</RCTScrollView>
`;
