// Jest Snapshot v1, https://goo.gl/fbAQLP

exports[`render 1`] = `
<View
  style={
    Object {
      "alignItems": "center",
      "flex": 1,
      "justifyContent": "center",
      "padding": 20,
    }
  }
>
  <Text
    style={
      Object {
        "textAlign": "center",
      }
    }
  >
    You have no atlas entries. To view another map while you're riding, save it to your Atlas from the 'Tools' menu on that ride.
  </Text>
</View>
`;
