// Jest Snapshot v1, https://goo.gl/fbAQLP

exports[`render 1`] = `
<View
  style={
    Object {
      "borderColor": "#5bc0eb",
      "borderWidth": 3,
    }
  }
>
  <View
    accessible={true}
    clickable={false}
    isTVSelectable={true}
    onClick={[Function]}
    onResponderGrant={[Function]}
    onResponderMove={[Function]}
    onResponderRelease={[Function]}
    onResponderTerminate={[Function]}
    onResponderTerminationRequest={[Function]}
    onStartShouldSetResponder={[Function]}
    style={
      Object {
        "alignItems": "center",
        "borderColor": "white",
        "borderRadius": 4,
        "borderWidth": 2,
        "height": 30,
        "justifyContent": "center",
        "opacity": 1,
        "width": 100,
      }
    }
  >
    <Text
      style={
        Object {
          "color": "white",
          "textAlign": "center",
        }
      }
    >
      Start Ride!
    </Text>
  </View>
</View>
`;
